<html>
<body>
<pre>
<h1>礦ision Build Log</h1>
<h2>Project:</h2>
C:\Users\Administrator\Desktop\BDRSBack\M058看门狗程序\Keil\YongMengOilSenser.uvproj
Project File Date:  08/30/2017

<h2>Output:</h2>
Build target 'YongMengOilSenserProgram'
assembling startup_M051Series.s...
compiling system_M051Series.c...
compiling adc.c...
compiling gpio.c...
compiling pwm.c...
compiling retarget.c...
compiling timer.c...
compiling uart.c...
compiling wdt.c...
compiling wwdt.c...
compiling sys.c...
compiling clk.c...
compiling acmp.c...
compiling main.c...
linking...
Program Size: Code=2988 RO-data=432 RW-data=24 ZI-data=1120  
FromELF: creating hex file...
User command #1: fromelf --bin ".\obj\YongMengOilSenser.axf" --output ".\obj\YongMengOilSenser.bin"
User command #2: fromelf --text -c ".\obj\YongMengOilSenser.axf" --output ".\obj\YongMengOilSenser.txt"
".\obj\YongMengOilSenser.axf" - 0 Error(s), 0 Warning(s).
Load "C:\\Users\\Administrator\\Desktop\\BDRSBack\\M058看门狗程序\\Keil\\obj\\YongMengOilSenser.AXF" 
Erase Done.
Programming Done.
Verify OK.
Application running...
Build target 'YongMengOilSenserProgram'
assembling startup_M051Series.s...
compiling system_M051Series.c...
compiling adc.c...
compiling gpio.c...
compiling pwm.c...
compiling retarget.c...
compiling timer.c...
compiling uart.c...
compiling wdt.c...
compiling wwdt.c...
compiling sys.c...
compiling clk.c...
compiling acmp.c...
compiling main.c...
linking...
Program Size: Code=3004 RO-data=432 RW-data=24 ZI-data=1120  
FromELF: creating hex file...
User command #1: fromelf --bin ".\obj\YongMengOilSenser.axf" --output ".\obj\YongMengOilSenser.bin"
User command #2: fromelf --text -c ".\obj\YongMengOilSenser.axf" --output ".\obj\YongMengOilSenser.txt"
".\obj\YongMengOilSenser.axf" - 0 Error(s), 0 Warning(s).
Load "C:\\Users\\Administrator\\Desktop\\BDRSBack\\M058看门狗程序\\Keil\\obj\\YongMengOilSenser.AXF" 
Erase Done.
Programming Done.
Verify OK.
Application running...
Build target 'YongMengOilSenserProgram'
assembling startup_M051Series.s...
compiling system_M051Series.c...
compiling adc.c...
compiling gpio.c...
compiling pwm.c...
compiling retarget.c...
compiling timer.c...
compiling uart.c...
compiling wdt.c...
compiling wwdt.c...
compiling sys.c...
compiling clk.c...
compiling acmp.c...
compiling main.c...
linking...
Program Size: Code=3004 RO-data=432 RW-data=24 ZI-data=1120  
FromELF: creating hex file...
User command #1: fromelf --bin ".\obj\YongMengOilSenser.axf" --output ".\obj\YongMengOilSenser.bin"
User command #2: fromelf --text -c ".\obj\YongMengOilSenser.axf" --output ".\obj\YongMengOilSenser.txt"
".\obj\YongMengOilSenser.axf" - 0 Error(s), 0 Warning(s).
Load "C:\\Users\\Administrator\\Desktop\\BDRSBack\\M058看门狗程序\\Keil\\obj\\YongMengOilSenser.AXF" 
Erase Done.
Programming Done.
Verify OK.
Application running...
Load "C:\\Users\\Administrator\\Desktop\\BDRSBack\\M058看门狗程序\\Keil\\obj\\YongMengOilSenser.AXF" 
Erase Done.
Programming Done.
Verify OK.
Application running...
Build target 'YongMengOilSenserProgram'
assembling startup_M051Series.s...
compiling system_M051Series.c...
compiling adc.c...
compiling gpio.c...
compiling pwm.c...
compiling retarget.c...
compiling timer.c...
compiling uart.c...
compiling wdt.c...
compiling wwdt.c...
compiling sys.c...
compiling clk.c...
compiling acmp.c...
compiling main.c...
linking...
Program Size: Code=3004 RO-data=432 RW-data=24 ZI-data=1120  
FromELF: creating hex file...
User command #1: fromelf --bin ".\obj\YongMengOilSenser.axf" --output ".\obj\YongMengOilSenser.bin"
User command #2: fromelf --text -c ".\obj\YongMengOilSenser.axf" --output ".\obj\YongMengOilSenser.txt"
".\obj\YongMengOilSenser.axf" - 0 Error(s), 0 Warning(s).
Load "C:\\Users\\Administrator\\Desktop\\BDRSBack\\M058看门狗程序\\Keil\\obj\\YongMengOilSenser.AXF" 
Erase Done.
Programming Done.
Verify OK.
Application running...
