<html>
<body>
<pre>
<h1>礦ision Build Log</h1>
<h2>Project:</h2>
C:\Users\Administrator\Desktop\BDRSBack\M058看门狗程序\Keil\YongMengOilSenser.uvproj
Project File Date:  08/30/2017

<h2>Output:</h2>
Build target 'YongMengOilSenserProgram'
assembling startup_M051Series.s...
compiling system_M051Series.c...
compiling adc.c...
compiling gpio.c...
compiling pwm.c...
compiling retarget.c...
compiling timer.c...
compiling uart.c...
compiling wdt.c...
compiling wwdt.c...
compiling sys.c...
compiling clk.c...
compiling acmp.c...
compiling main.c...
..\User\main.c(60): warning:  #1295-D: Deprecated declaration UART_SendMiYaoData - give arg types
..\User\main.c:   void UART_SendMiYaoData();
..\User\main.c:        ^
..\User\main.c(61): warning:  #1295-D: Deprecated declaration UART_SendData - give arg types
..\User\main.c:   void UART_SendData();
..\User\main.c:        ^
..\User\main.c: ..\User\main.c: 2 warnings, 0 errors
linking...
Program Size: Code=5248 RO-data=376 RW-data=1088 ZI-data=2656  
FromELF: creating hex file...
User command #1: fromelf --bin ".\obj\YongMengOilSenser.axf" --output ".\obj\YongMengOilSenser.bin"
User command #2: fromelf --text -c ".\obj\YongMengOilSenser.axf" --output ".\obj\YongMengOilSenser.txt"
".\obj\YongMengOilSenser.axf" - 0 Error(s), 2 Warning(s).
Load "C:\\Users\\Administrator\\Desktop\\BDRSBack\\M058看门狗程序\\Keil\\obj\\YongMengOilSenser.AXF" 
Erase Done.
Programming Done.
Verify OK.
Application running...
Load "C:\\Users\\Administrator\\Desktop\\BDRSBack\\M058看门狗程序\\Keil\\obj\\YongMengOilSenser.AXF" 
Erase Done.
Programming Done.
Verify OK.
Application running...
Build target 'YongMengOilSenserProgram'
assembling startup_M051Series.s...
compiling system_M051Series.c...
compiling adc.c...
compiling gpio.c...
compiling pwm.c...
compiling retarget.c...
compiling timer.c...
compiling uart.c...
compiling wdt.c...
compiling wwdt.c...
compiling sys.c...
compiling clk.c...
compiling acmp.c...
compiling main.c...
linking...
Program Size: Code=3304 RO-data=616 RW-data=24 ZI-data=1120  
FromELF: creating hex file...
User command #1: fromelf --bin ".\obj\YongMengOilSenser.axf" --output ".\obj\YongMengOilSenser.bin"
User command #2: fromelf --text -c ".\obj\YongMengOilSenser.axf" --output ".\obj\YongMengOilSenser.txt"
".\obj\YongMengOilSenser.axf" - 0 Error(s), 0 Warning(s).
Build target 'YongMengOilSenserProgram'
assembling startup_M051Series.s...
compiling system_M051Series.c...
compiling adc.c...
compiling gpio.c...
compiling pwm.c...
compiling retarget.c...
compiling timer.c...
compiling uart.c...
compiling wdt.c...
compiling wwdt.c...
compiling sys.c...
compiling clk.c...
compiling acmp.c...
compiling main.c...
linking...
Program Size: Code=3340 RO-data=616 RW-data=24 ZI-data=1120  
FromELF: creating hex file...
User command #1: fromelf --bin ".\obj\YongMengOilSenser.axf" --output ".\obj\YongMengOilSenser.bin"
User command #2: fromelf --text -c ".\obj\YongMengOilSenser.axf" --output ".\obj\YongMengOilSenser.txt"
".\obj\YongMengOilSenser.axf" - 0 Error(s), 0 Warning(s).
Load "C:\\Users\\Administrator\\Desktop\\BDRSBack\\M058看门狗程序\\Keil\\obj\\YongMengOilSenser.AXF" 
Erase Done.
Programming Done.
Verify OK.
Application running...
Load "C:\\Users\\Administrator\\Desktop\\BDRSBack\\M058看门狗程序\\Keil\\obj\\YongMengOilSenser.AXF" 
Erase Done.
Programming Done.
Verify OK.
Application running...
Load "C:\\Users\\Administrator\\Desktop\\BDRSBack\\M058看门狗程序\\Keil\\obj\\YongMengOilSenser.AXF" 
Erase Done.
Programming Done.
Verify OK.
Application running...
Build target 'YongMengOilSenserProgram'
assembling startup_M051Series.s...
compiling system_M051Series.c...
compiling adc.c...
compiling gpio.c...
compiling pwm.c...
compiling retarget.c...
compiling timer.c...
compiling uart.c...
compiling wdt.c...
compiling wwdt.c...
compiling sys.c...
compiling clk.c...
compiling acmp.c...
compiling main.c...
linking...
Program Size: Code=3340 RO-data=616 RW-data=24 ZI-data=1120  
FromELF: creating hex file...
User command #1: fromelf --bin ".\obj\YongMengOilSenser.axf" --output ".\obj\YongMengOilSenser.bin"
User command #2: fromelf --text -c ".\obj\YongMengOilSenser.axf" --output ".\obj\YongMengOilSenser.txt"
".\obj\YongMengOilSenser.axf" - 0 Error(s), 0 Warning(s).
Load "C:\\Users\\Administrator\\Desktop\\BDRSBack\\M058看门狗程序\\Keil\\obj\\YongMengOilSenser.AXF" 
Erase Done.
Programming Done.
Verify OK.
Application running...
Load "C:\\Users\\Administrator\\Desktop\\BDRSBack\\M058看门狗程序\\Keil\\obj\\YongMengOilSenser.AXF" 
Erase Done.
Programming Done.
Verify OK.
Application running...
Build target 'YongMengOilSenserProgram'
assembling startup_M051Series.s...
compiling system_M051Series.c...
compiling adc.c...
compiling gpio.c...
compiling pwm.c...
compiling retarget.c...
compiling timer.c...
compiling uart.c...
compiling wdt.c...
compiling wwdt.c...
compiling sys.c...
compiling clk.c...
compiling acmp.c...
compiling main.c...
linking...
Program Size: Code=3340 RO-data=616 RW-data=24 ZI-data=1120  
FromELF: creating hex file...
User command #1: fromelf --bin ".\obj\YongMengOilSenser.axf" --output ".\obj\YongMengOilSenser.bin"
User command #2: fromelf --text -c ".\obj\YongMengOilSenser.axf" --output ".\obj\YongMengOilSenser.txt"
".\obj\YongMengOilSenser.axf" - 0 Error(s), 0 Warning(s).
Load "C:\\Users\\Administrator\\Desktop\\BDRSBack\\M058看门狗程序\\Keil\\obj\\YongMengOilSenser.AXF" 
Erase Done.
Programming Done.
Verify OK.
Application running...
Build target 'YongMengOilSenserProgram'
assembling startup_M051Series.s...
compiling system_M051Series.c...
compiling adc.c...
compiling gpio.c...
compiling pwm.c...
compiling retarget.c...
compiling timer.c...
compiling uart.c...
compiling wdt.c...
compiling wwdt.c...
compiling sys.c...
compiling clk.c...
compiling acmp.c...
compiling main.c...
linking...
Program Size: Code=3336 RO-data=616 RW-data=24 ZI-data=1120  
FromELF: creating hex file...
User command #1: fromelf --bin ".\obj\YongMengOilSenser.axf" --output ".\obj\YongMengOilSenser.bin"
User command #2: fromelf --text -c ".\obj\YongMengOilSenser.axf" --output ".\obj\YongMengOilSenser.txt"
".\obj\YongMengOilSenser.axf" - 0 Error(s), 0 Warning(s).
Load "C:\\Users\\Administrator\\Desktop\\BDRSBack\\M058看门狗程序\\Keil\\obj\\YongMengOilSenser.AXF" 
Erase Done.
Programming Done.
Verify OK.
Application running...
Build target 'YongMengOilSenserProgram'
assembling startup_M051Series.s...
compiling system_M051Series.c...
compiling adc.c...
compiling gpio.c...
compiling pwm.c...
compiling retarget.c...
compiling timer.c...
compiling uart.c...
compiling wdt.c...
compiling wwdt.c...
compiling sys.c...
compiling clk.c...
compiling acmp.c...
compiling main.c...
linking...
Program Size: Code=3336 RO-data=616 RW-data=24 ZI-data=1120  
FromELF: creating hex file...
User command #1: fromelf --bin ".\obj\YongMengOilSenser.axf" --output ".\obj\YongMengOilSenser.bin"
User command #2: fromelf --text -c ".\obj\YongMengOilSenser.axf" --output ".\obj\YongMengOilSenser.txt"
".\obj\YongMengOilSenser.axf" - 0 Error(s), 0 Warning(s).
Load "C:\\Users\\Administrator\\Desktop\\BDRSBack\\M058看门狗程序\\Keil\\obj\\YongMengOilSenser.AXF" 
Erase Done.
Programming Done.
Verify OK.
Application running...
Build target 'YongMengOilSenserProgram'
assembling startup_M051Series.s...
compiling system_M051Series.c...
compiling adc.c...
compiling gpio.c...
compiling pwm.c...
compiling retarget.c...
compiling timer.c...
compiling uart.c...
compiling wdt.c...
compiling wwdt.c...
compiling sys.c...
compiling clk.c...
compiling acmp.c...
compiling main.c...
linking...
Program Size: Code=3336 RO-data=616 RW-data=24 ZI-data=1120  
FromELF: creating hex file...
User command #1: fromelf --bin ".\obj\YongMengOilSenser.axf" --output ".\obj\YongMengOilSenser.bin"
User command #2: fromelf --text -c ".\obj\YongMengOilSenser.axf" --output ".\obj\YongMengOilSenser.txt"
".\obj\YongMengOilSenser.axf" - 0 Error(s), 0 Warning(s).
Load "C:\\Users\\Administrator\\Desktop\\BDRSBack\\M058看门狗程序\\Keil\\obj\\YongMengOilSenser.AXF" 
Erase Done.
Programming Done.
Verify OK.
Application running...
Build target 'YongMengOilSenserProgram'
assembling startup_M051Series.s...
compiling system_M051Series.c...
compiling adc.c...
compiling gpio.c...
compiling pwm.c...
compiling retarget.c...
compiling timer.c...
compiling uart.c...
compiling wdt.c...
compiling wwdt.c...
compiling sys.c...
compiling clk.c...
compiling acmp.c...
compiling main.c...
linking...
Program Size: Code=3336 RO-data=616 RW-data=24 ZI-data=1120  
FromELF: creating hex file...
User command #1: fromelf --bin ".\obj\YongMengOilSenser.axf" --output ".\obj\YongMengOilSenser.bin"
User command #2: fromelf --text -c ".\obj\YongMengOilSenser.axf" --output ".\obj\YongMengOilSenser.txt"
".\obj\YongMengOilSenser.axf" - 0 Error(s), 0 Warning(s).
Build target 'YongMengOilSenserProgram'
assembling startup_M051Series.s...
compiling system_M051Series.c...
compiling adc.c...
compiling gpio.c...
compiling pwm.c...
compiling retarget.c...
compiling timer.c...
compiling uart.c...
compiling wdt.c...
compiling wwdt.c...
compiling sys.c...
compiling clk.c...
compiling acmp.c...
compiling main.c...
linking...
Program Size: Code=3336 RO-data=616 RW-data=24 ZI-data=1120  
FromELF: creating hex file...
User command #1: fromelf --bin ".\obj\YongMengOilSenser.axf" --output ".\obj\YongMengOilSenser.bin"
User command #2: fromelf --text -c ".\obj\YongMengOilSenser.axf" --output ".\obj\YongMengOilSenser.txt"
".\obj\YongMengOilSenser.axf" - 0 Error(s), 0 Warning(s).
Load "C:\\Users\\Administrator\\Desktop\\BDRSBack\\M058看门狗程序\\Keil\\obj\\YongMengOilSenser.AXF" 
Erase Done.
Programming Done.
Verify OK.
Application running...
Build target 'YongMengOilSenserProgram'
assembling startup_M051Series.s...
compiling system_M051Series.c...
compiling adc.c...
compiling gpio.c...
compiling pwm.c...
compiling retarget.c...
compiling timer.c...
compiling uart.c...
compiling wdt.c...
compiling wwdt.c...
compiling sys.c...
compiling clk.c...
compiling acmp.c...
compiling main.c...
linking...
Program Size: Code=2960 RO-data=432 RW-data=24 ZI-data=1120  
FromELF: creating hex file...
User command #1: fromelf --bin ".\obj\YongMengOilSenser.axf" --output ".\obj\YongMengOilSenser.bin"
User command #2: fromelf --text -c ".\obj\YongMengOilSenser.axf" --output ".\obj\YongMengOilSenser.txt"
".\obj\YongMengOilSenser.axf" - 0 Error(s), 0 Warning(s).
Load "C:\\Users\\Administrator\\Desktop\\BDRSBack\\M058看门狗程序\\Keil\\obj\\YongMengOilSenser.AXF" 
Erase Done.
Programming Done.
Verify OK.
Application running...
Build target 'YongMengOilSenserProgram'
assembling startup_M051Series.s...
compiling system_M051Series.c...
compiling adc.c...
compiling gpio.c...
compiling pwm.c...
compiling retarget.c...
compiling timer.c...
compiling uart.c...
compiling wdt.c...
compiling wwdt.c...
compiling sys.c...
compiling clk.c...
compiling acmp.c...
compiling main.c...
linking...
Program Size: Code=2964 RO-data=432 RW-data=24 ZI-data=1120  
FromELF: creating hex file...
User command #1: fromelf --bin ".\obj\YongMengOilSenser.axf" --output ".\obj\YongMengOilSenser.bin"
User command #2: fromelf --text -c ".\obj\YongMengOilSenser.axf" --output ".\obj\YongMengOilSenser.txt"
".\obj\YongMengOilSenser.axf" - 0 Error(s), 0 Warning(s).
Load "C:\\Users\\Administrator\\Desktop\\BDRSBack\\M058看门狗程序\\Keil\\obj\\YongMengOilSenser.AXF" 
Erase Done.
Programming Done.
Verify OK.
Application running...
Load "C:\\Users\\Administrator\\Desktop\\BDRSBack\\M058看门狗程序\\Keil\\obj\\YongMengOilSenser.AXF" 
Erase Done.
Programming Done.
Verify OK.
Application running...
Build target 'YongMengOilSenserProgram'
assembling startup_M051Series.s...
compiling system_M051Series.c...
compiling adc.c...
compiling gpio.c...
compiling pwm.c...
compiling retarget.c...
compiling timer.c...
compiling uart.c...
compiling wdt.c...
compiling wwdt.c...
compiling sys.c...
compiling clk.c...
compiling acmp.c...
compiling main.c...
linking...
Program Size: Code=2964 RO-data=432 RW-data=24 ZI-data=1120  
FromELF: creating hex file...
User command #1: fromelf --bin ".\obj\YongMengOilSenser.axf" --output ".\obj\YongMengOilSenser.bin"
User command #2: fromelf --text -c ".\obj\YongMengOilSenser.axf" --output ".\obj\YongMengOilSenser.txt"
".\obj\YongMengOilSenser.axf" - 0 Error(s), 0 Warning(s).
Load "C:\\Users\\Administrator\\Desktop\\BDRSBack\\M058看门狗程序\\Keil\\obj\\YongMengOilSenser.AXF" 
Erase Done.
Programming Done.
Verify OK.
Application running...
Build target 'YongMengOilSenserProgram'
assembling startup_M051Series.s...
compiling system_M051Series.c...
compiling adc.c...
compiling gpio.c...
compiling pwm.c...
compiling retarget.c...
compiling timer.c...
compiling uart.c...
compiling wdt.c...
compiling wwdt.c...
compiling sys.c...
compiling clk.c...
compiling acmp.c...
compiling main.c...
linking...
Program Size: Code=2960 RO-data=432 RW-data=24 ZI-data=1120  
FromELF: creating hex file...
User command #1: fromelf --bin ".\obj\YongMengOilSenser.axf" --output ".\obj\YongMengOilSenser.bin"
User command #2: fromelf --text -c ".\obj\YongMengOilSenser.axf" --output ".\obj\YongMengOilSenser.txt"
".\obj\YongMengOilSenser.axf" - 0 Error(s), 0 Warning(s).
