<html>
<body>
<pre>
<h1>礦ision Build Log</h1>
<h2>Project:</h2>
C:\Users\Administrator\Desktop\勇猛油量传感器\Keil\YongMengOilSenser.uvproj
Project File Date:  08/24/2017

<h2>Output:</h2>
Build target 'YongMengOilSenserProgram'
assembling startup_M051Series.s...
compiling system_M051Series.c...
compiling adc.c...
compiling gpio.c...
compiling pwm.c...
compiling retarget.c...
compiling timer.c...
compiling uart.c...
compiling wdt.c...
compiling wwdt.c...
compiling sys.c...
compiling clk.c...
compiling acmp.c...
compiling main.c...
linking...
Program Size: Code=4948 RO-data=376 RW-data=1068 ZI-data=2148  
FromELF: creating hex file...
User command #1: fromelf --bin ".\obj\YongMengOilSenser.axf" --output ".\obj\YongMengOilSenser.bin"
User command #2: fromelf --text -c ".\obj\YongMengOilSenser.axf" --output ".\obj\YongMengOilSenser.txt"
".\obj\YongMengOilSenser.axf" - 0 Error(s), 0 Warning(s).
Build target 'YongMengOilSenserProgram'
assembling startup_M051Series.s...
compiling system_M051Series.c...
compiling adc.c...
compiling gpio.c...
compiling pwm.c...
compiling retarget.c...
compiling timer.c...
compiling uart.c...
compiling wdt.c...
compiling wwdt.c...
compiling sys.c...
compiling clk.c...
compiling acmp.c...
compiling main.c...
linking...
Program Size: Code=5020 RO-data=376 RW-data=1068 ZI-data=2148  
FromELF: creating hex file...
User command #1: fromelf --bin ".\obj\YongMengOilSenser.axf" --output ".\obj\YongMengOilSenser.bin"
User command #2: fromelf --text -c ".\obj\YongMengOilSenser.axf" --output ".\obj\YongMengOilSenser.txt"
".\obj\YongMengOilSenser.axf" - 0 Error(s), 0 Warning(s).
Load "C:\\Users\\Administrator\\Desktop\\勇猛油量传感器\\Keil\\obj\\YongMengOilSenser.AXF" 
Erase Done.
Programming Done.
Verify OK.
Application running...
Build target 'YongMengOilSenserProgram'
assembling startup_M051Series.s...
compiling system_M051Series.c...
compiling adc.c...
compiling gpio.c...
compiling pwm.c...
compiling retarget.c...
compiling timer.c...
compiling uart.c...
compiling wdt.c...
compiling wwdt.c...
compiling sys.c...
compiling clk.c...
compiling acmp.c...
compiling main.c...
linking...
Program Size: Code=5104 RO-data=376 RW-data=1068 ZI-data=2148  
FromELF: creating hex file...
User command #1: fromelf --bin ".\obj\YongMengOilSenser.axf" --output ".\obj\YongMengOilSenser.bin"
User command #2: fromelf --text -c ".\obj\YongMengOilSenser.axf" --output ".\obj\YongMengOilSenser.txt"
".\obj\YongMengOilSenser.axf" - 0 Error(s), 0 Warning(s).
Load "C:\\Users\\Administrator\\Desktop\\勇猛油量传感器\\Keil\\obj\\YongMengOilSenser.AXF" 
Erase Done.
Programming Done.
Verify OK.
Application running...
Load "C:\\Users\\Administrator\\Desktop\\勇猛油量传感器\\Keil\\obj\\YongMengOilSenser.AXF" 
Erase Done.
Programming Done.
Verify OK.
Application running...
Build target 'YongMengOilSenserProgram'
assembling startup_M051Series.s...
compiling system_M051Series.c...
compiling adc.c...
compiling gpio.c...
compiling pwm.c...
compiling retarget.c...
compiling timer.c...
compiling uart.c...
compiling wdt.c...
compiling wwdt.c...
compiling sys.c...
compiling clk.c...
compiling acmp.c...
compiling main.c...
linking...
Program Size: Code=5104 RO-data=376 RW-data=1068 ZI-data=2148  
FromELF: creating hex file...
User command #1: fromelf --bin ".\obj\YongMengOilSenser.axf" --output ".\obj\YongMengOilSenser.bin"
User command #2: fromelf --text -c ".\obj\YongMengOilSenser.axf" --output ".\obj\YongMengOilSenser.txt"
".\obj\YongMengOilSenser.axf" - 0 Error(s), 0 Warning(s).
Load "C:\\Users\\Administrator\\Desktop\\勇猛油量传感器\\Keil\\obj\\YongMengOilSenser.AXF" 
Erase Done.
Programming Done.
Verify OK.
Application running...
Build target 'YongMengOilSenserProgram'
assembling startup_M051Series.s...
compiling system_M051Series.c...
compiling adc.c...
compiling gpio.c...
compiling pwm.c...
compiling retarget.c...
compiling timer.c...
compiling uart.c...
compiling wdt.c...
compiling wwdt.c...
compiling sys.c...
compiling clk.c...
compiling acmp.c...
compiling main.c...
..\User\main.c(25): warning:  #177-D: variable "_sys_ucUartTxBuf" was declared but never referenced
..\User\main.c:   static uint8_t _sys_ucUartTxBuf[UART_BUFFSIZE];
..\User\main.c:                  ^
..\User\main.c: ..\User\main.c: 1 warning, 0 errors
linking...
Program Size: Code=5104 RO-data=376 RW-data=1072 ZI-data=2400  
FromELF: creating hex file...
User command #1: fromelf --bin ".\obj\YongMengOilSenser.axf" --output ".\obj\YongMengOilSenser.bin"
User command #2: fromelf --text -c ".\obj\YongMengOilSenser.axf" --output ".\obj\YongMengOilSenser.txt"
".\obj\YongMengOilSenser.axf" - 0 Error(s), 1 Warning(s).
Build target 'YongMengOilSenserProgram'
compiling main.c...
..\User\main.c(25): warning:  #550-D: variable "_sys_ucUartTxBuf" was set but never used
..\User\main.c:   static uint8_t _sys_ucUartTxBuf[UART_BUFFSIZE];
..\User\main.c:                  ^
..\User\main.c: ..\User\main.c: 1 warning, 0 errors
linking...
Program Size: Code=5104 RO-data=376 RW-data=1072 ZI-data=2400  
FromELF: creating hex file...
User command #1: fromelf --bin ".\obj\YongMengOilSenser.axf" --output ".\obj\YongMengOilSenser.bin"
User command #2: fromelf --text -c ".\obj\YongMengOilSenser.axf" --output ".\obj\YongMengOilSenser.txt"
".\obj\YongMengOilSenser.axf" - 0 Error(s), 1 Warning(s).
Build target 'YongMengOilSenserProgram'
assembling startup_M051Series.s...
compiling system_M051Series.c...
compiling adc.c...
compiling gpio.c...
compiling pwm.c...
compiling retarget.c...
compiling timer.c...
compiling uart.c...
compiling wdt.c...
compiling wwdt.c...
compiling sys.c...
compiling clk.c...
compiling acmp.c...
compiling main.c...
..\User\main.c(25): warning:  #550-D: variable "_sys_ucUartTxBuf" was set but never used
..\User\main.c:   static uint8_t _sys_ucUartTxBuf[UART_BUFFSIZE];
..\User\main.c:                  ^
..\User\main.c: ..\User\main.c: 1 warning, 0 errors
linking...
Program Size: Code=5124 RO-data=376 RW-data=1072 ZI-data=2400  
FromELF: creating hex file...
User command #1: fromelf --bin ".\obj\YongMengOilSenser.axf" --output ".\obj\YongMengOilSenser.bin"
User command #2: fromelf --text -c ".\obj\YongMengOilSenser.axf" --output ".\obj\YongMengOilSenser.txt"
".\obj\YongMengOilSenser.axf" - 0 Error(s), 1 Warning(s).
Build target 'YongMengOilSenserProgram'
assembling startup_M051Series.s...
compiling system_M051Series.c...
compiling adc.c...
compiling gpio.c...
compiling pwm.c...
compiling retarget.c...
compiling timer.c...
compiling uart.c...
compiling wdt.c...
compiling wwdt.c...
compiling sys.c...
compiling clk.c...
compiling acmp.c...
compiling main.c...
..\User\main.c(25): warning:  #550-D: variable "_sys_ucUartTxBuf" was set but never used
..\User\main.c:   static uint8_t _sys_ucUartTxBuf[UART_BUFFSIZE];
..\User\main.c:                  ^
..\User\main.c: ..\User\main.c: 1 warning, 0 errors
linking...
Program Size: Code=5180 RO-data=376 RW-data=1072 ZI-data=2400  
FromELF: creating hex file...
User command #1: fromelf --bin ".\obj\YongMengOilSenser.axf" --output ".\obj\YongMengOilSenser.bin"
User command #2: fromelf --text -c ".\obj\YongMengOilSenser.axf" --output ".\obj\YongMengOilSenser.txt"
".\obj\YongMengOilSenser.axf" - 0 Error(s), 1 Warning(s).
Load "C:\\Users\\Administrator\\Desktop\\勇猛油量传感器\\Keil\\obj\\YongMengOilSenser.AXF" 
Erase Done.
Programming Done.
Verify OK.
Application running...
Load "C:\\Users\\Administrator\\Desktop\\勇猛油量传感器\\Keil\\obj\\YongMengOilSenser.AXF" 
Erase Done.
Programming Done.
Verify OK.
Application running...
Build target 'YongMengOilSenserProgram'
assembling startup_M051Series.s...
compiling system_M051Series.c...
compiling adc.c...
compiling gpio.c...
compiling pwm.c...
compiling retarget.c...
compiling timer.c...
compiling uart.c...
compiling wdt.c...
compiling wwdt.c...
compiling sys.c...
compiling clk.c...
compiling acmp.c...
compiling main.c...
..\User\main.c(25): warning:  #550-D: variable "_sys_ucUartTxBuf" was set but never used
..\User\main.c:   static uint8_t _sys_ucUartTxBuf[UART_BUFFSIZE];
..\User\main.c:                  ^
..\User\main.c: ..\User\main.c: 1 warning, 0 errors
linking...
Program Size: Code=5176 RO-data=376 RW-data=1072 ZI-data=2400  
FromELF: creating hex file...
User command #1: fromelf --bin ".\obj\YongMengOilSenser.axf" --output ".\obj\YongMengOilSenser.bin"
User command #2: fromelf --text -c ".\obj\YongMengOilSenser.axf" --output ".\obj\YongMengOilSenser.txt"
".\obj\YongMengOilSenser.axf" - 0 Error(s), 1 Warning(s).
Load "C:\\Users\\Administrator\\Desktop\\勇猛油量传感器\\Keil\\obj\\YongMengOilSenser.AXF" 
Erase Done.
Programming Done.
Verify OK.
Application running...
Build target 'YongMengOilSenserProgram'
assembling startup_M051Series.s...
compiling system_M051Series.c...
compiling adc.c...
compiling gpio.c...
compiling pwm.c...
compiling retarget.c...
compiling timer.c...
compiling uart.c...
compiling wdt.c...
compiling wwdt.c...
compiling sys.c...
compiling clk.c...
compiling acmp.c...
compiling main.c...
..\User\main.c(285): error:  #20: identifier "i" is undefined
..\User\main.c:                                 for (i=0; i<8; i++)
..\User\main.c:                                      ^
..\User\main.c: ..\User\main.c: 0 warnings, 1 error
Target not created
Build target 'YongMengOilSenserProgram'
assembling startup_M051Series.s...
compiling system_M051Series.c...
compiling adc.c...
compiling gpio.c...
compiling pwm.c...
compiling retarget.c...
compiling timer.c...
compiling uart.c...
compiling wdt.c...
compiling wwdt.c...
compiling sys.c...
compiling clk.c...
compiling acmp.c...
compiling main.c...
linking...
Program Size: Code=5268 RO-data=376 RW-data=1076 ZI-data=2404  
FromELF: creating hex file...
User command #1: fromelf --bin ".\obj\YongMengOilSenser.axf" --output ".\obj\YongMengOilSenser.bin"
User command #2: fromelf --text -c ".\obj\YongMengOilSenser.axf" --output ".\obj\YongMengOilSenser.txt"
".\obj\YongMengOilSenser.axf" - 0 Error(s), 0 Warning(s).
Load "C:\\Users\\Administrator\\Desktop\\勇猛油量传感器\\Keil\\obj\\YongMengOilSenser.AXF" 
Erase Done.
Programming Done.
Verify OK.
Application running...
