ARM Linker, 4.1 [Build 481] [Standard]

==============================================================================

Small function inlining results

Inlined total of 0 calls.

==============================================================================

Section Cross References

    startup_nuc131.o(RESET) refers to startup_nuc131.o(STACK) for __initial_sp
    startup_nuc131.o(RESET) refers to startup_nuc131.o(.text) for Reset_Handler
    startup_nuc131.o(.text) refers to system_nuc131.o(i.SystemInit) for SystemInit
    startup_nuc131.o(.text) refers to entry.o(.ARM.Collect$$$$00000000) for __main
    system_nuc131.o(i.SystemCoreClockUpdate) refers to uidiv.o(.text) for __aeabi_uidivmod
    system_nuc131.o(i.SystemCoreClockUpdate) refers to system_nuc131.o(.data) for .data
    main.o(i.GPIO_INIT) refers to gpio.o(i.GPIO_SetMode) for GPIO_SetMode
    main.o(i.GPIO_INIT) refers to gpio.o(i.GPIO_EnableInt) for GPIO_EnableInt
    main.o(i.SYS_Init) refers to clk.o(i.CLK_EnableXtalRC) for CLK_EnableXtalRC
    main.o(i.SYS_Init) refers to clk.o(i.CLK_WaitClockReady) for CLK_WaitClockReady
    main.o(i.SYS_Init) refers to clk.o(i.CLK_SetHCLK) for CLK_SetHCLK
    main.o(i.SYS_Init) refers to clk.o(i.CLK_SetCoreClock) for CLK_SetCoreClock
    main.o(i.SYS_Init) refers to clk.o(i.CLK_SetModuleClock) for CLK_SetModuleClock
    main.o(i.SYS_Init) refers to clk.o(i.CLK_EnableModuleClock) for CLK_EnableModuleClock
    main.o(i.main) refers to main.o(i.SYS_Init) for SYS_Init
    main.o(i.main) refers to main.o(i.GPIO_INIT) for GPIO_INIT
    uart.o(i.CLK_GetPLLClockFreq) refers to uidiv.o(.text) for __aeabi_uidivmod
    uart.o(i.UART_EnableInt) refers to uart.o(i.NVIC_EnableIRQ) for NVIC_EnableIRQ
    uart.o(i.UART_Open) refers to uart.o(i.CLK_GetPLLClockFreq) for CLK_GetPLLClockFreq
    uart.o(i.UART_Open) refers to uidiv.o(.text) for __aeabi_uidivmod
    uart.o(i.UART_Open) refers to uart.o(.constdata) for .constdata
    uart.o(i.UART_SelectIrDAMode) refers to uart.o(i.CLK_GetPLLClockFreq) for CLK_GetPLLClockFreq
    uart.o(i.UART_SelectIrDAMode) refers to uidiv.o(.text) for __aeabi_uidivmod
    uart.o(i.UART_SelectIrDAMode) refers to uart.o(.constdata) for .constdata
    uart.o(i.UART_SetLine_Config) refers to uart.o(i.CLK_GetPLLClockFreq) for CLK_GetPLLClockFreq
    uart.o(i.UART_SetLine_Config) refers to uidiv.o(.text) for __aeabi_uidivmod
    uart.o(i.UART_SetLine_Config) refers to uart.o(.constdata) for .constdata
    clk.o(i.CLK_DisableCKO) refers to clk.o(i.CLK_DisableModuleClock) for CLK_DisableModuleClock
    clk.o(i.CLK_DisableModuleClock) refers to clk.o(.constdata) for .constdata
    clk.o(i.CLK_EnableCKO) refers to clk.o(i.CLK_EnableModuleClock) for CLK_EnableModuleClock
    clk.o(i.CLK_EnableCKO) refers to clk.o(i.CLK_SetModuleClock) for CLK_SetModuleClock
    clk.o(i.CLK_EnableModuleClock) refers to clk.o(.constdata) for .constdata
    clk.o(i.CLK_EnablePLL) refers to clk.o(i.CLK_WaitClockReady) for CLK_WaitClockReady
    clk.o(i.CLK_EnablePLL) refers to uidiv.o(.text) for __aeabi_uidivmod
    clk.o(i.CLK_GetCPUFreq) refers to system_nuc131.o(i.SystemCoreClockUpdate) for SystemCoreClockUpdate
    clk.o(i.CLK_GetCPUFreq) refers to system_nuc131.o(.data) for SystemCoreClock
    clk.o(i.CLK_GetHCLKFreq) refers to system_nuc131.o(i.SystemCoreClockUpdate) for SystemCoreClockUpdate
    clk.o(i.CLK_GetHCLKFreq) refers to system_nuc131.o(.data) for SystemCoreClock
    clk.o(i.CLK_GetPCLKFreq) refers to system_nuc131.o(i.SystemCoreClockUpdate) for SystemCoreClockUpdate
    clk.o(i.CLK_GetPCLKFreq) refers to system_nuc131.o(.data) for SystemCoreClock
    clk.o(i.CLK_SetCoreClock) refers to clk.o(i.CLK_WaitClockReady) for CLK_WaitClockReady
    clk.o(i.CLK_SetCoreClock) refers to clk.o(i.CLK_EnablePLL) for CLK_EnablePLL
    clk.o(i.CLK_SetCoreClock) refers to clk.o(i.CLK_SetHCLK) for CLK_SetHCLK
    clk.o(i.CLK_SetHCLK) refers to system_nuc131.o(i.SystemCoreClockUpdate) for SystemCoreClockUpdate
    clk.o(i.CLK_SetModuleClock) refers to clk.o(.constdata) for .constdata
    timer.o(i.TIMER_Delay) refers to timer.o(i.TIMER_GetModuleClock) for TIMER_GetModuleClock
    timer.o(i.TIMER_Delay) refers to uidiv.o(.text) for __aeabi_uidivmod
    timer.o(i.TIMER_Delay) refers to system_nuc131.o(.data) for SystemCoreClock
    timer.o(i.TIMER_GetModuleClock) refers to memcpya.o(.text) for __aeabi_memcpy4
    timer.o(i.TIMER_GetModuleClock) refers to timer.o(.constdata) for .constdata
    timer.o(i.TIMER_GetModuleClock) refers to system_nuc131.o(.data) for SystemCoreClock
    timer.o(i.TIMER_Open) refers to timer.o(i.TIMER_GetModuleClock) for TIMER_GetModuleClock
    timer.o(i.TIMER_Open) refers to uidiv.o(.text) for __aeabi_uidivmod
    can.o(i.CAN_Close) refers to can.o(i.CAN_DisableInt) for CAN_DisableInt
    can.o(i.CAN_DisableInt) refers to can.o(i.CAN_EnterInitMode) for CAN_EnterInitMode
    can.o(i.CAN_DisableInt) refers to can.o(i.CAN_LeaveInitMode) for CAN_LeaveInitMode
    can.o(i.CAN_EnableInt) refers to can.o(i.CAN_EnterInitMode) for CAN_EnterInitMode
    can.o(i.CAN_EnableInt) refers to can.o(i.CAN_LeaveInitMode) for CAN_LeaveInitMode
    can.o(i.CAN_GetCANBitRate) refers to uidiv.o(.text) for __aeabi_uidivmod
    can.o(i.CAN_GetCANBitRate) refers to system_nuc131.o(.data) for SystemCoreClock
    can.o(i.CAN_Open) refers to can.o(i.CAN_SetBaudRate) for CAN_SetBaudRate
    can.o(i.CAN_ReadMsgObj) refers to can.o(i.CAN_IsNewDataReceived) for CAN_IsNewDataReceived
    can.o(i.CAN_Receive) refers to can.o(i.CAN_BasicReceiveMsg) for CAN_BasicReceiveMsg
    can.o(i.CAN_Receive) refers to can.o(i.CAN_ReadMsgObj) for CAN_ReadMsgObj
    can.o(i.CAN_SetBaudRate) refers to can.o(i.CAN_EnterInitMode) for CAN_EnterInitMode
    can.o(i.CAN_SetBaudRate) refers to system_nuc131.o(i.SystemCoreClockUpdate) for SystemCoreClockUpdate
    can.o(i.CAN_SetBaudRate) refers to uidiv.o(.text) for __aeabi_uidivmod
    can.o(i.CAN_SetBaudRate) refers to can.o(i.CAN_LeaveInitMode) for CAN_LeaveInitMode
    can.o(i.CAN_SetBaudRate) refers to can.o(i.CAN_GetCANBitRate) for CAN_GetCANBitRate
    can.o(i.CAN_SetBaudRate) refers to system_nuc131.o(.data) for SystemCoreClock
    can.o(i.CAN_SetMultiRxMsg) refers to can.o(i.CAN_SetRxMsgObj) for CAN_SetRxMsgObj
    can.o(i.CAN_SetRxMsg) refers to can.o(i.CAN_SetRxMsgObj) for CAN_SetRxMsgObj
    can.o(i.CAN_SetRxMsgObj) refers to can.o(i.GetFreeIF) for GetFreeIF
    can.o(i.CAN_SetTxMsg) refers to can.o(i.GetFreeIF) for GetFreeIF
    can.o(i.CAN_Transmit) refers to can.o(i.CAN_BasicSendMsg) for CAN_BasicSendMsg
    can.o(i.CAN_Transmit) refers to can.o(i.CAN_SetTxMsg) for CAN_SetTxMsg
    can.o(i.CAN_Transmit) refers to can.o(i.CAN_TriggerTxMsg) for CAN_TriggerTxMsg
    fmc.o(i.FMC_ReadConfig) refers to fmc.o(i.FMC_Read) for FMC_Read
    fmc.o(i.FMC_WriteConfig) refers to fmc.o(i.FMC_Read) for FMC_Read
    entry.o(.ARM.Collect$$$$00000000) refers (Special) to entry7.o(.ARM.Collect$$$$00000007) for _main_init
    entry.o(.ARM.Collect$$$$00000000) refers (Special) to entry5.o(.ARM.Collect$$$$00000004) for _main_scatterload
    entry.o(.ARM.Collect$$$$00000000) refers (Special) to entry2.o(.ARM.Collect$$$$00000001) for _main_stk
    entry2.o(.ARM.Collect$$$$00000001) refers to entry2.o(.ARM.Collect$$$$00002712) for __lit__00000000
    entry2.o(.ARM.Collect$$$$00002712) refers to startup_nuc131.o(STACK) for __initial_sp
    entry2.o(__vectab_stack_and_reset_area) refers to startup_nuc131.o(STACK) for __initial_sp
    entry2.o(__vectab_stack_and_reset_area) refers to entry.o(.ARM.Collect$$$$00000000) for __main
    entry5.o(.ARM.Collect$$$$00000004) refers to init.o(.text) for __scatterload
    entry7.o(.ARM.Collect$$$$00000007) refers to main.o(i.main) for main
    init.o(.text) refers to entry5.o(.ARM.Collect$$$$00000004) for __main_after_scatterload


==============================================================================

Removing Unused input sections from the image.

    Removing startup_nuc131.o(HEAP), (0 bytes).
    Removing system_nuc131.o(.rev16_text), (4 bytes).
    Removing system_nuc131.o(.revsh_text), (4 bytes).
    Removing main.o(.rev16_text), (4 bytes).
    Removing main.o(.revsh_text), (4 bytes).
    Removing uart.o(.rev16_text), (4 bytes).
    Removing uart.o(.revsh_text), (4 bytes).
    Removing uart.o(i.CLK_GetPLLClockFreq), (88 bytes).
    Removing uart.o(i.NVIC_EnableIRQ), (20 bytes).
    Removing uart.o(i.UART_ClearIntFlag), (76 bytes).
    Removing uart.o(i.UART_Close), (6 bytes).
    Removing uart.o(i.UART_DisableFlowCtrl), (12 bytes).
    Removing uart.o(i.UART_DisableInt), (8 bytes).
    Removing uart.o(i.UART_EnableFlowCtrl), (30 bytes).
    Removing uart.o(i.UART_EnableInt), (84 bytes).
    Removing uart.o(i.UART_Open), (136 bytes).
    Removing uart.o(i.UART_Read), (44 bytes).
    Removing uart.o(i.UART_SelectIrDAMode), (136 bytes).
    Removing uart.o(i.UART_SelectLINMode), (24 bytes).
    Removing uart.o(i.UART_SelectRS485Mode), (32 bytes).
    Removing uart.o(i.UART_SetLine_Config), (132 bytes).
    Removing uart.o(i.UART_SetTimeoutCnt), (22 bytes).
    Removing uart.o(i.UART_Write), (44 bytes).
    Removing uart.o(.constdata), (48 bytes).
    Removing sys.o(.rev16_text), (4 bytes).
    Removing sys.o(.revsh_text), (4 bytes).
    Removing sys.o(i.SYS_ClearResetSrc), (12 bytes).
    Removing sys.o(i.SYS_DisableBOD), (14 bytes).
    Removing sys.o(i.SYS_EnableBOD), (36 bytes).
    Removing sys.o(i.SYS_GetBODStatus), (12 bytes).
    Removing sys.o(i.SYS_GetResetSrc), (8 bytes).
    Removing sys.o(i.SYS_IsRegLocked), (16 bytes).
    Removing sys.o(i.SYS_ReadPDID), (8 bytes).
    Removing sys.o(i.SYS_ResetCPU), (14 bytes).
    Removing sys.o(i.SYS_ResetChip), (14 bytes).
    Removing sys.o(i.SYS_ResetModule), (26 bytes).
    Removing clk.o(.rev16_text), (4 bytes).
    Removing clk.o(.revsh_text), (4 bytes).
    Removing clk.o(i.CLK_DisableCKO), (16 bytes).
    Removing clk.o(i.CLK_DisableModuleClock), (52 bytes).
    Removing clk.o(i.CLK_DisablePLL), (16 bytes).
    Removing clk.o(i.CLK_DisableXtalRC), (16 bytes).
    Removing clk.o(i.CLK_EnableCKO), (44 bytes).
    Removing clk.o(i.CLK_GetCPUFreq), (16 bytes).
    Removing clk.o(i.CLK_GetHCLKFreq), (16 bytes).
    Removing clk.o(i.CLK_GetHXTFreq), (20 bytes).
    Removing clk.o(i.CLK_GetPCLKFreq), (16 bytes).
    Removing clk.o(i.CLK_Idle), (32 bytes).
    Removing clk.o(i.CLK_PowerDown), (36 bytes).
    Removing clk.o(i.CLK_SetSysTickClockSrc), (20 bytes).
    Removing gpio.o(.rev16_text), (4 bytes).
    Removing gpio.o(.revsh_text), (4 bytes).
    Removing gpio.o(i.GPIO_DisableInt), (28 bytes).
    Removing timer.o(.rev16_text), (4 bytes).
    Removing timer.o(.revsh_text), (4 bytes).
    Removing timer.o(i.TIMER_Close), (8 bytes).
    Removing timer.o(i.TIMER_Delay), (196 bytes).
    Removing timer.o(i.TIMER_DisableCapture), (10 bytes).
    Removing timer.o(i.TIMER_DisableEventCounter), (12 bytes).
    Removing timer.o(i.TIMER_EnableCapture), (20 bytes).
    Removing timer.o(i.TIMER_EnableEventCounter), (22 bytes).
    Removing timer.o(i.TIMER_GetModuleClock), (108 bytes).
    Removing timer.o(i.TIMER_Open), (100 bytes).
    Removing timer.o(.constdata), (32 bytes).
    Removing can.o(.rev16_text), (4 bytes).
    Removing can.o(.revsh_text), (4 bytes).
    Removing can.o(i.CAN_BasicReceiveMsg), (126 bytes).
    Removing can.o(i.CAN_BasicSendMsg), (176 bytes).
    Removing can.o(i.CAN_CLR_INT_PENDING_BIT), (56 bytes).
    Removing can.o(i.CAN_Close), (10 bytes).
    Removing can.o(i.CAN_DisableInt), (40 bytes).
    Removing can.o(i.CAN_EnableInt), (50 bytes).
    Removing can.o(i.CAN_EnterInitMode), (18 bytes).
    Removing can.o(i.CAN_EnterTestMode), (12 bytes).
    Removing can.o(i.CAN_GetCANBitRate), (52 bytes).
    Removing can.o(i.CAN_IsNewDataReceived), (24 bytes).
    Removing can.o(i.CAN_LeaveInitMode), (16 bytes).
    Removing can.o(i.CAN_LeaveTestMode), (24 bytes).
    Removing can.o(i.CAN_Open), (28 bytes).
    Removing can.o(i.CAN_ReadMsgObj), (140 bytes).
    Removing can.o(i.CAN_Receive), (38 bytes).
    Removing can.o(i.CAN_SetBaudRate), (140 bytes).
    Removing can.o(i.CAN_SetMultiRxMsg), (78 bytes).
    Removing can.o(i.CAN_SetRxMsg), (52 bytes).
    Removing can.o(i.CAN_SetRxMsgObj), (112 bytes).
    Removing can.o(i.CAN_SetTxMsg), (180 bytes).
    Removing can.o(i.CAN_Transmit), (52 bytes).
    Removing can.o(i.CAN_TriggerTxMsg), (36 bytes).
    Removing can.o(i.CAN_WaitMsg), (22 bytes).
    Removing can.o(i.GetFreeIF), (26 bytes).
    Removing adc.o(.rev16_text), (4 bytes).
    Removing adc.o(.revsh_text), (4 bytes).
    Removing adc.o(i.ADC_Close), (16 bytes).
    Removing adc.o(i.ADC_DisableHWTrigger), (20 bytes).
    Removing adc.o(i.ADC_DisableInt), (44 bytes).
    Removing adc.o(i.ADC_EnableHWTrigger), (32 bytes).
    Removing adc.o(i.ADC_EnableInt), (44 bytes).
    Removing adc.o(i.ADC_Open), (36 bytes).
    Removing fmc.o(.rev16_text), (4 bytes).
    Removing fmc.o(.revsh_text), (4 bytes).
    Removing fmc.o(i.FMC_Close), (16 bytes).
    Removing fmc.o(i.FMC_DisableAPUpdate), (16 bytes).
    Removing fmc.o(i.FMC_DisableConfigUpdate), (16 bytes).
    Removing fmc.o(i.FMC_DisableLDUpdate), (16 bytes).
    Removing fmc.o(i.FMC_EnableAPUpdate), (16 bytes).
    Removing fmc.o(i.FMC_EnableConfigUpdate), (16 bytes).
    Removing fmc.o(i.FMC_EnableLDUpdate), (16 bytes).
    Removing fmc.o(i.FMC_GetBootSource), (20 bytes).
    Removing fmc.o(i.FMC_Open), (16 bytes).
    Removing fmc.o(i.FMC_Read), (32 bytes).
    Removing fmc.o(i.FMC_ReadConfig), (34 bytes).
    Removing fmc.o(i.FMC_ReadDataFlashBaseAddr), (12 bytes).
    Removing fmc.o(i.FMC_SetBootSource), (24 bytes).
    Removing fmc.o(i.FMC_WriteConfig), (76 bytes).
    Removing wdt.o(.rev16_text), (4 bytes).
    Removing wdt.o(.revsh_text), (4 bytes).
    Removing wdt.o(i.WDT_Open), (28 bytes).

117 unused section(s) (total 4080 bytes) removed from the image.

==============================================================================

Image Symbol Table

    Local Symbols

    Symbol Name                              Value     Ov Type        Size  Object(Section)

    RESET                                    0x00000000   Section      192  startup_nuc131.o(RESET)
    ../../microlib/division.c                0x00000000   Number         0  uidiv.o ABSOLUTE
    ../../microlib/init/entry.s              0x00000000   Number         0  entry.o ABSOLUTE
    ../../microlib/init/entry.s              0x00000000   Number         0  entry5.o ABSOLUTE
    ../../microlib/init/entry.s              0x00000000   Number         0  entry2.o ABSOLUTE
    ../../microlib/init/entry.s              0x00000000   Number         0  entry7.o ABSOLUTE
    ../../microlib/string/memcpy.c           0x00000000   Number         0  memcpyb.o ABSOLUTE
    ../../microlib/string/memcpy.c           0x00000000   Number         0  memcpya.o ABSOLUTE
    ..\Library\Device\Nuvoton\NUC131\Source\ARM\startup_NUC131.s 0x00000000   Number         0  startup_nuc131.o ABSOLUTE
    ..\Library\Device\Nuvoton\NUC131\Source\system_NUC131.c 0x00000000   Number         0  system_nuc131.o ABSOLUTE
    ..\Library\StdDriver\src\adc.c           0x00000000   Number         0  adc.o ABSOLUTE
    ..\Library\StdDriver\src\can.c           0x00000000   Number         0  can.o ABSOLUTE
    ..\Library\StdDriver\src\clk.c           0x00000000   Number         0  clk.o ABSOLUTE
    ..\Library\StdDriver\src\fmc.c           0x00000000   Number         0  fmc.o ABSOLUTE
    ..\Library\StdDriver\src\gpio.c          0x00000000   Number         0  gpio.o ABSOLUTE
    ..\Library\StdDriver\src\sys.c           0x00000000   Number         0  sys.o ABSOLUTE
    ..\Library\StdDriver\src\timer.c         0x00000000   Number         0  timer.o ABSOLUTE
    ..\Library\StdDriver\src\uart.c          0x00000000   Number         0  uart.o ABSOLUTE
    ..\Library\StdDriver\src\wdt.c           0x00000000   Number         0  wdt.o ABSOLUTE
    ..\\Library\\Device\\Nuvoton\\NUC131\\Source\\system_NUC131.c 0x00000000   Number         0  system_nuc131.o ABSOLUTE
    ..\\Library\\StdDriver\\src\\adc.c       0x00000000   Number         0  adc.o ABSOLUTE
    ..\\Library\\StdDriver\\src\\can.c       0x00000000   Number         0  can.o ABSOLUTE
    ..\\Library\\StdDriver\\src\\clk.c       0x00000000   Number         0  clk.o ABSOLUTE
    ..\\Library\\StdDriver\\src\\fmc.c       0x00000000   Number         0  fmc.o ABSOLUTE
    ..\\Library\\StdDriver\\src\\gpio.c      0x00000000   Number         0  gpio.o ABSOLUTE
    ..\\Library\\StdDriver\\src\\sys.c       0x00000000   Number         0  sys.o ABSOLUTE
    ..\\Library\\StdDriver\\src\\timer.c     0x00000000   Number         0  timer.o ABSOLUTE
    ..\\Library\\StdDriver\\src\\uart.c      0x00000000   Number         0  uart.o ABSOLUTE
    ..\\Library\\StdDriver\\src\\wdt.c       0x00000000   Number         0  wdt.o ABSOLUTE
    ..\\user\\main.c                         0x00000000   Number         0  main.o ABSOLUTE
    ..\user\main.c                           0x00000000   Number         0  main.o ABSOLUTE
    handlers.s                               0x00000000   Number         0  handlers.o ABSOLUTE
    init.s                                   0x00000000   Number         0  init.o ABSOLUTE
    .ARM.Collect$$$$00000000                 0x000000c0   Section        0  entry.o(.ARM.Collect$$$$00000000)
    .ARM.Collect$$$$00000001                 0x000000c0   Section        4  entry2.o(.ARM.Collect$$$$00000001)
    .ARM.Collect$$$$00000004                 0x000000c4   Section        4  entry5.o(.ARM.Collect$$$$00000004)
    .ARM.Collect$$$$00000007                 0x000000c8   Section        8  entry7.o(.ARM.Collect$$$$00000007)
    .ARM.Collect$$$$00002712                 0x000000d0   Section        4  entry2.o(.ARM.Collect$$$$00002712)
    __lit__00000000                          0x000000d0   Data           4  entry2.o(.ARM.Collect$$$$00002712)
    .text                                    0x000000d4   Section       76  startup_nuc131.o(.text)
    Default_Handler                          0x000000ff   Thumb Code     2  startup_nuc131.o(.text)
    .text                                    0x00000120   Section        0  uidiv.o(.text)
    .text                                    0x0000014c   Section       36  init.o(.text)
    i.CLK_EnableModuleClock                  0x00000170   Section        0  clk.o(i.CLK_EnableModuleClock)
    i.CLK_EnablePLL                          0x000001a4   Section        0  clk.o(i.CLK_EnablePLL)
    i.CLK_EnableXtalRC                       0x0000033c   Section        0  clk.o(i.CLK_EnableXtalRC)
    i.CLK_SetCoreClock                       0x0000034c   Section        0  clk.o(i.CLK_SetCoreClock)
    i.CLK_SetHCLK                            0x000003c8   Section        0  clk.o(i.CLK_SetHCLK)
    i.CLK_SetModuleClock                     0x00000410   Section        0  clk.o(i.CLK_SetModuleClock)
    i.CLK_WaitClockReady                     0x00000470   Section        0  clk.o(i.CLK_WaitClockReady)
    i.GPIO_EnableInt                         0x0000049c   Section        0  gpio.o(i.GPIO_EnableInt)
    i.GPIO_INIT                              0x000004b8   Section        0  main.o(i.GPIO_INIT)
    i.GPIO_SetMode                           0x00000758   Section        0  gpio.o(i.GPIO_SetMode)
    i.SYS_Init                               0x00000780   Section        0  main.o(i.SYS_Init)
    i.SystemCoreClockUpdate                  0x00000820   Section        0  system_nuc131.o(i.SystemCoreClockUpdate)
    i.SystemInit                             0x000008b0   Section        0  system_nuc131.o(i.SystemInit)
    i.__scatterload_copy                     0x000008b2   Section       14  handlers.o(i.__scatterload_copy)
    i.__scatterload_null                     0x000008c0   Section        2  handlers.o(i.__scatterload_null)
    i.__scatterload_zeroinit                 0x000008c2   Section       14  handlers.o(i.__scatterload_zeroinit)
    i.main                                   0x000008d0   Section        0  main.o(i.main)
    .constdata                               0x0000090c   Section       48  clk.o(.constdata)
    .data                                    0x20000000   Section       44  system_nuc131.o(.data)
    STACK                                    0x20000030   Section     1024  startup_nuc131.o(STACK)

    Global Symbols

    Symbol Name                              Value     Ov Type        Size  Object(Section)

    BuildAttributes$$THM_ISAv3M$S$PE$A:L22$X:L11$S22$IEEE1$IW$USESV6$~STKCKD$USESV7$~SHL$OSPACE$EBA8$MICROLIB$REQ8$PRES8$EABIv2 0x00000000   Number         0  anon$$obj.o ABSOLUTE
    __ARM_use_no_argv                        0x00000000   Number         0  main.o ABSOLUTE
    __Vectors                                0x00000000   Data           4  startup_nuc131.o(RESET)
    __decompress                              - Undefined Weak Reference
    __main                                   0x000000c1   Thumb Code     0  entry.o(.ARM.Collect$$$$00000000)
    _main_stk                                0x000000c1   Thumb Code     0  entry2.o(.ARM.Collect$$$$00000001)
    _main_scatterload                        0x000000c5   Thumb Code     0  entry5.o(.ARM.Collect$$$$00000004)
    __main_after_scatterload                 0x000000c9   Thumb Code     0  entry5.o(.ARM.Collect$$$$00000004)
    _main_init                               0x000000c9   Thumb Code     0  entry7.o(.ARM.Collect$$$$00000007)
    Reset_Handler                            0x000000d5   Thumb Code    32  startup_nuc131.o(.text)
    NMI_Handler                              0x000000f5   Thumb Code     2  startup_nuc131.o(.text)
    HardFault_Handler                        0x000000f7   Thumb Code     2  startup_nuc131.o(.text)
    SVC_Handler                              0x000000f9   Thumb Code     2  startup_nuc131.o(.text)
    PendSV_Handler                           0x000000fb   Thumb Code     2  startup_nuc131.o(.text)
    SysTick_Handler                          0x000000fd   Thumb Code     2  startup_nuc131.o(.text)
    ADC_IRQHandler                           0x000000ff   Thumb Code     0  startup_nuc131.o(.text)
    BOD_IRQHandler                           0x000000ff   Thumb Code     0  startup_nuc131.o(.text)
    BPWM0_IRQHandler                         0x000000ff   Thumb Code     0  startup_nuc131.o(.text)
    BPWM1_IRQHandler                         0x000000ff   Thumb Code     0  startup_nuc131.o(.text)
    BRAKE0_IRQHandler                        0x000000ff   Thumb Code     0  startup_nuc131.o(.text)
    BRAKE1_IRQHandler                        0x000000ff   Thumb Code     0  startup_nuc131.o(.text)
    CAN0_IRQHandler                          0x000000ff   Thumb Code     0  startup_nuc131.o(.text)
    CAN1_IRQHandler                          0x000000ff   Thumb Code     0  startup_nuc131.o(.text)
    CKD_IRQHandler                           0x000000ff   Thumb Code     0  startup_nuc131.o(.text)
    EINT0_IRQHandler                         0x000000ff   Thumb Code     0  startup_nuc131.o(.text)
    EINT1_IRQHandler                         0x000000ff   Thumb Code     0  startup_nuc131.o(.text)
    GPAB_IRQHandler                          0x000000ff   Thumb Code     0  startup_nuc131.o(.text)
    GPCDEF_IRQHandler                        0x000000ff   Thumb Code     0  startup_nuc131.o(.text)
    I2C0_IRQHandler                          0x000000ff   Thumb Code     0  startup_nuc131.o(.text)
    I2C1_IRQHandler                          0x000000ff   Thumb Code     0  startup_nuc131.o(.text)
    PWM0_IRQHandler                          0x000000ff   Thumb Code     0  startup_nuc131.o(.text)
    PWM1_IRQHandler                          0x000000ff   Thumb Code     0  startup_nuc131.o(.text)
    PWRWU_IRQHandler                         0x000000ff   Thumb Code     0  startup_nuc131.o(.text)
    RTC_IRQHandler                           0x000000ff   Thumb Code     0  startup_nuc131.o(.text)
    SPI0_IRQHandler                          0x000000ff   Thumb Code     0  startup_nuc131.o(.text)
    TMR0_IRQHandler                          0x000000ff   Thumb Code     0  startup_nuc131.o(.text)
    TMR1_IRQHandler                          0x000000ff   Thumb Code     0  startup_nuc131.o(.text)
    TMR2_IRQHandler                          0x000000ff   Thumb Code     0  startup_nuc131.o(.text)
    TMR3_IRQHandler                          0x000000ff   Thumb Code     0  startup_nuc131.o(.text)
    UART02_IRQHandler                        0x000000ff   Thumb Code     0  startup_nuc131.o(.text)
    UART1_IRQHandler                         0x000000ff   Thumb Code     0  startup_nuc131.o(.text)
    UART3_IRQHandler                         0x000000ff   Thumb Code     0  startup_nuc131.o(.text)
    UART4_IRQHandler                         0x000000ff   Thumb Code     0  startup_nuc131.o(.text)
    UART5_IRQHandler                         0x000000ff   Thumb Code     0  startup_nuc131.o(.text)
    WDT_IRQHandler                           0x000000ff   Thumb Code     0  startup_nuc131.o(.text)
    __aeabi_uidiv                            0x00000121   Thumb Code     0  uidiv.o(.text)
    __aeabi_uidivmod                         0x00000121   Thumb Code    44  uidiv.o(.text)
    __scatterload                            0x0000014d   Thumb Code    28  init.o(.text)
    __scatterload_rt2                        0x0000014d   Thumb Code     0  init.o(.text)
    CLK_EnableModuleClock                    0x00000171   Thumb Code    42  clk.o(i.CLK_EnableModuleClock)
    CLK_EnablePLL                            0x000001a5   Thumb Code   348  clk.o(i.CLK_EnablePLL)
    CLK_EnableXtalRC                         0x0000033d   Thumb Code    10  clk.o(i.CLK_EnableXtalRC)
    CLK_SetCoreClock                         0x0000034d   Thumb Code   114  clk.o(i.CLK_SetCoreClock)
    CLK_SetHCLK                              0x000003c9   Thumb Code    66  clk.o(i.CLK_SetHCLK)
    CLK_SetModuleClock                       0x00000411   Thumb Code    88  clk.o(i.CLK_SetModuleClock)
    CLK_WaitClockReady                       0x00000471   Thumb Code    34  clk.o(i.CLK_WaitClockReady)
    GPIO_EnableInt                           0x0000049d   Thumb Code    26  gpio.o(i.GPIO_EnableInt)
    GPIO_INIT                                0x000004b9   Thumb Code   646  main.o(i.GPIO_INIT)
    GPIO_SetMode                             0x00000759   Thumb Code    40  gpio.o(i.GPIO_SetMode)
    SYS_Init                                 0x00000781   Thumb Code   142  main.o(i.SYS_Init)
    SystemCoreClockUpdate                    0x00000821   Thumb Code   118  system_nuc131.o(i.SystemCoreClockUpdate)
    SystemInit                               0x000008b1   Thumb Code     2  system_nuc131.o(i.SystemInit)
    __scatterload_copy                       0x000008b3   Thumb Code    14  handlers.o(i.__scatterload_copy)
    __scatterload_null                       0x000008c1   Thumb Code     2  handlers.o(i.__scatterload_null)
    __scatterload_zeroinit                   0x000008c3   Thumb Code    14  handlers.o(i.__scatterload_zeroinit)
    main                                     0x000008d1   Thumb Code    46  main.o(i.main)
    Region$$Table$$Base                      0x0000093c   Number         0  anon$$obj.o(Region$$Table)
    Region$$Table$$Limit                     0x0000095c   Number         0  anon$$obj.o(Region$$Table)
    SystemCoreClock                          0x20000000   Data           4  system_nuc131.o(.data)
    CyclesPerUs                              0x20000004   Data           4  system_nuc131.o(.data)
    PllClock                                 0x20000008   Data           4  system_nuc131.o(.data)
    gau32ClkSrcTbl                           0x2000000c   Data          32  system_nuc131.o(.data)
    __initial_sp                             0x20000430   Data           0  startup_nuc131.o(STACK)



==============================================================================

Memory Map of the image

  Image Entry point : 0x000000d5

  Load Region LR_1 (Base: 0x00000000, Size: 0x00000988, Max: 0xffffffff, ABSOLUTE)

    Execution Region ER_RO (Base: 0x00000000, Size: 0x0000095c, Max: 0xffffffff, ABSOLUTE)

    Base Addr    Size         Type   Attr      Idx    E Section Name        Object

    0x00000000   0x000000c0   Data   RO            3    RESET               startup_nuc131.o
    0x000000c0   0x00000000   Code   RO          897  * .ARM.Collect$$$$00000000  mc_p.l(entry.o)(mc_p.l)
    0x000000c0   0x00000004   Code   RO          904    .ARM.Collect$$$$00000001  mc_p.l(entry2.o)(mc_p.l)
    0x000000c4   0x00000004   Code   RO          907    .ARM.Collect$$$$00000004  mc_p.l(entry5.o)(mc_p.l)
    0x000000c8   0x00000008   Code   RO          908    .ARM.Collect$$$$00000007  mc_p.l(entry7.o)(mc_p.l)
    0x000000d0   0x00000004   Code   RO          905    .ARM.Collect$$$$00002712  mc_p.l(entry2.o)(mc_p.l)
    0x000000d4   0x0000004c   Code   RO            4  * .text               startup_nuc131.o
    0x00000120   0x0000002c   Code   RO          898    .text               mc_p.l(uidiv.o)(mc_p.l)
    0x0000014c   0x00000024   Code   RO          909    .text               mc_p.l(init.o)(mc_p.l)
    0x00000170   0x00000034   Code   RO          354    i.CLK_EnableModuleClock  clk.o
    0x000001a4   0x00000198   Code   RO          355    i.CLK_EnablePLL     clk.o
    0x0000033c   0x00000010   Code   RO          356    i.CLK_EnableXtalRC  clk.o
    0x0000034c   0x0000007c   Code   RO          363    i.CLK_SetCoreClock  clk.o
    0x000003c8   0x00000048   Code   RO          364    i.CLK_SetHCLK       clk.o
    0x00000410   0x00000060   Code   RO          365    i.CLK_SetModuleClock  clk.o
    0x00000470   0x0000002c   Code   RO          367    i.CLK_WaitClockReady  clk.o
    0x0000049c   0x0000001a   Code   RO          479    i.GPIO_EnableInt    gpio.o
    0x000004b6   0x00000002   PAD
    0x000004b8   0x000002a0   Code   RO          102    i.GPIO_INIT         main.o
    0x00000758   0x00000028   Code   RO          480    i.GPIO_SetMode      gpio.o
    0x00000780   0x000000a0   Code   RO          103    i.SYS_Init          main.o
    0x00000820   0x00000090   Code   RO           12    i.SystemCoreClockUpdate  system_nuc131.o
    0x000008b0   0x00000002   Code   RO           13    i.SystemInit        system_nuc131.o
    0x000008b2   0x0000000e   Code   RO          913    i.__scatterload_copy  mc_p.l(handlers.o)(mc_p.l)
    0x000008c0   0x00000002   Code   RO          914    i.__scatterload_null  mc_p.l(handlers.o)(mc_p.l)
    0x000008c2   0x0000000e   Code   RO          915    i.__scatterload_zeroinit  mc_p.l(handlers.o)(mc_p.l)
    0x000008d0   0x0000003c   Code   RO          104    i.main              main.o
    0x0000090c   0x00000030   Data   RO          368    .constdata          clk.o
    0x0000093c   0x00000020   Data   RO          911    Region$$Table       anon$$obj.o


    Execution Region ER_RW (Base: 0x20000000, Size: 0x0000002c, Max: 0xffffffff, ABSOLUTE)

    Base Addr    Size         Type   Attr      Idx    E Section Name        Object

    0x20000000   0x0000002c   Data   RW           14    .data               system_nuc131.o


    Execution Region ER_ZI (Base: 0x2000002c, Size: 0x00000404, Max: 0xffffffff, ABSOLUTE)

    Base Addr    Size         Type   Attr      Idx    E Section Name        Object

    0x2000002c   0x00000004   PAD
    0x20000030   0x00000400   Zero   RW            1    STACK               startup_nuc131.o


==============================================================================

Image component sizes


      Code (inc. data)   RO Data    RW Data    ZI Data      Debug   Object Name

       812        110         48          0          0          0   clk.o
        66          0          0          0          0          0   gpio.o
       892         58          0          0          0          0   main.o
        76         32        192          0       1024          0   startup_nuc131.o
       146         26          0         44          0          0   system_nuc131.o

    ----------------------------------------------------------------------
      1994        226        272         44       1028          0   Object Totals
         0          0         32          0          0          0   (incl. Generated)
         2          0          0          0          4          1   (incl. Padding)

    ----------------------------------------------------------------------

      Code (inc. data)   RO Data    RW Data    ZI Data      Debug   Library Member Name

         0          0          0          0          0          0   entry.o
         8          4          0          0          0          0   entry2.o
         4          0          0          0          0          0   entry5.o
         8          4          0          0          0          0   entry7.o
        30          0          0          0          0          0   handlers.o
        36          8          0          0          0          0   init.o
        44          0          0          0          0          0   uidiv.o

    ----------------------------------------------------------------------
       130         16          0          0          0          0   Library Totals
         0          0          0          0          0          0   (incl. Padding)

    ----------------------------------------------------------------------

      Code (inc. data)   RO Data    RW Data    ZI Data      Debug   Library Name

       130         16          0          0          0        140   mc_p.l

    ----------------------------------------------------------------------
       130         16          0          0          0          0   Library Totals

    ----------------------------------------------------------------------

==============================================================================


      Code (inc. data)   RO Data    RW Data    ZI Data      Debug   

      2124        242        272         44       1028     301668   Grand Totals
      2124        242        272         44       1028     301668   ELF Image Totals
      2124        242        272         44          0          0   ROM Totals

==============================================================================

    Total RO  Size (Code + RO Data)                 2396 (   2.34kB)
    Total RW  Size (RW Data + ZI Data)              1072 (   1.05kB)
    Total ROM Size (Code + RO Data + RW Data)       2440 (   2.38kB)

==============================================================================

