<html>
<body>
<pre>
<h1>礦ision Build Log</h1>
<h2>Project:</h2>
C:\Users\Administrator\Desktop\BDRSBack\新塘131实验程序\LED\UART_TxRx_Function\KEIL\UART_TxRx_Function.uvproj
Project File Date:  07/27/2017

<h2>Output:</h2>
Load "C:\\Users\\Administrator\\Desktop\\BDRSBack\\新塘131实验程序\\LED\\UART_TxRx_Function\\KEIL\\obj\\UART_TxRxFunction.AXF" 
Programming Done.
Verify OK.
Application running...
Build target 'UART_TxRx_Function'
assembling startup_NUC131.s...
compiling system_NUC131.c...
compiling main.c...
..\user\main.c(202): warning:  #177-D: variable "i32Err" was declared but never referenced
..\user\main.c:       int32_t i32Err;
..\user\main.c:               ^
..\user\main.c: ..\user\main.c: 1 warning, 0 errors
compiling uart.c...
compiling sys.c...
compiling clk.c...
compiling gpio.c...
compiling timer.c...
compiling can.c...
compiling adc.c...
compiling fmc.c...
compiling wdt.c...
linking...
Program Size: Code=2124 RO-data=272 RW-data=44 ZI-data=1028  
FromELF: creating hex file...
User command #1: fromelf --bin ".\obj\UART_TxRxFunction.axf" --output ".\obj\UART_TxRxFunction.bin"
User command #2: fromelf --text -c ".\obj\UART_TxRxFunction.axf" --output ".\obj\UART_TxRxFunction.txt"
".\obj\UART_TxRxFunction.axf" - 0 Error(s), 1 Warning(s).
Load "C:\\Users\\Administrator\\Desktop\\BDRSBack\\新塘131实验程序\\LED\\UART_TxRx_Function\\KEIL\\obj\\UART_TxRxFunction.AXF" 
Programming Done.
Verify OK.
Application running...
