ARM Linker, 4.1 [Build 481] [Standard]

==============================================================================

Small function inlining results

Inlined function __aeabi_idiv0 from aeabi_idiv0.o at offset 0x154 in aeabi_sdiv.o(.text).
Inlined Instruction: BX       lr
Inlined function __aeabi_idiv0 from aeabi_idiv0.o at offset 0x154 in aeabi_sdiv_div0.o(.text).
Inlined Instruction: BX       lr
Inlined function _platform_pre_stackheap_init from boardinit1.o at offset 0x0 in rtentry2.o(.ARM.Collect$$rtentry$$00000001).
Inlined Instruction: BX       lr
Inlined function _fp_init from fpinit.o at offset 0x2 in libinit.o(.ARM.Collect$$libinit$$00000000).
Inlined Instruction: BX       lr
Inlined function _platform_pre_lib_shutdown from boardshut.o at offset 0x0 in rtexit2.o(.ARM.Collect$$rtexit$$00000001).
Inlined Instruction: BX       lr
Inlined function __ARM_get_argv from no_argv.o at offset 0x2 in argv_veneer.o(.text).
Inlined Instruction: BX       lr
Inlined total of 6 calls.

==============================================================================

Section Cross References

    startup_m051series.o(STACK) refers (Special) to heapauxi.o(.text) for __use_two_region_memory
    startup_m051series.o(HEAP) refers (Special) to heapauxi.o(.text) for __use_two_region_memory
    startup_m051series.o(RESET) refers (Special) to heapauxi.o(.text) for __use_two_region_memory
    startup_m051series.o(RESET) refers to startup_m051series.o(STACK) for __initial_sp
    startup_m051series.o(RESET) refers to startup_m051series.o(.text) for Reset_Handler
    startup_m051series.o(RESET) refers to retarget.o(.emb_text) for HardFault_Handler
    startup_m051series.o(RESET) refers to main.o(i.TMR1_IRQHandler) for TMR1_IRQHandler
    startup_m051series.o(RESET) refers to main.o(i.UART0_IRQHandler) for UART0_IRQHandler
    startup_m051series.o(.text) refers (Special) to heapauxi.o(.text) for __use_two_region_memory
    startup_m051series.o(.text) refers to system_m051series.o(i.SystemInit) for SystemInit
    startup_m051series.o(.text) refers to __main.o(!!!main) for __main
    startup_m051series.o(.text) refers to startup_m051series.o(HEAP) for Heap_Mem
    startup_m051series.o(.text) refers to startup_m051series.o(STACK) for Stack_Mem
    system_m051series.o(i.CLK_GetPLLClockFreq) refers to aeabi_sdiv.o(.text) for __aeabi_uidivmod
    system_m051series.o(i.SystemCoreClockUpdate) refers to system_m051series.o(i.CLK_GetPLLClockFreq) for CLK_GetPLLClockFreq
    system_m051series.o(i.SystemCoreClockUpdate) refers to aeabi_sdiv.o(.text) for __aeabi_uidivmod
    system_m051series.o(i.SystemCoreClockUpdate) refers to system_m051series.o(.data) for PllClock
    system_m051series.o(i.SystemCoreClockUpdate) refers to system_m051series.o(.constdata) for gau32ClkSrcTbl
    pwm.o(i.PWM_ConfigCaptureChannel) refers to rt_memcpy.o(.emb_text) for __aeabi_memcpy4
    pwm.o(i.PWM_ConfigCaptureChannel) refers to system_m051series.o(i.SystemCoreClockUpdate) for SystemCoreClockUpdate
    pwm.o(i.PWM_ConfigCaptureChannel) refers to aeabi_sdiv.o(.text) for __aeabi_uidivmod
    pwm.o(i.PWM_ConfigCaptureChannel) refers to pwm.o(.constdata) for .constdata
    pwm.o(i.PWM_ConfigCaptureChannel) refers to system_m051series.o(.data) for SystemCoreClock
    pwm.o(i.PWM_ConfigOutputChannel) refers to rt_memcpy.o(.emb_text) for __aeabi_memcpy4
    pwm.o(i.PWM_ConfigOutputChannel) refers to system_m051series.o(i.SystemCoreClockUpdate) for SystemCoreClockUpdate
    pwm.o(i.PWM_ConfigOutputChannel) refers to aeabi_sdiv.o(.text) for __aeabi_uidivmod
    pwm.o(i.PWM_ConfigOutputChannel) refers to pwm.o(.constdata) for .constdata
    pwm.o(i.PWM_ConfigOutputChannel) refers to system_m051series.o(.data) for SystemCoreClock
    retarget.o(.emb_text) refers to retarget.o(i.Hard_Fault_Handler) for Hard_Fault_Handler
    retarget.o(i.Hard_Fault_Handler) refers to noretval__2printf.o(.text) for __2printf
    retarget.o(i.Hard_Fault_Handler) refers to retarget.o(i.stackDump) for stackDump
    retarget.o(i.SendChar) refers to retarget.o(i.SendChar_ToUART) for SendChar_ToUART
    retarget.o(i._ttywrch) refers to retarget.o(i.SendChar) for SendChar
    retarget.o(i.fgetc) refers to retarget.o(i.GetChar) for GetChar
    retarget.o(i.fputc) refers to retarget.o(i.SendChar) for SendChar
    retarget.o(i.stackDump) refers to _printf_percent.o(.ARM.Collect$$_printf_percent$$00000000) for _printf_percent
    retarget.o(i.stackDump) refers to _printf_x.o(.ARM.Collect$$_printf_percent$$0000000C) for _printf_x
    retarget.o(i.stackDump) refers to _printf_hex_int.o(.text) for _printf_longlong_hex
    retarget.o(i.stackDump) refers to noretval__2printf.o(.text) for __2printf
    timer.o(i.TIMER_Delay) refers to timer.o(i.TIMER_GetModuleClock) for TIMER_GetModuleClock
    timer.o(i.TIMER_Delay) refers to aeabi_sdiv.o(.text) for __aeabi_uidivmod
    timer.o(i.TIMER_Delay) refers to system_m051series.o(.data) for SystemCoreClock
    timer.o(i.TIMER_GetModuleClock) refers to rt_memcpy.o(.emb_text) for __aeabi_memcpy4
    timer.o(i.TIMER_GetModuleClock) refers to timer.o(.constdata) for .constdata
    timer.o(i.TIMER_GetModuleClock) refers to system_m051series.o(.data) for SystemCoreClock
    timer.o(i.TIMER_Open) refers to timer.o(i.TIMER_GetModuleClock) for TIMER_GetModuleClock
    timer.o(i.TIMER_Open) refers to aeabi_sdiv.o(.text) for __aeabi_uidivmod
    uart.o(i.CLK_GetPLLClockFreq) refers to aeabi_sdiv.o(.text) for __aeabi_uidivmod
    uart.o(i.UART_DisableInt) refers to uart.o(i.NVIC_DisableIRQ) for NVIC_DisableIRQ
    uart.o(i.UART_EnableInt) refers to uart.o(i.NVIC_EnableIRQ) for NVIC_EnableIRQ
    uart.o(i.UART_Open) refers to uart.o(i.CLK_GetPLLClockFreq) for CLK_GetPLLClockFreq
    uart.o(i.UART_Open) refers to aeabi_sdiv.o(.text) for __aeabi_uidivmod
    uart.o(i.UART_Open) refers to uart.o(.constdata) for .constdata
    uart.o(i.UART_SelectIrDAMode) refers to uart.o(i.CLK_GetPLLClockFreq) for CLK_GetPLLClockFreq
    uart.o(i.UART_SelectIrDAMode) refers to aeabi_sdiv.o(.text) for __aeabi_uidivmod
    uart.o(i.UART_SelectIrDAMode) refers to uart.o(.constdata) for .constdata
    uart.o(i.UART_SetLine_Config) refers to uart.o(i.CLK_GetPLLClockFreq) for CLK_GetPLLClockFreq
    uart.o(i.UART_SetLine_Config) refers to aeabi_sdiv.o(.text) for __aeabi_uidivmod
    uart.o(i.UART_SetLine_Config) refers to uart.o(.constdata) for .constdata
    clk.o(i.CLK_DisableCKO) refers to clk.o(i.CLK_DisableModuleClock) for CLK_DisableModuleClock
    clk.o(i.CLK_EnableCKO) refers to clk.o(i.CLK_EnableModuleClock) for CLK_EnableModuleClock
    clk.o(i.CLK_EnableCKO) refers to clk.o(i.CLK_SetModuleClock) for CLK_SetModuleClock
    clk.o(i.CLK_EnablePLL) refers to clk.o(i.CLK_WaitClockReady) for CLK_WaitClockReady
    clk.o(i.CLK_EnablePLL) refers to aeabi_sdiv.o(.text) for __aeabi_uidivmod
    clk.o(i.CLK_EnablePLL) refers to clk.o(i.CLK_GetPLLClockFreq) for CLK_GetPLLClockFreq
    clk.o(i.CLK_GetCPUFreq) refers to system_m051series.o(i.SystemCoreClockUpdate) for SystemCoreClockUpdate
    clk.o(i.CLK_GetCPUFreq) refers to system_m051series.o(.data) for SystemCoreClock
    clk.o(i.CLK_GetHCLKFreq) refers to system_m051series.o(i.SystemCoreClockUpdate) for SystemCoreClockUpdate
    clk.o(i.CLK_GetHCLKFreq) refers to system_m051series.o(.data) for SystemCoreClock
    clk.o(i.CLK_GetPCLKFreq) refers to system_m051series.o(i.SystemCoreClockUpdate) for SystemCoreClockUpdate
    clk.o(i.CLK_GetPCLKFreq) refers to system_m051series.o(.data) for SystemCoreClock
    clk.o(i.CLK_GetPLLClockFreq) refers to aeabi_sdiv.o(.text) for __aeabi_uidivmod
    clk.o(i.CLK_SetCoreClock) refers to clk.o(i.CLK_WaitClockReady) for CLK_WaitClockReady
    clk.o(i.CLK_SetCoreClock) refers to clk.o(i.CLK_EnablePLL) for CLK_EnablePLL
    clk.o(i.CLK_SetCoreClock) refers to clk.o(i.CLK_SetHCLK) for CLK_SetHCLK
    clk.o(i.CLK_SetHCLK) refers to clk.o(i.CLK_WaitClockReady) for CLK_WaitClockReady
    clk.o(i.CLK_SetHCLK) refers to system_m051series.o(i.SystemCoreClockUpdate) for SystemCoreClockUpdate
    main.o(i.GprsSendComm) refers to main.o(i.sysPrintf) for sysPrintf
    main.o(i.SYS_Init) refers to clk.o(i.CLK_EnableXtalRC) for CLK_EnableXtalRC
    main.o(i.SYS_Init) refers to clk.o(i.CLK_WaitClockReady) for CLK_WaitClockReady
    main.o(i.SYS_Init) refers to clk.o(i.CLK_SetHCLK) for CLK_SetHCLK
    main.o(i.SYS_Init) refers to clk.o(i.CLK_SetCoreClock) for CLK_SetCoreClock
    main.o(i.SYS_Init) refers to clk.o(i.CLK_EnableModuleClock) for CLK_EnableModuleClock
    main.o(i.SYS_Init) refers to clk.o(i.CLK_SetModuleClock) for CLK_SetModuleClock
    main.o(i.SYS_Init) refers to gpio.o(i.GPIO_SetMode) for GPIO_SetMode
    main.o(i.SendData) refers to uart.o(i.UART_EnableInt) for UART_EnableInt
    main.o(i.SendData) refers to main.o(.data) for counter
    main.o(i.TIMER1_Init) refers to clk.o(i.CLK_EnableModuleClock) for CLK_EnableModuleClock
    main.o(i.TIMER1_Init) refers to clk.o(i.CLK_SetModuleClock) for CLK_SetModuleClock
    main.o(i.TIMER1_Init) refers to timer.o(i.TIMER_Open) for TIMER_Open
    main.o(i.TIMER1_Init) refers to main.o(i.NVIC_EnableIRQ) for NVIC_EnableIRQ
    main.o(i.TMR1_IRQHandler) refers to main.o(.data) for CounterLed
    main.o(i.UART0_IRQHandler) refers to main.o(i.UART_TEST_HANDLE) for UART_TEST_HANDLE
    main.o(i.UART0_Init) refers to sys.o(i.SYS_ResetModule) for SYS_ResetModule
    main.o(i.UART0_Init) refers to uart.o(i.UART_Open) for UART_Open
    main.o(i.UART0_Init) refers to main.o(.data) for _sys_uUartTxTail
    main.o(i.UART_FunctionTest) refers to noretval__2printf.o(.text) for __2printf
    main.o(i.UART_FunctionTest) refers to main.o(i.NVIC_EnableIRQ) for NVIC_EnableIRQ
    main.o(i.UART_FunctionTest) refers to main.o(i.GprsSendComm) for GprsSendComm
    main.o(i.UART_FunctionTest) refers to main.o(.data) for TestBuffer
    main.o(i.UART_SendMiYao) refers to main.o(i.NVIC_EnableIRQ) for NVIC_EnableIRQ
    main.o(i.UART_SendMiYao) refers to main.o(i.GprsSendComm) for GprsSendComm
    main.o(i.UART_SendMiYao) refers to noretval__2printf.o(.text) for __2printf
    main.o(i.UART_SendMiYao) refers to main.o(.data) for TestBuffer
    main.o(i.UART_TEST_HANDLE) refers to noretval__2printf.o(.text) for __2printf
    main.o(i.UART_TEST_HANDLE) refers to uart.o(i.UART_DisableInt) for UART_DisableInt
    main.o(i.UART_TEST_HANDLE) refers to main.o(.data) for g_bWait
    main.o(i.UART_TEST_HANDLE) refers to main.o(.bss) for g_u8RecData
    main.o(i._PutChar_f) refers to uart.o(i.UART_EnableInt) for UART_EnableInt
    main.o(i._PutChar_f) refers to main.o(.data) for _sys_uUartTxTail
    main.o(i._PutChar_f) refers to main.o(.bss) for _sys_ucUartTxBuf
    main.o(i.main) refers to _printf_percent.o(.ARM.Collect$$_printf_percent$$00000000) for _printf_percent
    main.o(i.main) refers to _printf_d.o(.ARM.Collect$$_printf_percent$$00000009) for _printf_d
    main.o(i.main) refers to _printf_dec.o(.text) for _printf_int_dec
    main.o(i.main) refers to main.o(i.SYS_Init) for SYS_Init
    main.o(i.main) refers to main.o(i.TIMER1_Init) for TIMER1_Init
    main.o(i.main) refers to main.o(i.UART0_Init) for UART0_Init
    main.o(i.main) refers to noretval__2printf.o(.text) for __2printf
    main.o(i.main) refers to main.o(i.UART_FunctionTest) for UART_FunctionTest
    main.o(i.main) refers to system_m051series.o(.data) for SystemCoreClock
    main.o(i.sysPrintf) refers to main.o(i._PutChar_f) for _PutChar_f
    __2printf.o(.text) refers to _printf_char_file.o(.text) for _printf_char_file
    __2printf.o(.text) refers to retarget.o(.data) for __stdout
    noretval__2printf.o(.text) refers to _printf_char_file.o(.text) for _printf_char_file
    noretval__2printf.o(.text) refers to retarget.o(.data) for __stdout
    __printf.o(.text) refers to _printf_percent.o(.ARM.Collect$$_printf_percent$$00000000) for _printf_percent
    _printf_dec.o(.text) refers to rtudiv10.o(.text) for __rt_udiv10
    _printf_dec.o(.text) refers to _printf_intcommon.o(.text) for _printf_int_common
    _printf_hex_ll.o(.text) refers to _printf_intcommon.o(.text) for _printf_int_common
    _printf_hex_ll.o(.text) refers to _printf_hex_ll.o(.constdata) for .constdata
    _printf_hex_int.o(.text) refers to _printf_intcommon.o(.text) for _printf_int_common
    _printf_hex_int.o(.text) refers to _printf_hex_int.o(.constdata) for .constdata
    _printf_hex_int_ll.o(.text) refers to _printf_intcommon.o(.text) for _printf_int_common
    _printf_hex_int_ll.o(.text) refers to _printf_hex_int_ll.o(.constdata) for .constdata
    _printf_hex_ptr.o(.text) refers to _printf_intcommon.o(.text) for _printf_int_common
    _printf_hex_ptr.o(.text) refers to _printf_hex_ptr.o(.constdata) for .constdata
    _printf_hex_int_ptr.o(.text) refers to _printf_intcommon.o(.text) for _printf_int_common
    _printf_hex_int_ptr.o(.text) refers to _printf_hex_int_ptr.o(.constdata) for .constdata
    _printf_hex_ll_ptr.o(.text) refers to _printf_intcommon.o(.text) for _printf_int_common
    _printf_hex_ll_ptr.o(.text) refers to _printf_hex_ll_ptr.o(.constdata) for .constdata
    _printf_hex_int_ll_ptr.o(.text) refers to _printf_intcommon.o(.text) for _printf_int_common
    _printf_hex_int_ll_ptr.o(.text) refers to _printf_hex_int_ll_ptr.o(.constdata) for .constdata
    __printf_flags.o(.text) refers to _printf_percent.o(.ARM.Collect$$_printf_percent$$00000000) for _printf_percent
    __printf_flags.o(.text) refers to __printf_flags.o(.constdata) for .constdata
    __printf_ss.o(.text) refers to _printf_percent.o(.ARM.Collect$$_printf_percent$$00000000) for _printf_percent
    __printf_flags_ss.o(.text) refers to _printf_percent.o(.ARM.Collect$$_printf_percent$$00000000) for _printf_percent
    __printf_flags_ss.o(.text) refers to __printf_flags_ss.o(.constdata) for .constdata
    __printf_wp.o(.text) refers to _printf_percent.o(.ARM.Collect$$_printf_percent$$00000000) for _printf_percent
    __printf_flags_wp.o(.text) refers to _printf_percent.o(.ARM.Collect$$_printf_percent$$00000000) for _printf_percent
    __printf_flags_wp.o(.text) refers to __printf_flags_wp.o(.constdata) for .constdata
    __printf_ss_wp.o(.text) refers to _printf_percent.o(.ARM.Collect$$_printf_percent$$00000000) for _printf_percent
    __printf_flags_ss_wp.o(.text) refers to _printf_percent.o(.ARM.Collect$$_printf_percent$$00000000) for _printf_percent
    __printf_flags_ss_wp.o(.text) refers to __printf_flags_ss_wp.o(.constdata) for .constdata
    _printf_x.o(.ARM.Collect$$_printf_percent$$0000000C) refers (Weak) to _printf_hex_int.o(.text) for _printf_int_hex
    _printf_d.o(.ARM.Collect$$_printf_percent$$00000009) refers (Weak) to _printf_dec.o(.text) for _printf_int_dec
    _printf_percent.o(.ARM.Collect$$_printf_percent$$00000000) refers (Special) to _printf_percent_end.o(.ARM.Collect$$_printf_percent$$00000017) for _printf_percent_end
    rt_memcpy.o(.text) refers to rt_memcpy.o(.emb_text) for __aeabi_memcpy4
    __main.o(!!!main) refers to rtentry.o(.ARM.Collect$$rtentry$$00000000) for __rt_entry
    rtentry.o(.ARM.Collect$$rtentry$$00000000) refers (Special) to rtentry2.o(.ARM.Collect$$rtentry$$0000000A) for __rt_entry_li
    rtentry.o(.ARM.Collect$$rtentry$$00000000) refers (Special) to rtentry2.o(.ARM.Collect$$rtentry$$0000000D) for __rt_entry_main
    rtentry.o(.ARM.Collect$$rtentry$$00000000) refers (Special) to rtentry2.o(.ARM.Collect$$rtentry$$0000000C) for __rt_entry_postli_1
    rtentry.o(.ARM.Collect$$rtentry$$00000000) refers (Special) to rtentry2.o(.ARM.Collect$$rtentry$$00000009) for __rt_entry_postsh_1
    rtentry.o(.ARM.Collect$$rtentry$$00000000) refers (Special) to rtentry2.o(.ARM.Collect$$rtentry$$00000002) for __rt_entry_presh_1
    rtentry.o(.ARM.Collect$$rtentry$$00000000) refers (Special) to rtentry4.o(.ARM.Collect$$rtentry$$00000004) for __rt_entry_sh
    rtentry.o(.ARM.exidx) refers (Special) to rtentry2.o(.ARM.Collect$$rtentry$$0000000A) for __rt_entry_li
    rtentry.o(.ARM.exidx) refers (Special) to rtentry2.o(.ARM.Collect$$rtentry$$0000000D) for __rt_entry_main
    rtentry.o(.ARM.exidx) refers (Special) to rtentry2.o(.ARM.Collect$$rtentry$$0000000C) for __rt_entry_postli_1
    rtentry.o(.ARM.exidx) refers (Special) to rtentry2.o(.ARM.Collect$$rtentry$$00000009) for __rt_entry_postsh_1
    rtentry.o(.ARM.exidx) refers (Special) to rtentry2.o(.ARM.Collect$$rtentry$$00000002) for __rt_entry_presh_1
    rtentry.o(.ARM.exidx) refers (Special) to rtentry4.o(.ARM.Collect$$rtentry$$00000004) for __rt_entry_sh
    rtentry.o(.ARM.exidx) refers to rtentry.o(.ARM.Collect$$rtentry$$00000000) for .ARM.Collect$$rtentry$$00000000
    aeabi_idiv0_sigfpe.o(.text) refers to rt_div0.o(.text) for __rt_div0
    _printf_char_file.o(.text) refers to _printf_char_common.o(.text) for _printf_char_common
    _printf_char_file.o(.text) refers to retarget.o(i.ferror) for ferror
    _printf_char_file.o(.text) refers to retarget.o(i.fputc) for fputc
    rtentry2.o(.ARM.Collect$$rtentry$$00000008) refers to boardinit2.o(.text) for _platform_post_stackheap_init
    rtentry2.o(.ARM.Collect$$rtentry$$0000000A) refers to libinit.o(.ARM.Collect$$libinit$$00000000) for __rt_lib_init
    rtentry2.o(.ARM.Collect$$rtentry$$0000000B) refers to boardinit3.o(.text) for _platform_post_lib_init
    rtentry2.o(.ARM.Collect$$rtentry$$0000000D) refers to main.o(i.main) for main
    rtentry2.o(.ARM.Collect$$rtentry$$0000000D) refers to exit.o(.text) for exit
    rtentry2.o(.ARM.exidx) refers to rtentry2.o(.ARM.Collect$$rtentry$$00000001) for .ARM.Collect$$rtentry$$00000001
    rtentry2.o(.ARM.exidx) refers to rtentry2.o(.ARM.Collect$$rtentry$$00000002) for .ARM.Collect$$rtentry$$00000002
    rtentry2.o(.ARM.exidx) refers to rtentry2.o(.ARM.Collect$$rtentry$$00000008) for .ARM.Collect$$rtentry$$00000008
    rtentry2.o(.ARM.exidx) refers to rtentry2.o(.ARM.Collect$$rtentry$$00000009) for .ARM.Collect$$rtentry$$00000009
    rtentry2.o(.ARM.exidx) refers to rtentry2.o(.ARM.Collect$$rtentry$$0000000A) for .ARM.Collect$$rtentry$$0000000A
    rtentry2.o(.ARM.exidx) refers to rtentry2.o(.ARM.Collect$$rtentry$$0000000B) for .ARM.Collect$$rtentry$$0000000B
    rtentry2.o(.ARM.exidx) refers to rtentry2.o(.ARM.Collect$$rtentry$$0000000C) for .ARM.Collect$$rtentry$$0000000C
    rtentry2.o(.ARM.exidx) refers to rtentry2.o(.ARM.Collect$$rtentry$$0000000D) for .ARM.Collect$$rtentry$$0000000D
    rtentry4.o(.ARM.Collect$$rtentry$$00000004) refers to sys_stackheap_outer.o(.text) for __user_setup_stackheap
    rtentry4.o(.ARM.exidx) refers to rtentry4.o(.ARM.Collect$$rtentry$$00000004) for .ARM.Collect$$rtentry$$00000004
    rt_div0.o(.text) refers to defsig_fpe_outer.o(.text) for __rt_SIGFPE
    _printf_char_common.o(.text) refers to __printf_wp.o(.text) for __printf
    sys_stackheap_outer.o(.text) refers to libspace.o(.text) for __user_perproc_libspace
    sys_stackheap_outer.o(.text) refers to startup_m051series.o(.text) for __user_initial_stackheap
    sys_stackheap_outer.o(__vectab_stack_and_reset_area) refers to tempstk.o(.text) for __temporary_stack_top
    sys_stackheap_outer.o(__vectab_stack_and_reset_area) refers to __main.o(!!!main) for __main
    exit.o(.text) refers to rtexit.o(.ARM.Collect$$rtexit$$00000000) for __rt_exit
    defsig_fpe_outer.o(.text) refers to defsig_fpe_inner.o(.text) for __rt_SIGFPE_inner
    defsig_fpe_outer.o(.text) refers to defsig_exit.o(.text) for __sig_exit
    defsig_fpe_formal.o(.text) refers to rt_raise.o(.text) for __rt_raise
    libinit.o(.ARM.Collect$$libinit$$00000000) refers (Special) to libinit2.o(.ARM.Collect$$libinit$$0000002A) for __rt_lib_init_alloca_1
    libinit.o(.ARM.Collect$$libinit$$00000000) refers (Special) to libinit2.o(.ARM.Collect$$libinit$$00000028) for __rt_lib_init_argv_1
    libinit.o(.ARM.Collect$$libinit$$00000000) refers (Special) to libinit2.o(.ARM.Collect$$libinit$$00000017) for __rt_lib_init_atexit_1
    libinit.o(.ARM.Collect$$libinit$$00000000) refers (Special) to libinit2.o(.ARM.Collect$$libinit$$0000001D) for __rt_lib_init_clock_1
    libinit.o(.ARM.Collect$$libinit$$00000000) refers (Special) to libinit2.o(.ARM.Collect$$libinit$$0000002E) for __rt_lib_init_cpp_1
    libinit.o(.ARM.Collect$$libinit$$00000000) refers (Special) to libinit2.o(.ARM.Collect$$libinit$$0000002C) for __rt_lib_init_exceptions_1
    libinit.o(.ARM.Collect$$libinit$$00000000) refers (Special) to libinit2.o(.ARM.Collect$$libinit$$0000001B) for __rt_lib_init_fp_trap_1
    libinit.o(.ARM.Collect$$libinit$$00000000) refers (Special) to libinit2.o(.ARM.Collect$$libinit$$0000001F) for __rt_lib_init_getenv_1
    libinit.o(.ARM.Collect$$libinit$$00000000) refers (Special) to libinit2.o(.ARM.Collect$$libinit$$00000006) for __rt_lib_init_heap_1
    libinit.o(.ARM.Collect$$libinit$$00000000) refers (Special) to libinit2.o(.ARM.Collect$$libinit$$0000000D) for __rt_lib_init_lc_collate_1
    libinit.o(.ARM.Collect$$libinit$$00000000) refers (Special) to libinit2.o(.ARM.Collect$$libinit$$0000000F) for __rt_lib_init_lc_ctype_1
    libinit.o(.ARM.Collect$$libinit$$00000000) refers (Special) to libinit2.o(.ARM.Collect$$libinit$$00000011) for __rt_lib_init_lc_monetary_1
    libinit.o(.ARM.Collect$$libinit$$00000000) refers (Special) to libinit2.o(.ARM.Collect$$libinit$$00000013) for __rt_lib_init_lc_numeric_1
    libinit.o(.ARM.Collect$$libinit$$00000000) refers (Special) to libinit2.o(.ARM.Collect$$libinit$$00000015) for __rt_lib_init_lc_time_1
    libinit.o(.ARM.Collect$$libinit$$00000000) refers (Special) to libinit2.o(.ARM.Collect$$libinit$$0000000A) for __rt_lib_init_rand_1
    libinit.o(.ARM.Collect$$libinit$$00000000) refers (Special) to libinit2.o(.ARM.Collect$$libinit$$0000002F) for __rt_lib_init_return
    libinit.o(.ARM.Collect$$libinit$$00000000) refers (Special) to libinit2.o(.ARM.Collect$$libinit$$00000019) for __rt_lib_init_signal_1
    libinit.o(.ARM.Collect$$libinit$$00000000) refers (Special) to libinit2.o(.ARM.Collect$$libinit$$00000021) for __rt_lib_init_stdio_1
    libinit.o(.ARM.Collect$$libinit$$00000000) refers (Special) to libinit2.o(.ARM.Collect$$libinit$$00000008) for __rt_lib_init_user_alloc_1
    libspace.o(.text) refers to libspace.o(.bss) for __libspace_start
    rtexit.o(.ARM.Collect$$rtexit$$00000000) refers (Special) to rtexit2.o(.ARM.Collect$$rtexit$$00000004) for __rt_exit_exit
    rtexit.o(.ARM.Collect$$rtexit$$00000000) refers (Special) to rtexit2.o(.ARM.Collect$$rtexit$$00000003) for __rt_exit_ls
    rtexit.o(.ARM.Collect$$rtexit$$00000000) refers (Special) to rtexit2.o(.ARM.Collect$$rtexit$$00000002) for __rt_exit_prels_1
    rtexit.o(.ARM.exidx) refers (Special) to rtexit2.o(.ARM.Collect$$rtexit$$00000004) for __rt_exit_exit
    rtexit.o(.ARM.exidx) refers (Special) to rtexit2.o(.ARM.Collect$$rtexit$$00000003) for __rt_exit_ls
    rtexit.o(.ARM.exidx) refers (Special) to rtexit2.o(.ARM.Collect$$rtexit$$00000002) for __rt_exit_prels_1
    rtexit.o(.ARM.exidx) refers to rtexit.o(.ARM.Collect$$rtexit$$00000000) for .ARM.Collect$$rtexit$$00000000
    rt_raise.o(.text) refers to __raise.o(.text) for __raise
    rt_raise.o(.text) refers to sys_exit.o(.text) for _sys_exit
    defsig_exit.o(.text) refers to sys_exit.o(.text) for _sys_exit
    defsig_fpe_inner.o(.text) refers to defsig_general.o(.text) for __default_signal_display
    libinit2.o(.ARM.Collect$$libinit$$0000000C) refers to libinit2.o(.ARM.Collect$$libinit$$0000000B) for .ARM.Collect$$libinit$$0000000B
    libinit2.o(.ARM.Collect$$libinit$$0000000E) refers to libinit2.o(.ARM.Collect$$libinit$$0000000B) for .ARM.Collect$$libinit$$0000000B
    libinit2.o(.ARM.Collect$$libinit$$00000010) refers to libinit2.o(.ARM.Collect$$libinit$$0000000B) for .ARM.Collect$$libinit$$0000000B
    libinit2.o(.ARM.Collect$$libinit$$00000012) refers to libinit2.o(.ARM.Collect$$libinit$$0000000B) for .ARM.Collect$$libinit$$0000000B
    libinit2.o(.ARM.Collect$$libinit$$00000014) refers to libinit2.o(.ARM.Collect$$libinit$$0000000B) for .ARM.Collect$$libinit$$0000000B
    libinit2.o(.ARM.Collect$$libinit$$00000022) refers to argv_veneer.o(.text) for __ARM_argv_veneer
    libinit2.o(.ARM.Collect$$libinit$$00000023) refers to argv_veneer.o(.text) for __ARM_argv_veneer
    sys_exit.o(.text) refers (Special) to use_no_semi.o(.text) for __I$use$semihosting
    rtexit2.o(.ARM.Collect$$rtexit$$00000003) refers to libshutdown.o(.ARM.Collect$$libshutdown$$00000000) for __rt_lib_shutdown
    rtexit2.o(.ARM.Collect$$rtexit$$00000004) refers to sys_exit.o(.text) for _sys_exit
    rtexit2.o(.ARM.exidx) refers to rtexit2.o(.ARM.Collect$$rtexit$$00000001) for .ARM.Collect$$rtexit$$00000001
    rtexit2.o(.ARM.exidx) refers to rtexit2.o(.ARM.Collect$$rtexit$$00000002) for .ARM.Collect$$rtexit$$00000002
    rtexit2.o(.ARM.exidx) refers to rtexit2.o(.ARM.Collect$$rtexit$$00000003) for .ARM.Collect$$rtexit$$00000003
    rtexit2.o(.ARM.exidx) refers to rtexit2.o(.ARM.Collect$$rtexit$$00000004) for .ARM.Collect$$rtexit$$00000004
    __raise.o(.text) refers to defsig.o(CL$$defsig) for __default_signal_handler
    defsig_general.o(.text) refers to retarget.o(i._ttywrch) for _ttywrch
    defsig.o(CL$$defsig) refers to defsig_fpe_inner.o(.text) for __rt_SIGFPE_inner
    defsig.o(CL$$defsig) refers to defsig_rtmem_inner.o(.text) for __rt_SIGRTMEM_inner
    _get_argv_nomalloc.o(.text) refers (Special) to hrguard.o(.text) for __heap_region$guard
    _get_argv_nomalloc.o(.text) refers to defsig_rtmem_outer.o(.text) for __rt_SIGRTMEM
    _get_argv_nomalloc.o(.text) refers to sys_command.o(.text) for _sys_command_string
    libshutdown.o(.ARM.Collect$$libshutdown$$00000000) refers (Special) to libshutdown2.o(.ARM.Collect$$libshutdown$$00000006) for __rt_lib_shutdown_fp_trap_1
    libshutdown.o(.ARM.Collect$$libshutdown$$00000000) refers (Special) to libshutdown2.o(.ARM.Collect$$libshutdown$$0000000E) for __rt_lib_shutdown_heap_1
    libshutdown.o(.ARM.Collect$$libshutdown$$00000000) refers (Special) to libshutdown2.o(.ARM.Collect$$libshutdown$$0000000F) for __rt_lib_shutdown_return
    libshutdown.o(.ARM.Collect$$libshutdown$$00000000) refers (Special) to libshutdown2.o(.ARM.Collect$$libshutdown$$00000009) for __rt_lib_shutdown_signal_1
    libshutdown.o(.ARM.Collect$$libshutdown$$00000000) refers (Special) to libshutdown2.o(.ARM.Collect$$libshutdown$$00000003) for __rt_lib_shutdown_stdio_1
    libshutdown.o(.ARM.Collect$$libshutdown$$00000000) refers (Special) to libshutdown2.o(.ARM.Collect$$libshutdown$$0000000B) for __rt_lib_shutdown_user_alloc_1
    sys_command.o(.text) refers (Special) to use_no_semi.o(.text) for __I$use$semihosting
    defsig_abrt_inner.o(.text) refers to defsig_general.o(.text) for __default_signal_display
    defsig_rtred_inner.o(.text) refers to defsig_general.o(.text) for __default_signal_display
    defsig_rtmem_inner.o(.text) refers to defsig_general.o(.text) for __default_signal_display
    defsig_rtmem_outer.o(.text) refers to defsig_rtmem_inner.o(.text) for __rt_SIGRTMEM_inner
    defsig_rtmem_outer.o(.text) refers to defsig_exit.o(.text) for __sig_exit
    defsig_rtmem_formal.o(.text) refers to rt_raise.o(.text) for __rt_raise
    defsig_stak_inner.o(.text) refers to defsig_general.o(.text) for __default_signal_display
    defsig_pvfn_inner.o(.text) refers to defsig_general.o(.text) for __default_signal_display
    defsig_cppl_inner.o(.text) refers to defsig_general.o(.text) for __default_signal_display
    defsig_segv_inner.o(.text) refers to defsig_general.o(.text) for __default_signal_display
    defsig_other.o(.text) refers to defsig_general.o(.text) for __default_signal_display


==============================================================================

Removing Unused input sections from the image.

    Removing system_m051series.o(.rev16_text), (4 bytes).
    Removing system_m051series.o(.revsh_text), (4 bytes).
    Removing adc.o(.rev16_text), (4 bytes).
    Removing adc.o(.revsh_text), (4 bytes).
    Removing adc.o(i.ADC_Close), (36 bytes).
    Removing adc.o(i.ADC_DisableHWTrigger), (20 bytes).
    Removing adc.o(i.ADC_DisableInt), (60 bytes).
    Removing adc.o(i.ADC_EnableHWTrigger), (84 bytes).
    Removing adc.o(i.ADC_EnableInt), (60 bytes).
    Removing adc.o(i.ADC_Open), (44 bytes).
    Removing gpio.o(.rev16_text), (4 bytes).
    Removing gpio.o(.revsh_text), (4 bytes).
    Removing gpio.o(i.GPIO_DisableInt), (28 bytes).
    Removing gpio.o(i.GPIO_EnableInt), (26 bytes).
    Removing pwm.o(.rev16_text), (4 bytes).
    Removing pwm.o(.revsh_text), (4 bytes).
    Removing pwm.o(i.PWM_ClearADCTriggerFlag), (12 bytes).
    Removing pwm.o(i.PWM_ClearCaptureIntFlag), (72 bytes).
    Removing pwm.o(i.PWM_ClearDutyIntFlag), (10 bytes).
    Removing pwm.o(i.PWM_ClearPeriodIntFlag), (8 bytes).
    Removing pwm.o(i.PWM_ConfigCaptureChannel), (364 bytes).
    Removing pwm.o(i.PWM_ConfigOutputChannel), (428 bytes).
    Removing pwm.o(i.PWM_DisableADCTrigger), (18 bytes).
    Removing pwm.o(i.PWM_DisableCapture), (62 bytes).
    Removing pwm.o(i.PWM_DisableCaptureInt), (40 bytes).
    Removing pwm.o(i.PWM_DisableDeadZone), (14 bytes).
    Removing pwm.o(i.PWM_DisableDutyInt), (14 bytes).
    Removing pwm.o(i.PWM_DisableOutput), (8 bytes).
    Removing pwm.o(i.PWM_DisablePeriodInt), (12 bytes).
    Removing pwm.o(i.PWM_EnableADCTrigger), (26 bytes).
    Removing pwm.o(i.PWM_EnableCapture), (62 bytes).
    Removing pwm.o(i.PWM_EnableCaptureInt), (36 bytes).
    Removing pwm.o(i.PWM_EnableDeadZone), (40 bytes).
    Removing pwm.o(i.PWM_EnableDutyInt), (34 bytes).
    Removing pwm.o(i.PWM_EnableOutput), (8 bytes).
    Removing pwm.o(i.PWM_EnablePeriodInt), (32 bytes).
    Removing pwm.o(i.PWM_ForceStop), (40 bytes).
    Removing pwm.o(i.PWM_GetADCTriggerFlag), (22 bytes).
    Removing pwm.o(i.PWM_GetCaptureIntFlag), (48 bytes).
    Removing pwm.o(i.PWM_GetDutyIntFlag), (22 bytes).
    Removing pwm.o(i.PWM_GetPeriodIntFlag), (20 bytes).
    Removing pwm.o(i.PWM_Start), (40 bytes).
    Removing pwm.o(i.PWM_Stop), (36 bytes).
    Removing pwm.o(.constdata), (168 bytes).
    Removing retarget.o(.rev16_text), (4 bytes).
    Removing retarget.o(.revsh_text), (4 bytes).
    Removing retarget.o(i.GetChar), (28 bytes).
    Removing retarget.o(i.IsDebugFifoEmpty), (20 bytes).
    Removing retarget.o(i._ttywrch), (12 bytes).
    Removing retarget.o(i.fgetc), (10 bytes).
    Removing retarget.o(i.kbhit), (20 bytes).
    Removing timer.o(.rev16_text), (4 bytes).
    Removing timer.o(.revsh_text), (4 bytes).
    Removing timer.o(i.TIMER_Close), (8 bytes).
    Removing timer.o(i.TIMER_Delay), (268 bytes).
    Removing timer.o(i.TIMER_DisableCapture), (10 bytes).
    Removing timer.o(i.TIMER_DisableEventCounter), (12 bytes).
    Removing timer.o(i.TIMER_EnableCapture), (20 bytes).
    Removing timer.o(i.TIMER_EnableEventCounter), (22 bytes).
    Removing uart.o(.rev16_text), (4 bytes).
    Removing uart.o(.revsh_text), (4 bytes).
    Removing uart.o(i.UART_ClearIntFlag), (64 bytes).
    Removing uart.o(i.UART_Close), (6 bytes).
    Removing uart.o(i.UART_DisableFlowCtrl), (12 bytes).
    Removing uart.o(i.UART_EnableFlowCtrl), (30 bytes).
    Removing uart.o(i.UART_Read), (52 bytes).
    Removing uart.o(i.UART_SelectIrDAMode), (164 bytes).
    Removing uart.o(i.UART_SelectLINMode), (26 bytes).
    Removing uart.o(i.UART_SelectRS485Mode), (32 bytes).
    Removing uart.o(i.UART_SetLine_Config), (184 bytes).
    Removing uart.o(i.UART_SetTimeoutCnt), (22 bytes).
    Removing uart.o(i.UART_Write), (52 bytes).
    Removing wdt.o(.rev16_text), (4 bytes).
    Removing wdt.o(.revsh_text), (4 bytes).
    Removing wdt.o(i.WDT_Open), (28 bytes).
    Removing wwdt.o(.rev16_text), (4 bytes).
    Removing wwdt.o(.revsh_text), (4 bytes).
    Removing wwdt.o(i.WWDT_Open), (32 bytes).
    Removing sys.o(.rev16_text), (4 bytes).
    Removing sys.o(.revsh_text), (4 bytes).
    Removing sys.o(i.SYS_ClearResetSrc), (16 bytes).
    Removing sys.o(i.SYS_DisableBOD), (18 bytes).
    Removing sys.o(i.SYS_EnableBOD), (50 bytes).
    Removing sys.o(i.SYS_GetBODStatus), (14 bytes).
    Removing sys.o(i.SYS_GetResetSrc), (8 bytes).
    Removing sys.o(i.SYS_IsRegLocked), (20 bytes).
    Removing sys.o(i.SYS_ReadPDID), (8 bytes).
    Removing sys.o(i.SYS_ResetCPU), (18 bytes).
    Removing sys.o(i.SYS_ResetChip), (18 bytes).
    Removing clk.o(.rev16_text), (4 bytes).
    Removing clk.o(.revsh_text), (4 bytes).
    Removing clk.o(i.CLK_DisableCKO), (16 bytes).
    Removing clk.o(i.CLK_DisableModuleClock), (32 bytes).
    Removing clk.o(i.CLK_DisablePLL), (20 bytes).
    Removing clk.o(i.CLK_DisableSysTick), (12 bytes).
    Removing clk.o(i.CLK_DisableXtalRC), (16 bytes).
    Removing clk.o(i.CLK_EnableCKO), (48 bytes).
    Removing clk.o(i.CLK_EnableSysTick), (72 bytes).
    Removing clk.o(i.CLK_GetCPUFreq), (16 bytes).
    Removing clk.o(i.CLK_GetHCLKFreq), (16 bytes).
    Removing clk.o(i.CLK_GetHXTFreq), (28 bytes).
    Removing clk.o(i.CLK_GetPCLKFreq), (16 bytes).
    Removing clk.o(i.CLK_Idle), (36 bytes).
    Removing clk.o(i.CLK_PowerDown), (40 bytes).
    Removing clk.o(i.CLK_SetSysTickClockSrc), (20 bytes).
    Removing acmp.o(.rev16_text), (4 bytes).
    Removing acmp.o(.revsh_text), (4 bytes).
    Removing acmp.o(i.ACMP_Close), (18 bytes).
    Removing acmp.o(i.ACMP_Open), (30 bytes).
    Removing main.o(.rev16_text), (4 bytes).
    Removing main.o(.revsh_text), (4 bytes).
    Removing main.o(i.SendData), (84 bytes).
    Removing main.o(i.UART_SendMiYao), (128 bytes).
    Removing main.o(.constdata), (200 bytes).

114 unused section(s) (total 4310 bytes) removed from the image.

==============================================================================

Image Symbol Table

    Local Symbols

    Symbol Name                              Value     Ov Type        Size  Object(Section)

    RESET                                    0x00000000   Section      192  startup_m051series.o(RESET)
    ../../angel/boardlib.s                   0x00000000   Number         0  boardinit1.o ABSOLUTE
    ../../angel/boardlib.s                   0x00000000   Number         0  boardinit2.o ABSOLUTE
    ../../angel/boardlib.s                   0x00000000   Number         0  boardinit3.o ABSOLUTE
    ../../angel/boardlib.s                   0x00000000   Number         0  boardshut.o ABSOLUTE
    ../../angel/handlers.s                   0x00000000   Number         0  __scatter_copy.o ABSOLUTE
    ../../angel/handlers.s                   0x00000000   Number         0  __scatter_zi.o ABSOLUTE
    ../../angel/kernel.s                     0x00000000   Number         0  rtexit.o ABSOLUTE
    ../../angel/kernel.s                     0x00000000   Number         0  rtentry.o ABSOLUTE
    ../../angel/kernel.s                     0x00000000   Number         0  rtentry2.o ABSOLUTE
    ../../angel/kernel.s                     0x00000000   Number         0  rtentry4.o ABSOLUTE
    ../../angel/kernel.s                     0x00000000   Number         0  rtexit2.o ABSOLUTE
    ../../angel/rt.s                         0x00000000   Number         0  rt_raise.o ABSOLUTE
    ../../angel/rt.s                         0x00000000   Number         0  aeabi_idiv0.o ABSOLUTE
    ../../angel/rt.s                         0x00000000   Number         0  aeabi_idiv0_sigfpe.o ABSOLUTE
    ../../angel/rt.s                         0x00000000   Number         0  rt_div0.o ABSOLUTE
    ../../angel/scatterp.s                   0x00000000   Number         0  __scatter.o ABSOLUTE
    ../../angel/startup.s                    0x00000000   Number         0  __main.o ABSOLUTE
    ../../angel/sys.s                        0x00000000   Number         0  sys_stackheap_outer.o ABSOLUTE
    ../../angel/sys.s                        0x00000000   Number         0  libspace.o ABSOLUTE
    ../../angel/sys.s                        0x00000000   Number         0  use_no_semi.o ABSOLUTE
    ../../angel/sys.s                        0x00000000   Number         0  tempstk.o ABSOLUTE
    ../../angel/sysapp.c                     0x00000000   Number         0  sys_command.o ABSOLUTE
    ../../angel/sysapp.c                     0x00000000   Number         0  sys_exit.o ABSOLUTE
    ../../armsys.c                           0x00000000   Number         0  argv_veneer.o ABSOLUTE
    ../../armsys.c                           0x00000000   Number         0  no_argv.o ABSOLUTE
    ../../armsys.c                           0x00000000   Number         0  _get_argv_nomalloc.o ABSOLUTE
    ../../cfplib/fpinit.c                    0x00000000   Number         0  fpinit.o ABSOLUTE
    ../../division.c                         0x00000000   Number         0  rtudiv10.o ABSOLUTE
    ../../division.s                         0x00000000   Number         0  aeabi_sdiv.o ABSOLUTE
    ../../division.s                         0x00000000   Number         0  aeabi_sdiv_div0.o ABSOLUTE
    ../../heapalloc.c                        0x00000000   Number         0  hrguard.o ABSOLUTE
    ../../heapaux.c                          0x00000000   Number         0  heapauxi.o ABSOLUTE
    ../../libinit.s                          0x00000000   Number         0  libinit2.o ABSOLUTE
    ../../libinit.s                          0x00000000   Number         0  libinit.o ABSOLUTE
    ../../libinit.s                          0x00000000   Number         0  libshutdown.o ABSOLUTE
    ../../libinit.s                          0x00000000   Number         0  libshutdown2.o ABSOLUTE
    ../../memcpset.c                         0x00000000   Number         0  rt_memcpy.o ABSOLUTE
    ../../memcpset.c                         0x00000000   Number         0  rt_memcpy.o ABSOLUTE
    ../../misc.s                             0x00000000   Number         0  printf_stubs.o ABSOLUTE
    ../../printf.c                           0x00000000   Number         0  __printf_nopercent.o ABSOLUTE
    ../../printf.c                           0x00000000   Number         0  __printf_flags_ss.o ABSOLUTE
    ../../printf.c                           0x00000000   Number         0  __printf_wp.o ABSOLUTE
    ../../printf.c                           0x00000000   Number         0  __printf_flags_wp.o ABSOLUTE
    ../../printf.c                           0x00000000   Number         0  __printf_ss_wp.o ABSOLUTE
    ../../printf.c                           0x00000000   Number         0  __printf_flags_ss_wp.o ABSOLUTE
    ../../printf.c                           0x00000000   Number         0  noretval__2printf.o ABSOLUTE
    ../../printf.c                           0x00000000   Number         0  __printf.o ABSOLUTE
    ../../printf.c                           0x00000000   Number         0  _printf_intcommon.o ABSOLUTE
    ../../printf.c                           0x00000000   Number         0  _printf_hex_ll.o ABSOLUTE
    ../../printf.c                           0x00000000   Number         0  _printf_hex_int.o ABSOLUTE
    ../../printf.c                           0x00000000   Number         0  _printf_dec.o ABSOLUTE
    ../../printf.c                           0x00000000   Number         0  _printf_char_file.o ABSOLUTE
    ../../printf.c                           0x00000000   Number         0  __2printf.o ABSOLUTE
    ../../printf.c                           0x00000000   Number         0  _printf_char_common.o ABSOLUTE
    ../../printf.c                           0x00000000   Number         0  _printf_hex_int_ll.o ABSOLUTE
    ../../printf.c                           0x00000000   Number         0  _printf_hex_ptr.o ABSOLUTE
    ../../printf.c                           0x00000000   Number         0  _printf_hex_int_ptr.o ABSOLUTE
    ../../printf.c                           0x00000000   Number         0  _printf_hex_ll_ptr.o ABSOLUTE
    ../../printf.c                           0x00000000   Number         0  _printf_hex_int_ll_ptr.o ABSOLUTE
    ../../printf.c                           0x00000000   Number         0  __printf_flags.o ABSOLUTE
    ../../printf.c                           0x00000000   Number         0  __printf_ss.o ABSOLUTE
    ../../printf_percent.s                   0x00000000   Number         0  _printf_d.o ABSOLUTE
    ../../printf_percent.s                   0x00000000   Number         0  _printf_percent_end.o ABSOLUTE
    ../../printf_percent.s                   0x00000000   Number         0  _printf_x.o ABSOLUTE
    ../../printf_percent.s                   0x00000000   Number         0  _printf_percent.o ABSOLUTE
    ../../signal.c                           0x00000000   Number         0  defsig_rtmem_formal.o ABSOLUTE
    ../../signal.c                           0x00000000   Number         0  defsig_rtmem_outer.o ABSOLUTE
    ../../signal.c                           0x00000000   Number         0  defsig_rtmem_inner.o ABSOLUTE
    ../../signal.c                           0x00000000   Number         0  defsig_rtred_inner.o ABSOLUTE
    ../../signal.c                           0x00000000   Number         0  defsig_abrt_inner.o ABSOLUTE
    ../../signal.c                           0x00000000   Number         0  defsig_general.o ABSOLUTE
    ../../signal.c                           0x00000000   Number         0  __raise.o ABSOLUTE
    ../../signal.c                           0x00000000   Number         0  defsig_cppl_inner.o ABSOLUTE
    ../../signal.c                           0x00000000   Number         0  defsig_fpe_inner.o ABSOLUTE
    ../../signal.c                           0x00000000   Number         0  defsig_exit.o ABSOLUTE
    ../../signal.c                           0x00000000   Number         0  defsig_fpe_formal.o ABSOLUTE
    ../../signal.c                           0x00000000   Number         0  defsig_fpe_outer.o ABSOLUTE
    ../../signal.c                           0x00000000   Number         0  defsig_other.o ABSOLUTE
    ../../signal.c                           0x00000000   Number         0  defsig_segv_inner.o ABSOLUTE
    ../../signal.c                           0x00000000   Number         0  defsig_pvfn_inner.o ABSOLUTE
    ../../signal.c                           0x00000000   Number         0  defsig_stak_inner.o ABSOLUTE
    ../../signal.s                           0x00000000   Number         0  defsig.o ABSOLUTE
    ../../stdlib.c                           0x00000000   Number         0  exit.o ABSOLUTE
    ..\Library\Device\Nuvoton\M051Series\Source\system_M051Series.c 0x00000000   Number         0  system_m051series.o ABSOLUTE
    ..\Library\StdDriver\src\acmp.c          0x00000000   Number         0  acmp.o ABSOLUTE
    ..\Library\StdDriver\src\adc.c           0x00000000   Number         0  adc.o ABSOLUTE
    ..\Library\StdDriver\src\clk.c           0x00000000   Number         0  clk.o ABSOLUTE
    ..\Library\StdDriver\src\gpio.c          0x00000000   Number         0  gpio.o ABSOLUTE
    ..\Library\StdDriver\src\pwm.c           0x00000000   Number         0  pwm.o ABSOLUTE
    ..\Library\StdDriver\src\retarget.c      0x00000000   Number         0  retarget.o ABSOLUTE
    ..\Library\StdDriver\src\sys.c           0x00000000   Number         0  sys.o ABSOLUTE
    ..\Library\StdDriver\src\timer.c         0x00000000   Number         0  timer.o ABSOLUTE
    ..\Library\StdDriver\src\uart.c          0x00000000   Number         0  uart.o ABSOLUTE
    ..\Library\StdDriver\src\wdt.c           0x00000000   Number         0  wdt.o ABSOLUTE
    ..\Library\StdDriver\src\wwdt.c          0x00000000   Number         0  wwdt.o ABSOLUTE
    ..\User\main.c                           0x00000000   Number         0  main.o ABSOLUTE
    ..\\Library\\Device\\Nuvoton\\M051Series\\Source\\system_M051Series.c 0x00000000   Number         0  system_m051series.o ABSOLUTE
    ..\\Library\\StdDriver\\src\\acmp.c      0x00000000   Number         0  acmp.o ABSOLUTE
    ..\\Library\\StdDriver\\src\\adc.c       0x00000000   Number         0  adc.o ABSOLUTE
    ..\\Library\\StdDriver\\src\\clk.c       0x00000000   Number         0  clk.o ABSOLUTE
    ..\\Library\\StdDriver\\src\\gpio.c      0x00000000   Number         0  gpio.o ABSOLUTE
    ..\\Library\\StdDriver\\src\\pwm.c       0x00000000   Number         0  pwm.o ABSOLUTE
    ..\\Library\\StdDriver\\src\\retarget.c  0x00000000   Number         0  retarget.o ABSOLUTE
    ..\\Library\\StdDriver\\src\\sys.c       0x00000000   Number         0  sys.o ABSOLUTE
    ..\\Library\\StdDriver\\src\\timer.c     0x00000000   Number         0  timer.o ABSOLUTE
    ..\\Library\\StdDriver\\src\\uart.c      0x00000000   Number         0  uart.o ABSOLUTE
    ..\\Library\\StdDriver\\src\\wdt.c       0x00000000   Number         0  wdt.o ABSOLUTE
    ..\\Library\\StdDriver\\src\\wwdt.c      0x00000000   Number         0  wwdt.o ABSOLUTE
    ..\\User\\main.c                         0x00000000   Number         0  main.o ABSOLUTE
    startup_M051Series.s                     0x00000000   Number         0  startup_m051series.o ABSOLUTE
    !!!main                                  0x000000c0   Section        8  __main.o(!!!main)
    !!!scatter                               0x000000c8   Section       60  __scatter.o(!!!scatter)
    !!handler_copy                           0x00000104   Section       26  __scatter_copy.o(!!handler_copy)
    !!handler_zi                             0x00000120   Section       28  __scatter_zi.o(!!handler_zi)
    .ARM.Collect$$_printf_percent$$00000000  0x0000013c   Section        2  _printf_percent.o(.ARM.Collect$$_printf_percent$$00000000)
    .ARM.Collect$$_printf_percent$$00000009  0x0000013e   Section       10  _printf_d.o(.ARM.Collect$$_printf_percent$$00000009)
    .ARM.Collect$$_printf_percent$$0000000C  0x00000148   Section       10  _printf_x.o(.ARM.Collect$$_printf_percent$$0000000C)
    .ARM.Collect$$_printf_percent$$00000017  0x00000152   Section        4  _printf_percent_end.o(.ARM.Collect$$_printf_percent$$00000017)
    .ARM.Collect$$libinit$$00000000          0x00000156   Section        6  libinit.o(.ARM.Collect$$libinit$$00000000)
    .ARM.Collect$$libinit$$00000006          0x0000015c   Section        0  libinit2.o(.ARM.Collect$$libinit$$00000006)
    .ARM.Collect$$libinit$$00000008          0x0000015c   Section        0  libinit2.o(.ARM.Collect$$libinit$$00000008)
    .ARM.Collect$$libinit$$0000000A          0x0000015c   Section        0  libinit2.o(.ARM.Collect$$libinit$$0000000A)
    .ARM.Collect$$libinit$$0000000D          0x0000015c   Section        0  libinit2.o(.ARM.Collect$$libinit$$0000000D)
    .ARM.Collect$$libinit$$0000000F          0x0000015c   Section        0  libinit2.o(.ARM.Collect$$libinit$$0000000F)
    .ARM.Collect$$libinit$$00000011          0x0000015c   Section        0  libinit2.o(.ARM.Collect$$libinit$$00000011)
    .ARM.Collect$$libinit$$00000013          0x0000015c   Section        0  libinit2.o(.ARM.Collect$$libinit$$00000013)
    .ARM.Collect$$libinit$$00000015          0x0000015c   Section        0  libinit2.o(.ARM.Collect$$libinit$$00000015)
    .ARM.Collect$$libinit$$00000017          0x0000015c   Section        0  libinit2.o(.ARM.Collect$$libinit$$00000017)
    .ARM.Collect$$libinit$$00000019          0x0000015c   Section        0  libinit2.o(.ARM.Collect$$libinit$$00000019)
    .ARM.Collect$$libinit$$0000001B          0x0000015c   Section        0  libinit2.o(.ARM.Collect$$libinit$$0000001B)
    .ARM.Collect$$libinit$$0000001D          0x0000015c   Section        0  libinit2.o(.ARM.Collect$$libinit$$0000001D)
    .ARM.Collect$$libinit$$0000001F          0x0000015c   Section        0  libinit2.o(.ARM.Collect$$libinit$$0000001F)
    .ARM.Collect$$libinit$$00000021          0x0000015c   Section        0  libinit2.o(.ARM.Collect$$libinit$$00000021)
    .ARM.Collect$$libinit$$00000028          0x0000015c   Section        0  libinit2.o(.ARM.Collect$$libinit$$00000028)
    .ARM.Collect$$libinit$$0000002A          0x0000015c   Section        0  libinit2.o(.ARM.Collect$$libinit$$0000002A)
    .ARM.Collect$$libinit$$0000002C          0x0000015c   Section        0  libinit2.o(.ARM.Collect$$libinit$$0000002C)
    .ARM.Collect$$libinit$$0000002E          0x0000015c   Section        0  libinit2.o(.ARM.Collect$$libinit$$0000002E)
    .ARM.Collect$$libinit$$0000002F          0x0000015c   Section        2  libinit2.o(.ARM.Collect$$libinit$$0000002F)
    .ARM.Collect$$libshutdown$$00000000      0x0000015e   Section        2  libshutdown.o(.ARM.Collect$$libshutdown$$00000000)
    .ARM.Collect$$libshutdown$$00000003      0x00000160   Section        0  libshutdown2.o(.ARM.Collect$$libshutdown$$00000003)
    .ARM.Collect$$libshutdown$$00000006      0x00000160   Section        0  libshutdown2.o(.ARM.Collect$$libshutdown$$00000006)
    .ARM.Collect$$libshutdown$$00000009      0x00000160   Section        0  libshutdown2.o(.ARM.Collect$$libshutdown$$00000009)
    .ARM.Collect$$libshutdown$$0000000B      0x00000160   Section        0  libshutdown2.o(.ARM.Collect$$libshutdown$$0000000B)
    .ARM.Collect$$libshutdown$$0000000E      0x00000160   Section        0  libshutdown2.o(.ARM.Collect$$libshutdown$$0000000E)
    .ARM.Collect$$libshutdown$$0000000F      0x00000160   Section        2  libshutdown2.o(.ARM.Collect$$libshutdown$$0000000F)
    .ARM.Collect$$rtentry$$00000000          0x00000162   Section        0  rtentry.o(.ARM.Collect$$rtentry$$00000000)
    .ARM.Collect$$rtentry$$00000002          0x00000162   Section        0  rtentry2.o(.ARM.Collect$$rtentry$$00000002)
    .ARM.Collect$$rtentry$$00000004          0x00000162   Section        6  rtentry4.o(.ARM.Collect$$rtentry$$00000004)
    .ARM.Collect$$rtentry$$00000009          0x00000168   Section        0  rtentry2.o(.ARM.Collect$$rtentry$$00000009)
    .ARM.Collect$$rtentry$$0000000A          0x00000168   Section        4  rtentry2.o(.ARM.Collect$$rtentry$$0000000A)
    .ARM.Collect$$rtentry$$0000000C          0x0000016c   Section        0  rtentry2.o(.ARM.Collect$$rtentry$$0000000C)
    .ARM.Collect$$rtentry$$0000000D          0x0000016c   Section        8  rtentry2.o(.ARM.Collect$$rtentry$$0000000D)
    .ARM.Collect$$rtexit$$00000000           0x00000174   Section        2  rtexit.o(.ARM.Collect$$rtexit$$00000000)
    .ARM.Collect$$rtexit$$00000002           0x00000176   Section        0  rtexit2.o(.ARM.Collect$$rtexit$$00000002)
    .ARM.Collect$$rtexit$$00000003           0x00000176   Section        4  rtexit2.o(.ARM.Collect$$rtexit$$00000003)
    .ARM.Collect$$rtexit$$00000004           0x0000017a   Section        6  rtexit2.o(.ARM.Collect$$rtexit$$00000004)
    .emb_text                                0x00000180   Section       28  retarget.o(.emb_text)
    .emb_text                                0x0000019c   Section       56  rt_memcpy.o(.emb_text)
    .text                                    0x000001d4   Section      116  startup_m051series.o(.text)
    Default_Handler                          0x00000205   Thumb Code     2  startup_m051series.o(.text)
    .text                                    0x00000248   Section        0  noretval__2printf.o(.text)
    .text                                    0x00000264   Section        0  _printf_dec.o(.text)
    .text                                    0x000002d0   Section        0  _printf_hex_int.o(.text)
    .text                                    0x00000328   Section        0  __printf_wp.o(.text)
    .text                                    0x00000440   Section      346  aeabi_sdiv.o(.text)
    .text                                    0x0000059a   Section        0  heapauxi.o(.text)
    .text                                    0x000005a0   Section        0  _printf_intcommon.o(.text)
    .text                                    0x0000064c   Section        0  _printf_char_file.o(.text)
    .text                                    0x00000674   Section        0  rtudiv10.o(.text)
    .text                                    0x0000069c   Section        0  _printf_char_common.o(.text)
    _printf_input_char                       0x0000069d   Thumb Code    10  _printf_char_common.o(.text)
    .text                                    0x000006cc   Section       62  sys_stackheap_outer.o(.text)
    .text                                    0x0000070a   Section        0  exit.o(.text)
    .text                                    0x00000718   Section        8  libspace.o(.text)
    .text                                    0x00000720   Section        0  sys_exit.o(.text)
    .text                                    0x0000072c   Section        2  use_no_semi.o(.text)
    i.CLK_EnableModuleClock                  0x00000730   Section        0  clk.o(i.CLK_EnableModuleClock)
    i.CLK_EnablePLL                          0x00000750   Section        0  clk.o(i.CLK_EnablePLL)
    i.CLK_EnableXtalRC                       0x000008d4   Section        0  clk.o(i.CLK_EnableXtalRC)
    i.CLK_GetPLLClockFreq                    0x000008e4   Section        0  system_m051series.o(i.CLK_GetPLLClockFreq)
    CLK_GetPLLClockFreq                      0x000008e5   Thumb Code   106  system_m051series.o(i.CLK_GetPLLClockFreq)
    i.CLK_GetPLLClockFreq                    0x00000960   Section        0  uart.o(i.CLK_GetPLLClockFreq)
    CLK_GetPLLClockFreq                      0x00000961   Thumb Code   106  uart.o(i.CLK_GetPLLClockFreq)
    i.CLK_GetPLLClockFreq                    0x000009dc   Section        0  clk.o(i.CLK_GetPLLClockFreq)
    CLK_GetPLLClockFreq                      0x000009dd   Thumb Code   106  clk.o(i.CLK_GetPLLClockFreq)
    i.CLK_SetCoreClock                       0x00000a58   Section        0  clk.o(i.CLK_SetCoreClock)
    i.CLK_SetHCLK                            0x00000af4   Section        0  clk.o(i.CLK_SetHCLK)
    i.CLK_SetModuleClock                     0x00000b54   Section        0  clk.o(i.CLK_SetModuleClock)
    i.CLK_WaitClockReady                     0x00000bb4   Section        0  clk.o(i.CLK_WaitClockReady)
    i.GPIO_SetMode                           0x00000bdc   Section        0  gpio.o(i.GPIO_SetMode)
    i.GprsSendComm                           0x00000c08   Section        0  main.o(i.GprsSendComm)
    i.Hard_Fault_Handler                     0x00000c14   Section        0  retarget.o(i.Hard_Fault_Handler)
    __tagsym$$used                           0x00000c15   Number         0  retarget.o(i.Hard_Fault_Handler)
    i.NVIC_DisableIRQ                        0x00000c40   Section        0  uart.o(i.NVIC_DisableIRQ)
    NVIC_DisableIRQ                          0x00000c41   Thumb Code    14  uart.o(i.NVIC_DisableIRQ)
    i.NVIC_EnableIRQ                         0x00000c54   Section        0  uart.o(i.NVIC_EnableIRQ)
    NVIC_EnableIRQ                           0x00000c55   Thumb Code    14  uart.o(i.NVIC_EnableIRQ)
    i.NVIC_EnableIRQ                         0x00000c68   Section        0  main.o(i.NVIC_EnableIRQ)
    NVIC_EnableIRQ                           0x00000c69   Thumb Code    14  main.o(i.NVIC_EnableIRQ)
    i.SYS_Init                               0x00000c7c   Section        0  main.o(i.SYS_Init)
    i.SYS_ResetModule                        0x00000cf0   Section        0  sys.o(i.SYS_ResetModule)
    i.SendChar                               0x00000d18   Section        0  retarget.o(i.SendChar)
    i.SendChar_ToUART                        0x00000d24   Section        0  retarget.o(i.SendChar_ToUART)
    i.SystemCoreClockUpdate                  0x00000d54   Section        0  system_m051series.o(i.SystemCoreClockUpdate)
    i.SystemInit                             0x00000db8   Section        0  system_m051series.o(i.SystemInit)
    i.TIMER1_Init                            0x00000dbc   Section        0  main.o(i.TIMER1_Init)
    i.TIMER_GetModuleClock                   0x00000e10   Section        0  timer.o(i.TIMER_GetModuleClock)
    i.TIMER_Open                             0x00000e94   Section        0  timer.o(i.TIMER_Open)
    i.TMR1_IRQHandler                        0x00000f0c   Section        0  main.o(i.TMR1_IRQHandler)
    i.UART0_IRQHandler                       0x00000f50   Section        0  main.o(i.UART0_IRQHandler)
    i.UART0_Init                             0x00000f58   Section        0  main.o(i.UART0_Init)
    i.UART_DisableInt                        0x00000f88   Section        0  uart.o(i.UART_DisableInt)
    i.UART_EnableInt                         0x00000fb0   Section        0  uart.o(i.UART_EnableInt)
    i.UART_FunctionTest                      0x00000fd8   Section        0  main.o(i.UART_FunctionTest)
    i.UART_Open                              0x000011a4   Section        0  uart.o(i.UART_Open)
    i.UART_TEST_HANDLE                       0x0000125c   Section        0  main.o(i.UART_TEST_HANDLE)
    i._PutChar_f                             0x0000136c   Section        0  main.o(i._PutChar_f)
    _PutChar_f                               0x0000136d   Thumb Code    84  main.o(i._PutChar_f)
    i.ferror                                 0x000013d0   Section        0  retarget.o(i.ferror)
    i.fputc                                  0x000013d8   Section        0  retarget.o(i.fputc)
    i.main                                   0x000013e8   Section        0  main.o(i.main)
    i.stackDump                              0x00001480   Section        0  retarget.o(i.stackDump)
    stackDump                                0x00001481   Thumb Code    70  retarget.o(i.stackDump)
    i.sysPrintf                              0x00001528   Section        0  main.o(i.sysPrintf)
    sysPrintf                                0x00001529   Thumb Code    22  main.o(i.sysPrintf)
    .constdata                               0x00001540   Section       32  system_m051series.o(.constdata)
    .constdata                               0x00001560   Section       32  timer.o(.constdata)
    .constdata                               0x00001580   Section       48  uart.o(.constdata)
    .constdata                               0x000015b0   Section       40  _printf_hex_int.o(.constdata)
    uc_hextab                                0x000015b0   Data          20  _printf_hex_int.o(.constdata)
    lc_hextab                                0x000015c4   Data          20  _printf_hex_int.o(.constdata)
    .data                                    0x20000000   Section       12  system_m051series.o(.data)
    .data                                    0x2000000c   Section        8  retarget.o(.data)
    .data                                    0x20000014   Section     1053  main.o(.data)
    _sys_uUartTxHead                         0x2000042c   Data           2  main.o(.data)
    _sys_uUartTxTail                         0x2000042e   Data           2  main.o(.data)
    .bss                                     0x20000434   Section     1280  main.o(.bss)
    _sys_ucUartTxBuf                         0x20000834   Data         256  main.o(.bss)
    .bss                                     0x20000934   Section       96  libspace.o(.bss)
    HEAP                                     0x20000998   Section        0  startup_m051series.o(HEAP)
    STACK                                    0x20000998   Section     1024  startup_m051series.o(STACK)
    Heap_Mem                                 0x20000998   Data           0  startup_m051series.o(HEAP)
    Stack_Mem                                0x20000998   Data        1024  startup_m051series.o(STACK)
    __initial_sp                             0x20000d98   Data           0  startup_m051series.o(STACK)

    Global Symbols

    Symbol Name                              Value     Ov Type        Size  Object(Section)

    BuildAttributes$$THM_ISAv3M$S$PE$A:L22$X:L11$S22$IEEE1$IW$USESV6$~STKCKD$USESV7$~SHL$OSPACE$ROPI$EBA8$UX$STANDARDLIB$REQ8$PRES8$EABIv2 0x00000000   Number         0  anon$$obj.o ABSOLUTE
    __ARM_use_no_argv                        0x00000000   Number         0  main.o ABSOLUTE
    __Vectors                                0x00000000   Data           4  startup_m051series.o(RESET)
    _printf_flags                            0x00000000   Number         0  printf_stubs.o ABSOLUTE
    _printf_return_value                     0x00000000   Number         0  printf_stubs.o ABSOLUTE
    _printf_sizespec                         0x00000000   Number         0  printf_stubs.o ABSOLUTE
    _printf_widthprec                        0x00000000   Number         0  printf_stubs.o ABSOLUTE
    __ARM_exceptions_init                     - Undefined Weak Reference
    __alloca_initialize                       - Undefined Weak Reference
    __cpp_initialize__aeabi_                  - Undefined Weak Reference
    __cxa_finalize                            - Undefined Weak Reference
    __rt_locale                               - Undefined Weak Reference
    __sigvec_lookup                           - Undefined Weak Reference
    _atexit_init                              - Undefined Weak Reference
    _call_atexit_fns                          - Undefined Weak Reference
    _clock_init                               - Undefined Weak Reference
    _fp_trap_init                             - Undefined Weak Reference
    _fp_trap_shutdown                         - Undefined Weak Reference
    _get_lc_collate                           - Undefined Weak Reference
    _get_lc_ctype                             - Undefined Weak Reference
    _get_lc_monetary                          - Undefined Weak Reference
    _get_lc_numeric                           - Undefined Weak Reference
    _get_lc_time                              - Undefined Weak Reference
    _getenv_init                              - Undefined Weak Reference
    _handle_redirection                       - Undefined Weak Reference
    _init_alloc                               - Undefined Weak Reference
    _init_user_alloc                          - Undefined Weak Reference
    _initio                                   - Undefined Weak Reference
    _printf_post_padding                      - Undefined Weak Reference
    _printf_pre_padding                       - Undefined Weak Reference
    _printf_truncate_signed                   - Undefined Weak Reference
    _printf_truncate_unsigned                 - Undefined Weak Reference
    _rand_init                                - Undefined Weak Reference
    _signal_finish                            - Undefined Weak Reference
    _signal_init                              - Undefined Weak Reference
    _terminate_alloc                          - Undefined Weak Reference
    _terminate_user_alloc                     - Undefined Weak Reference
    _terminateio                              - Undefined Weak Reference
    __main                                   0x000000c1   Thumb Code     8  __main.o(!!!main)
    __scatterload                            0x000000c9   Thumb Code     0  __scatter.o(!!!scatter)
    __scatterload_rt2                        0x000000c9   Thumb Code    52  __scatter.o(!!!scatter)
    __scatterload_rt2_thumb_only             0x000000c9   Thumb Code     0  __scatter.o(!!!scatter)
    __scatterload_null                       0x000000d9   Thumb Code     0  __scatter.o(!!!scatter)
    __scatterload_copy                       0x00000105   Thumb Code    26  __scatter_copy.o(!!handler_copy)
    __scatterload_zeroinit                   0x00000121   Thumb Code    28  __scatter_zi.o(!!handler_zi)
    _printf_percent                          0x0000013d   Thumb Code     0  _printf_percent.o(.ARM.Collect$$_printf_percent$$00000000)
    _printf_d                                0x0000013f   Thumb Code     0  _printf_d.o(.ARM.Collect$$_printf_percent$$00000009)
    _printf_x                                0x00000149   Thumb Code     0  _printf_x.o(.ARM.Collect$$_printf_percent$$0000000C)
    _printf_percent_end                      0x00000153   Thumb Code     0  _printf_percent_end.o(.ARM.Collect$$_printf_percent$$00000017)
    __rt_lib_init                            0x00000157   Thumb Code     0  libinit.o(.ARM.Collect$$libinit$$00000000)
    __rt_lib_init_alloca_1                   0x0000015d   Thumb Code     0  libinit2.o(.ARM.Collect$$libinit$$0000002A)
    __rt_lib_init_argv_1                     0x0000015d   Thumb Code     0  libinit2.o(.ARM.Collect$$libinit$$00000028)
    __rt_lib_init_atexit_1                   0x0000015d   Thumb Code     0  libinit2.o(.ARM.Collect$$libinit$$00000017)
    __rt_lib_init_clock_1                    0x0000015d   Thumb Code     0  libinit2.o(.ARM.Collect$$libinit$$0000001D)
    __rt_lib_init_cpp_1                      0x0000015d   Thumb Code     0  libinit2.o(.ARM.Collect$$libinit$$0000002E)
    __rt_lib_init_exceptions_1               0x0000015d   Thumb Code     0  libinit2.o(.ARM.Collect$$libinit$$0000002C)
    __rt_lib_init_fp_trap_1                  0x0000015d   Thumb Code     0  libinit2.o(.ARM.Collect$$libinit$$0000001B)
    __rt_lib_init_getenv_1                   0x0000015d   Thumb Code     0  libinit2.o(.ARM.Collect$$libinit$$0000001F)
    __rt_lib_init_heap_1                     0x0000015d   Thumb Code     0  libinit2.o(.ARM.Collect$$libinit$$00000006)
    __rt_lib_init_lc_collate_1               0x0000015d   Thumb Code     0  libinit2.o(.ARM.Collect$$libinit$$0000000D)
    __rt_lib_init_lc_ctype_1                 0x0000015d   Thumb Code     0  libinit2.o(.ARM.Collect$$libinit$$0000000F)
    __rt_lib_init_lc_monetary_1              0x0000015d   Thumb Code     0  libinit2.o(.ARM.Collect$$libinit$$00000011)
    __rt_lib_init_lc_numeric_1               0x0000015d   Thumb Code     0  libinit2.o(.ARM.Collect$$libinit$$00000013)
    __rt_lib_init_lc_time_1                  0x0000015d   Thumb Code     0  libinit2.o(.ARM.Collect$$libinit$$00000015)
    __rt_lib_init_rand_1                     0x0000015d   Thumb Code     0  libinit2.o(.ARM.Collect$$libinit$$0000000A)
    __rt_lib_init_return                     0x0000015d   Thumb Code     0  libinit2.o(.ARM.Collect$$libinit$$0000002F)
    __rt_lib_init_signal_1                   0x0000015d   Thumb Code     0  libinit2.o(.ARM.Collect$$libinit$$00000019)
    __rt_lib_init_stdio_1                    0x0000015d   Thumb Code     0  libinit2.o(.ARM.Collect$$libinit$$00000021)
    __rt_lib_init_user_alloc_1               0x0000015d   Thumb Code     0  libinit2.o(.ARM.Collect$$libinit$$00000008)
    __rt_lib_shutdown                        0x0000015f   Thumb Code     0  libshutdown.o(.ARM.Collect$$libshutdown$$00000000)
    __rt_lib_shutdown_fp_trap_1              0x00000161   Thumb Code     0  libshutdown2.o(.ARM.Collect$$libshutdown$$00000006)
    __rt_lib_shutdown_heap_1                 0x00000161   Thumb Code     0  libshutdown2.o(.ARM.Collect$$libshutdown$$0000000E)
    __rt_lib_shutdown_return                 0x00000161   Thumb Code     0  libshutdown2.o(.ARM.Collect$$libshutdown$$0000000F)
    __rt_lib_shutdown_signal_1               0x00000161   Thumb Code     0  libshutdown2.o(.ARM.Collect$$libshutdown$$00000009)
    __rt_lib_shutdown_stdio_1                0x00000161   Thumb Code     0  libshutdown2.o(.ARM.Collect$$libshutdown$$00000003)
    __rt_lib_shutdown_user_alloc_1           0x00000161   Thumb Code     0  libshutdown2.o(.ARM.Collect$$libshutdown$$0000000B)
    __rt_entry                               0x00000163   Thumb Code     0  rtentry.o(.ARM.Collect$$rtentry$$00000000)
    __rt_entry_presh_1                       0x00000163   Thumb Code     0  rtentry2.o(.ARM.Collect$$rtentry$$00000002)
    __rt_entry_sh                            0x00000163   Thumb Code     0  rtentry4.o(.ARM.Collect$$rtentry$$00000004)
    __rt_entry_li                            0x00000169   Thumb Code     0  rtentry2.o(.ARM.Collect$$rtentry$$0000000A)
    __rt_entry_postsh_1                      0x00000169   Thumb Code     0  rtentry2.o(.ARM.Collect$$rtentry$$00000009)
    __rt_entry_main                          0x0000016d   Thumb Code     0  rtentry2.o(.ARM.Collect$$rtentry$$0000000D)
    __rt_entry_postli_1                      0x0000016d   Thumb Code     0  rtentry2.o(.ARM.Collect$$rtentry$$0000000C)
    __rt_exit                                0x00000175   Thumb Code     0  rtexit.o(.ARM.Collect$$rtexit$$00000000)
    __rt_exit_ls                             0x00000177   Thumb Code     0  rtexit2.o(.ARM.Collect$$rtexit$$00000003)
    __rt_exit_prels_1                        0x00000177   Thumb Code     0  rtexit2.o(.ARM.Collect$$rtexit$$00000002)
    __rt_exit_exit                           0x0000017b   Thumb Code     0  rtexit2.o(.ARM.Collect$$rtexit$$00000004)
    HardFault_Handler                        0x00000181   Thumb Code    24  retarget.o(.emb_text)
    __aeabi_memcpy4                          0x0000019d   Thumb Code    56  rt_memcpy.o(.emb_text)
    __aeabi_memcpy8                          0x0000019d   Thumb Code     0  rt_memcpy.o(.emb_text)
    Reset_Handler                            0x000001d5   Thumb Code    38  startup_m051series.o(.text)
    NMI_Handler                              0x000001fb   Thumb Code     2  startup_m051series.o(.text)
    SVC_Handler                              0x000001ff   Thumb Code     2  startup_m051series.o(.text)
    PendSV_Handler                           0x00000201   Thumb Code     2  startup_m051series.o(.text)
    SysTick_Handler                          0x00000203   Thumb Code     2  startup_m051series.o(.text)
    ADC_IRQHandler                           0x00000205   Thumb Code     0  startup_m051series.o(.text)
    BOD_IRQHandler                           0x00000205   Thumb Code     0  startup_m051series.o(.text)
    EINT0_IRQHandler                         0x00000205   Thumb Code     0  startup_m051series.o(.text)
    EINT1_IRQHandler                         0x00000205   Thumb Code     0  startup_m051series.o(.text)
    GPIOP0P1_IRQHandler                      0x00000205   Thumb Code     0  startup_m051series.o(.text)
    GPIOP2P3P4_IRQHandler                    0x00000205   Thumb Code     0  startup_m051series.o(.text)
    I2C_IRQHandler                           0x00000205   Thumb Code     0  startup_m051series.o(.text)
    PWMA_IRQHandler                          0x00000205   Thumb Code     0  startup_m051series.o(.text)
    PWMB_IRQHandler                          0x00000205   Thumb Code     0  startup_m051series.o(.text)
    PWRWU_IRQHandler                         0x00000205   Thumb Code     0  startup_m051series.o(.text)
    SPI0_IRQHandler                          0x00000205   Thumb Code     0  startup_m051series.o(.text)
    SPI1_IRQHandler                          0x00000205   Thumb Code     0  startup_m051series.o(.text)
    SPI2_IRQHandler                          0x00000205   Thumb Code     0  startup_m051series.o(.text)
    SPI3_IRQHandler                          0x00000205   Thumb Code     0  startup_m051series.o(.text)
    TMR0_IRQHandler                          0x00000205   Thumb Code     0  startup_m051series.o(.text)
    TMR2_IRQHandler                          0x00000205   Thumb Code     0  startup_m051series.o(.text)
    TMR3_IRQHandler                          0x00000205   Thumb Code     0  startup_m051series.o(.text)
    UART1_IRQHandler                         0x00000205   Thumb Code     0  startup_m051series.o(.text)
    WDT_IRQHandler                           0x00000205   Thumb Code     0  startup_m051series.o(.text)
    __user_initial_stackheap                 0x00000209   Thumb Code     0  startup_m051series.o(.text)
    __2printf                                0x00000249   Thumb Code    22  noretval__2printf.o(.text)
    _printf_int_dec                          0x00000265   Thumb Code    90  _printf_dec.o(.text)
    _printf_int_hex                          0x000002d1   Thumb Code    84  _printf_hex_int.o(.text)
    _printf_longlong_hex                     0x000002d1   Thumb Code     0  _printf_hex_int.o(.text)
    __printf                                 0x00000329   Thumb Code   280  __printf_wp.o(.text)
    __aeabi_uidiv                            0x00000441   Thumb Code     0  aeabi_sdiv.o(.text)
    __aeabi_uidivmod                         0x00000441   Thumb Code    20  aeabi_sdiv.o(.text)
    __aeabi_idiv                             0x00000455   Thumb Code     0  aeabi_sdiv.o(.text)
    __aeabi_idivmod                          0x00000455   Thumb Code   326  aeabi_sdiv.o(.text)
    __use_two_region_memory                  0x0000059b   Thumb Code     2  heapauxi.o(.text)
    __rt_heap_escrow$2region                 0x0000059d   Thumb Code     2  heapauxi.o(.text)
    __rt_heap_expand$2region                 0x0000059f   Thumb Code     2  heapauxi.o(.text)
    _printf_int_common                       0x000005a1   Thumb Code   172  _printf_intcommon.o(.text)
    _printf_char_file                        0x0000064d   Thumb Code    34  _printf_char_file.o(.text)
    __rt_udiv10                              0x00000675   Thumb Code    40  rtudiv10.o(.text)
    _printf_char_common                      0x000006a7   Thumb Code    32  _printf_char_common.o(.text)
    __user_setup_stackheap                   0x000006cd   Thumb Code    62  sys_stackheap_outer.o(.text)
    exit                                     0x0000070b   Thumb Code    12  exit.o(.text)
    __user_libspace                          0x00000719   Thumb Code     8  libspace.o(.text)
    __user_perproc_libspace                  0x00000719   Thumb Code     0  libspace.o(.text)
    __user_perthread_libspace                0x00000719   Thumb Code     0  libspace.o(.text)
    _sys_exit                                0x00000721   Thumb Code     8  sys_exit.o(.text)
    __I$use$semihosting                      0x0000072d   Thumb Code     0  use_no_semi.o(.text)
    __use_no_semihosting_swi                 0x0000072d   Thumb Code     2  use_no_semi.o(.text)
    CLK_EnableModuleClock                    0x00000731   Thumb Code    28  clk.o(i.CLK_EnableModuleClock)
    CLK_EnablePLL                            0x00000751   Thumb Code   342  clk.o(i.CLK_EnablePLL)
    CLK_EnableXtalRC                         0x000008d5   Thumb Code    12  clk.o(i.CLK_EnableXtalRC)
    CLK_SetCoreClock                         0x00000a59   Thumb Code   144  clk.o(i.CLK_SetCoreClock)
    CLK_SetHCLK                              0x00000af5   Thumb Code    92  clk.o(i.CLK_SetHCLK)
    CLK_SetModuleClock                       0x00000b55   Thumb Code    90  clk.o(i.CLK_SetModuleClock)
    CLK_WaitClockReady                       0x00000bb5   Thumb Code    32  clk.o(i.CLK_WaitClockReady)
    GPIO_SetMode                             0x00000bdd   Thumb Code    44  gpio.o(i.GPIO_SetMode)
    GprsSendComm                             0x00000c09   Thumb Code    12  main.o(i.GprsSendComm)
    Hard_Fault_Handler                       0x00000c15   Thumb Code    18  retarget.o(i.Hard_Fault_Handler)
    SYS_Init                                 0x00000c7d   Thumb Code    98  main.o(i.SYS_Init)
    SYS_ResetModule                          0x00000cf1   Thumb Code    36  sys.o(i.SYS_ResetModule)
    SendChar                                 0x00000d19   Thumb Code    12  retarget.o(i.SendChar)
    SendChar_ToUART                          0x00000d25   Thumb Code    44  retarget.o(i.SendChar_ToUART)
    SystemCoreClockUpdate                    0x00000d55   Thumb Code    76  system_m051series.o(i.SystemCoreClockUpdate)
    SystemInit                               0x00000db9   Thumb Code     2  system_m051series.o(i.SystemInit)
    TIMER1_Init                              0x00000dbd   Thumb Code    74  main.o(i.TIMER1_Init)
    TIMER_GetModuleClock                     0x00000e11   Thumb Code   110  timer.o(i.TIMER_GetModuleClock)
    TIMER_Open                               0x00000e95   Thumb Code   118  timer.o(i.TIMER_Open)
    TMR1_IRQHandler                          0x00000f0d   Thumb Code    56  main.o(i.TMR1_IRQHandler)
    UART0_IRQHandler                         0x00000f51   Thumb Code     8  main.o(i.UART0_IRQHandler)
    UART0_Init                               0x00000f59   Thumb Code    30  main.o(i.UART0_Init)
    UART_DisableInt                          0x00000f89   Thumb Code    34  uart.o(i.UART_DisableInt)
    UART_EnableInt                           0x00000fb1   Thumb Code    34  uart.o(i.UART_EnableInt)
    UART_FunctionTest                        0x00000fd9   Thumb Code    98  main.o(i.UART_FunctionTest)
    UART_Open                                0x000011a5   Thumb Code   166  uart.o(i.UART_Open)
    UART_TEST_HANDLE                         0x0000125d   Thumb Code   212  main.o(i.UART_TEST_HANDLE)
    ferror                                   0x000013d1   Thumb Code     8  retarget.o(i.ferror)
    fputc                                    0x000013d9   Thumb Code    16  retarget.o(i.fputc)
    main                                     0x000013e9   Thumb Code    80  main.o(i.main)
    gau32ClkSrcTbl                           0x00001540   Data          32  system_m051series.o(.constdata)
    Region$$Table$$Base                      0x000015d8   Number         0  anon$$obj.o(Region$$Table)
    Region$$Table$$Limit                     0x000015f8   Number         0  anon$$obj.o(Region$$Table)
    SystemCoreClock                          0x20000000   Data           4  system_m051series.o(.data)
    CyclesPerUs                              0x20000004   Data           4  system_m051series.o(.data)
    PllClock                                 0x20000008   Data           4  system_m051series.o(.data)
    __stdout                                 0x2000000c   Data           4  retarget.o(.data)
    __stdin                                  0x20000010   Data           4  retarget.o(.data)
    g_u32comRbytes                           0x20000014   Data           4  main.o(.data)
    g_u32comRhead                            0x20000018   Data           4  main.o(.data)
    g_u32comRtail                            0x2000001c   Data           4  main.o(.data)
    g_bWait                                  0x20000020   Data           4  main.o(.data)
    CounterLed                               0x20000024   Data           4  main.o(.data)
    counter                                  0x20000028   Data           4  main.o(.data)
    TestBuffer                               0x2000002c   Data        1024  main.o(.data)
    i                                        0x20000430   Data           1  main.o(.data)
    g_u8RecData                              0x20000434   Data        1024  main.o(.bss)
    __libspace_start                         0x20000934   Data          96  libspace.o(.bss)
    __temporary_stack_top$libspace           0x20000994   Data           0  libspace.o(.bss)



==============================================================================

Memory Map of the image

  Image Entry point : 0x000001d5

  Load Region LR_1 (Base: 0x00000000, Size: 0x00001a2c, Max: 0xffffffff, ABSOLUTE)

    Execution Region ER_RO (Base: 0x00000000, Size: 0x000015f8, Max: 0xffffffff, ABSOLUTE)

    Base Addr    Size         Type   Attr      Idx    E Section Name        Object

    0x00000000   0x000000c0   Data   RO            3    RESET               startup_m051series.o
    0x000000c0   0x00000008   Code   RO         1118  * !!!main             c_p.l(__main.o)(c_p.l)
    0x000000c8   0x0000003c   Code   RO         1296    !!!scatter          c_p.l(__scatter.o)(c_p.l)
    0x00000104   0x0000001a   Code   RO         1298    !!handler_copy      c_p.l(__scatter_copy.o)(c_p.l)
    0x0000011e   0x00000002   PAD
    0x00000120   0x0000001c   Code   RO         1300    !!handler_zi        c_p.l(__scatter_zi.o)(c_p.l)
    0x0000013c   0x00000002   Code   RO         1107    .ARM.Collect$$_printf_percent$$00000000  c_p.l(_printf_percent.o)(c_p.l)
    0x0000013e   0x0000000a   Code   RO         1106    .ARM.Collect$$_printf_percent$$00000009  c_p.l(_printf_d.o)(c_p.l)
    0x00000148   0x0000000a   Code   RO         1105    .ARM.Collect$$_printf_percent$$0000000C  c_p.l(_printf_x.o)(c_p.l)
    0x00000152   0x00000004   Code   RO         1130    .ARM.Collect$$_printf_percent$$00000017  c_p.l(_printf_percent_end.o)(c_p.l)
    0x00000156   0x00000006   Code   RO         1172    .ARM.Collect$$libinit$$00000000  c_p.l(libinit.o)(c_p.l)
    0x0000015c   0x00000000   Code   RO         1187    .ARM.Collect$$libinit$$00000006  c_p.l(libinit2.o)(c_p.l)
    0x0000015c   0x00000000   Code   RO         1189    .ARM.Collect$$libinit$$00000008  c_p.l(libinit2.o)(c_p.l)
    0x0000015c   0x00000000   Code   RO         1191    .ARM.Collect$$libinit$$0000000A  c_p.l(libinit2.o)(c_p.l)
    0x0000015c   0x00000000   Code   RO         1194    .ARM.Collect$$libinit$$0000000D  c_p.l(libinit2.o)(c_p.l)
    0x0000015c   0x00000000   Code   RO         1196    .ARM.Collect$$libinit$$0000000F  c_p.l(libinit2.o)(c_p.l)
    0x0000015c   0x00000000   Code   RO         1198    .ARM.Collect$$libinit$$00000011  c_p.l(libinit2.o)(c_p.l)
    0x0000015c   0x00000000   Code   RO         1200    .ARM.Collect$$libinit$$00000013  c_p.l(libinit2.o)(c_p.l)
    0x0000015c   0x00000000   Code   RO         1202    .ARM.Collect$$libinit$$00000015  c_p.l(libinit2.o)(c_p.l)
    0x0000015c   0x00000000   Code   RO         1204    .ARM.Collect$$libinit$$00000017  c_p.l(libinit2.o)(c_p.l)
    0x0000015c   0x00000000   Code   RO         1206    .ARM.Collect$$libinit$$00000019  c_p.l(libinit2.o)(c_p.l)
    0x0000015c   0x00000000   Code   RO         1208    .ARM.Collect$$libinit$$0000001B  c_p.l(libinit2.o)(c_p.l)
    0x0000015c   0x00000000   Code   RO         1210    .ARM.Collect$$libinit$$0000001D  c_p.l(libinit2.o)(c_p.l)
    0x0000015c   0x00000000   Code   RO         1212    .ARM.Collect$$libinit$$0000001F  c_p.l(libinit2.o)(c_p.l)
    0x0000015c   0x00000000   Code   RO         1214    .ARM.Collect$$libinit$$00000021  c_p.l(libinit2.o)(c_p.l)
    0x0000015c   0x00000000   Code   RO         1218    .ARM.Collect$$libinit$$00000028  c_p.l(libinit2.o)(c_p.l)
    0x0000015c   0x00000000   Code   RO         1220    .ARM.Collect$$libinit$$0000002A  c_p.l(libinit2.o)(c_p.l)
    0x0000015c   0x00000000   Code   RO         1222    .ARM.Collect$$libinit$$0000002C  c_p.l(libinit2.o)(c_p.l)
    0x0000015c   0x00000000   Code   RO         1224    .ARM.Collect$$libinit$$0000002E  c_p.l(libinit2.o)(c_p.l)
    0x0000015c   0x00000002   Code   RO         1225    .ARM.Collect$$libinit$$0000002F  c_p.l(libinit2.o)(c_p.l)
    0x0000015e   0x00000002   Code   RO         1254    .ARM.Collect$$libshutdown$$00000000  c_p.l(libshutdown.o)(c_p.l)
    0x00000160   0x00000000   Code   RO         1281    .ARM.Collect$$libshutdown$$00000003  c_p.l(libshutdown2.o)(c_p.l)
    0x00000160   0x00000000   Code   RO         1284    .ARM.Collect$$libshutdown$$00000006  c_p.l(libshutdown2.o)(c_p.l)
    0x00000160   0x00000000   Code   RO         1287    .ARM.Collect$$libshutdown$$00000009  c_p.l(libshutdown2.o)(c_p.l)
    0x00000160   0x00000000   Code   RO         1289    .ARM.Collect$$libshutdown$$0000000B  c_p.l(libshutdown2.o)(c_p.l)
    0x00000160   0x00000000   Code   RO         1292    .ARM.Collect$$libshutdown$$0000000E  c_p.l(libshutdown2.o)(c_p.l)
    0x00000160   0x00000002   Code   RO         1293    .ARM.Collect$$libshutdown$$0000000F  c_p.l(libshutdown2.o)(c_p.l)
    0x00000162   0x00000000   Code   RO         1120    .ARM.Collect$$rtentry$$00000000  c_p.l(rtentry.o)(c_p.l)
    0x00000162   0x00000000   Code   RO         1134    .ARM.Collect$$rtentry$$00000002  c_p.l(rtentry2.o)(c_p.l)
    0x00000162   0x00000006   Code   RO         1149    .ARM.Collect$$rtentry$$00000004  c_p.l(rtentry4.o)(c_p.l)
    0x00000168   0x00000000   Code   RO         1136    .ARM.Collect$$rtentry$$00000009  c_p.l(rtentry2.o)(c_p.l)
    0x00000168   0x00000004   Code   RO         1137    .ARM.Collect$$rtentry$$0000000A  c_p.l(rtentry2.o)(c_p.l)
    0x0000016c   0x00000000   Code   RO         1139    .ARM.Collect$$rtentry$$0000000C  c_p.l(rtentry2.o)(c_p.l)
    0x0000016c   0x00000008   Code   RO         1140    .ARM.Collect$$rtentry$$0000000D  c_p.l(rtentry2.o)(c_p.l)
    0x00000174   0x00000002   Code   RO         1177    .ARM.Collect$$rtexit$$00000000  c_p.l(rtexit.o)(c_p.l)
    0x00000176   0x00000000   Code   RO         1231    .ARM.Collect$$rtexit$$00000002  c_p.l(rtexit2.o)(c_p.l)
    0x00000176   0x00000004   Code   RO         1232    .ARM.Collect$$rtexit$$00000003  c_p.l(rtexit2.o)(c_p.l)
    0x0000017a   0x00000006   Code   RO         1233    .ARM.Collect$$rtexit$$00000004  c_p.l(rtexit2.o)(c_p.l)
    0x00000180   0x0000001c   Code   RO          396    .emb_text           retarget.o
    0x0000019c   0x00000038   Code   RO         1108    .emb_text           c_p.l(rt_memcpy.o)(c_p.l)
    0x000001d4   0x00000074   Code   RO            4  * .text               startup_m051series.o
    0x00000248   0x0000001c   Code   RO         1060    .text               c_p.l(noretval__2printf.o)(c_p.l)
    0x00000264   0x0000006c   Code   RO         1064    .text               c_p.l(_printf_dec.o)(c_p.l)
    0x000002d0   0x00000058   Code   RO         1069    .text               c_p.l(_printf_hex_int.o)(c_p.l)
    0x00000328   0x00000118   Code   RO         1095    .text               c_p.l(__printf_wp.o)(c_p.l)
    0x00000440   0x0000015a   Code   RO         1112    .text               c_p.l(aeabi_sdiv.o)(c_p.l)
    0x0000059a   0x00000006   Code   RO         1116    .text               c_p.l(heapauxi.o)(c_p.l)
    0x000005a0   0x000000ac   Code   RO         1126    .text               c_p.l(_printf_intcommon.o)(c_p.l)
    0x0000064c   0x00000028   Code   RO         1128    .text               c_p.l(_printf_char_file.o)(c_p.l)
    0x00000674   0x00000028   Code   RO         1131    .text               c_p.l(rtudiv10.o)(c_p.l)
    0x0000069c   0x00000030   Code   RO         1153    .text               c_p.l(_printf_char_common.o)(c_p.l)
    0x000006cc   0x0000003e   Code   RO         1155    .text               c_p.l(sys_stackheap_outer.o)(c_p.l)
    0x0000070a   0x0000000c   Code   RO         1160    .text               c_p.l(exit.o)(c_p.l)
    0x00000716   0x00000002   PAD
    0x00000718   0x00000008   Code   RO         1173    .text               c_p.l(libspace.o)(c_p.l)
    0x00000720   0x0000000c   Code   RO         1228    .text               c_p.l(sys_exit.o)(c_p.l)
    0x0000072c   0x00000002   Code   RO         1244    .text               c_p.l(use_no_semi.o)(c_p.l)
    0x0000072e   0x00000002   PAD
    0x00000730   0x00000020   Code   RO          789    i.CLK_EnableModuleClock  clk.o
    0x00000750   0x00000184   Code   RO          790    i.CLK_EnablePLL     clk.o
    0x000008d4   0x00000010   Code   RO          792    i.CLK_EnableXtalRC  clk.o
    0x000008e4   0x0000007c   Code   RO           12    i.CLK_GetPLLClockFreq  system_m051series.o
    0x00000960   0x0000007c   Code   RO          549    i.CLK_GetPLLClockFreq  uart.o
    0x000009dc   0x0000007c   Code   RO          797    i.CLK_GetPLLClockFreq  clk.o
    0x00000a58   0x0000009c   Code   RO          800    i.CLK_SetCoreClock  clk.o
    0x00000af4   0x00000060   Code   RO          801    i.CLK_SetHCLK       clk.o
    0x00000b54   0x00000060   Code   RO          802    i.CLK_SetModuleClock  clk.o
    0x00000bb4   0x00000028   Code   RO          804    i.CLK_WaitClockReady  clk.o
    0x00000bdc   0x0000002c   Code   RO          189    i.GPIO_SetMode      gpio.o
    0x00000c08   0x0000000c   Code   RO          954    i.GprsSendComm      main.o
    0x00000c14   0x0000002c   Code   RO          398    i.Hard_Fault_Handler  retarget.o
    0x00000c40   0x00000014   Code   RO          550    i.NVIC_DisableIRQ   uart.o
    0x00000c54   0x00000014   Code   RO          551    i.NVIC_EnableIRQ    uart.o
    0x00000c68   0x00000014   Code   RO          955    i.NVIC_EnableIRQ    main.o
    0x00000c7c   0x00000074   Code   RO          956    i.SYS_Init          main.o
    0x00000cf0   0x00000028   Code   RO          718    i.SYS_ResetModule   sys.o
    0x00000d18   0x0000000c   Code   RO          400    i.SendChar          retarget.o
    0x00000d24   0x00000030   Code   RO          401    i.SendChar_ToUART   retarget.o
    0x00000d54   0x00000064   Code   RO           13    i.SystemCoreClockUpdate  system_m051series.o
    0x00000db8   0x00000002   Code   RO           14    i.SystemInit        system_m051series.o
    0x00000dba   0x00000002   PAD
    0x00000dbc   0x00000054   Code   RO          958    i.TIMER1_Init       main.o
    0x00000e10   0x00000084   Code   RO          492    i.TIMER_GetModuleClock  timer.o
    0x00000e94   0x00000076   Code   RO          493    i.TIMER_Open        timer.o
    0x00000f0a   0x00000002   PAD
    0x00000f0c   0x00000044   Code   RO          959    i.TMR1_IRQHandler   main.o
    0x00000f50   0x00000008   Code   RO          960    i.UART0_IRQHandler  main.o
    0x00000f58   0x00000030   Code   RO          961    i.UART0_Init        main.o
    0x00000f88   0x00000028   Code   RO          555    i.UART_DisableInt   uart.o
    0x00000fb0   0x00000028   Code   RO          557    i.UART_EnableInt    uart.o
    0x00000fd8   0x000001cc   Code   RO          962    i.UART_FunctionTest  main.o
    0x000011a4   0x000000b8   Code   RO          558    i.UART_Open         uart.o
    0x0000125c   0x00000110   Code   RO          964    i.UART_TEST_HANDLE  main.o
    0x0000136c   0x00000064   Code   RO          965    i._PutChar_f        main.o
    0x000013d0   0x00000008   Code   RO          403    i.ferror            retarget.o
    0x000013d8   0x00000010   Code   RO          405    i.fputc             retarget.o
    0x000013e8   0x00000098   Code   RO          966    i.main              main.o
    0x00001480   0x000000a8   Code   RO          407    i.stackDump         retarget.o
    0x00001528   0x00000016   Code   RO          967    i.sysPrintf         main.o
    0x0000153e   0x00000002   PAD
    0x00001540   0x00000020   Data   RO           15    .constdata          system_m051series.o
    0x00001560   0x00000020   Data   RO          494    .constdata          timer.o
    0x00001580   0x00000030   Data   RO          566    .constdata          uart.o
    0x000015b0   0x00000028   Data   RO         1070    .constdata          c_p.l(_printf_hex_int.o)(c_p.l)
    0x000015d8   0x00000020   Data   RO         1294    Region$$Table       anon$$obj.o


    Execution Region ER_RW (Base: 0x20000000, Size: 0x00000434, Max: 0xffffffff, ABSOLUTE)

    Base Addr    Size         Type   Attr      Idx    E Section Name        Object

    0x20000000   0x0000000c   Data   RW           16    .data               system_m051series.o
    0x2000000c   0x00000008   Data   RW          408    .data               retarget.o
    0x20000014   0x0000041d   Data   RW          970    .data               main.o


    Execution Region ER_ZI (Base: 0x20000434, Size: 0x00000964, Max: 0xffffffff, ABSOLUTE)

    Base Addr    Size         Type   Attr      Idx    E Section Name        Object

    0x20000434   0x00000500   Zero   RW          968    .bss                main.o
    0x20000934   0x00000060   Zero   RW         1174    .bss                c_p.l(libspace.o)(c_p.l)
    0x20000994   0x00000004   PAD
    0x20000998   0x00000000   Zero   RW            2    HEAP                startup_m051series.o
    0x20000998   0x00000400   Zero   RW            1    STACK               startup_m051series.o


==============================================================================

Image component sizes


      Code (inc. data)   RO Data    RW Data    ZI Data      Debug   Object Name

         0          0          0          0          0          0   adc.o
       948        102          0          0          0          0   clk.o
        44          0          0          0          0          0   gpio.o
      1362        574          0       1053       1280          0   main.o
       324        132          0          8          0          0   retarget.o
       116         56        192          0       1024          0   startup_m051series.o
        40          4          0          0          0          0   sys.o
       226         42         32         12          0          0   system_m051series.o
       250         22         32          0          0          0   timer.o
       428         60         48          0          0          0   uart.o

    ----------------------------------------------------------------------
      3744        992        336       1076       2304          0   Object Totals
         0          0         32          0          0          0   (incl. Generated)
         6          0          0          3          0          3   (incl. Padding)

    ----------------------------------------------------------------------

      Code (inc. data)   RO Data    RW Data    ZI Data      Debug   Library Member Name

         8          0          0          0          0          0   __main.o
       280          0          0          0          0          0   __printf_wp.o
        60          8          0          0          0          0   __scatter.o
        26          0          0          0          0          0   __scatter_copy.o
        28          0          0          0          0          0   __scatter_zi.o
        48          6          0          0          0          0   _printf_char_common.o
        40          6          0          0          0          0   _printf_char_file.o
        10          0          0          0          0          0   _printf_d.o
       108         18          0          0          0          0   _printf_dec.o
        88          4         40          0          0          0   _printf_hex_int.o
       172          0          0          0          0          0   _printf_intcommon.o
         2          0          0          0          0          0   _printf_percent.o
         4          0          0          0          0          0   _printf_percent_end.o
        10          0          0          0          0          0   _printf_x.o
       346          0          0          0          0          0   aeabi_sdiv.o
        12          0          0          0          0          0   exit.o
         6          0          0          0          0          0   heapauxi.o
         6          0          0          0          0          0   libinit.o
         2          0          0          0          0          0   libinit2.o
         2          0          0          0          0          0   libshutdown.o
         2          0          0          0          0          0   libshutdown2.o
         8          4          0          0         96          0   libspace.o
        28          6          0          0          0          0   noretval__2printf.o
        56          0          0          0          0          0   rt_memcpy.o
         0          0          0          0          0          0   rtentry.o
        12          0          0          0          0          0   rtentry2.o
         6          0          0          0          0          0   rtentry4.o
         2          0          0          0          0          0   rtexit.o
        10          0          0          0          0          0   rtexit2.o
        40          0          0          0          0          0   rtudiv10.o
        12          4          0          0          0          0   sys_exit.o
        62          0          0          0          0          0   sys_stackheap_outer.o
         2          0          0          0          0          0   use_no_semi.o

    ----------------------------------------------------------------------
      1504         56         40          0        100          0   Library Totals
         6          0          0          0          4          0   (incl. Padding)

    ----------------------------------------------------------------------

      Code (inc. data)   RO Data    RW Data    ZI Data      Debug   Library Name

      1498         56         40          0         96       1308   c_p.l

    ----------------------------------------------------------------------
      1504         56         40          0        100          0   Library Totals

    ----------------------------------------------------------------------

==============================================================================


      Code (inc. data)   RO Data    RW Data    ZI Data      Debug   

      5248       1048        376       1076       2404     154584   Grand Totals
      5248       1048        376       1076       2404     154584   ELF Image Totals
      5248       1048        376       1076          0          0   ROM Totals

==============================================================================

    Total RO  Size (Code + RO Data)                 5624 (   5.49kB)
    Total RW  Size (RW Data + ZI Data)              3480 (   3.40kB)
    Total ROM Size (Code + RO Data + RW Data)       6700 (   6.54kB)

==============================================================================

