<html>
<body>
<pre>
<h1>礦ision Build Log</h1>
<h2>Project:</h2>
C:\Users\Administrator\Desktop\BDRSBack\M058串口\Keil\YongMengOilSenser.uvproj
Project File Date:  09/01/2017

<h2>Output:</h2>
Build target 'YongMengOilSenserProgram'
assembling startup_M051Series.s...
compiling system_M051Series.c...
compiling adc.c...
compiling gpio.c...
compiling pwm.c...
compiling retarget.c...
compiling timer.c...
compiling uart.c...
compiling wdt.c...
compiling wwdt.c...
compiling sys.c...
compiling clk.c...
compiling acmp.c...
compiling main.c...
..\User\main.c(85): warning:  #1295-D: Deprecated declaration UART_SendMiYaoData - give arg types
..\User\main.c:   void UART_SendMiYaoData();
..\User\main.c:        ^
..\User\main.c(86): warning:  #1295-D: Deprecated declaration UART_SendData - give arg types
..\User\main.c:   void UART_SendData();
..\User\main.c:        ^
..\User\main.c(506): warning:  #223-D: function "memset" declared implicitly
..\User\main.c:                 memset((void *)strbuf,0,300);
..\User\main.c:                 ^
..\User\main.c(547): warning:  #550-D: variable "u8InChar" was set but never used
..\User\main.c:       uint8_t u8InChar = 0xFF;
..\User\main.c:               ^
..\User\main.c: ..\User\main.c: 4 warnings, 0 errors
linking...
Program Size: Code=5744 RO-data=376 RW-data=1120 ZI-data=3160  
FromELF: creating hex file...
User command #1: fromelf --bin ".\obj\YongMengOilSenser.axf" --output ".\obj\YongMengOilSenser.bin"
User command #2: fromelf --text -c ".\obj\YongMengOilSenser.axf" --output ".\obj\YongMengOilSenser.txt"
".\obj\YongMengOilSenser.axf" - 0 Error(s), 4 Warning(s).
Load "C:\\Users\\Administrator\\Desktop\\BDRSBack\\M058串口\\Keil\\obj\\YongMengOilSenser.AXF" 
Erase Done.
Programming Done.
Verify OK.
Application running...
Build target 'YongMengOilSenserProgram'
assembling startup_M051Series.s...
compiling system_M051Series.c...
compiling adc.c...
compiling gpio.c...
compiling pwm.c...
compiling retarget.c...
compiling timer.c...
compiling uart.c...
compiling wdt.c...
compiling wwdt.c...
compiling sys.c...
compiling clk.c...
compiling acmp.c...
compiling main.c...
..\User\main.c(85): warning:  #1295-D: Deprecated declaration UART_SendMiYaoData - give arg types
..\User\main.c:   void UART_SendMiYaoData();
..\User\main.c:        ^
..\User\main.c(86): warning:  #1295-D: Deprecated declaration UART_SendData - give arg types
..\User\main.c:   void UART_SendData();
..\User\main.c:        ^
..\User\main.c(506): warning:  #223-D: function "memset" declared implicitly
..\User\main.c:                 memset((void *)strbuf,0,300);
..\User\main.c:                 ^
..\User\main.c(547): warning:  #550-D: variable "u8InChar" was set but never used
..\User\main.c:       uint8_t u8InChar = 0xFF;
..\User\main.c:               ^
..\User\main.c: ..\User\main.c: 4 warnings, 0 errors
linking...
Program Size: Code=5960 RO-data=376 RW-data=1120 ZI-data=3160  
FromELF: creating hex file...
User command #1: fromelf --bin ".\obj\YongMengOilSenser.axf" --output ".\obj\YongMengOilSenser.bin"
User command #2: fromelf --text -c ".\obj\YongMengOilSenser.axf" --output ".\obj\YongMengOilSenser.txt"
".\obj\YongMengOilSenser.axf" - 0 Error(s), 4 Warning(s).
Load "C:\\Users\\Administrator\\Desktop\\BDRSBack\\M058串口\\Keil\\obj\\YongMengOilSenser.AXF" 
Erase Done.
Programming Done.
Verify OK.
Application running...
Build target 'YongMengOilSenserProgram'
assembling startup_M051Series.s...
compiling system_M051Series.c...
compiling adc.c...
compiling gpio.c...
compiling pwm.c...
compiling retarget.c...
compiling timer.c...
compiling uart.c...
compiling wdt.c...
compiling wwdt.c...
compiling sys.c...
compiling clk.c...
compiling acmp.c...
compiling main.c...
..\User\main.c(85): warning:  #1295-D: Deprecated declaration UART_SendMiYaoData - give arg types
..\User\main.c:   void UART_SendMiYaoData();
..\User\main.c:        ^
..\User\main.c(86): warning:  #1295-D: Deprecated declaration UART_SendData - give arg types
..\User\main.c:   void UART_SendData();
..\User\main.c:        ^
..\User\main.c(506): warning:  #223-D: function "memset" declared implicitly
..\User\main.c:                 memset((void *)strbuf,0,300);
..\User\main.c:                 ^
..\User\main.c(547): warning:  #550-D: variable "u8InChar" was set but never used
..\User\main.c:       uint8_t u8InChar = 0xFF;
..\User\main.c:               ^
..\User\main.c: ..\User\main.c: 4 warnings, 0 errors
linking...
Program Size: Code=5964 RO-data=376 RW-data=1120 ZI-data=3160  
FromELF: creating hex file...
User command #1: fromelf --bin ".\obj\YongMengOilSenser.axf" --output ".\obj\YongMengOilSenser.bin"
User command #2: fromelf --text -c ".\obj\YongMengOilSenser.axf" --output ".\obj\YongMengOilSenser.txt"
".\obj\YongMengOilSenser.axf" - 0 Error(s), 4 Warning(s).
Load "C:\\Users\\Administrator\\Desktop\\BDRSBack\\M058串口\\Keil\\obj\\YongMengOilSenser.AXF" 
Erase Done.
Programming Done.
Verify OK.
Application running...
