ARM Linker, 4.1 [Build 481] [Standard]

==============================================================================

Small function inlining results

Inlined total of 0 calls.

==============================================================================

Section Cross References

    startup_nuc131.o(RESET) refers to startup_nuc131.o(STACK) for __initial_sp
    startup_nuc131.o(RESET) refers to startup_nuc131.o(.text) for Reset_Handler
    startup_nuc131.o(RESET) refers to main.o(i.EINT0_IRQHandler) for EINT0_IRQHandler
    startup_nuc131.o(RESET) refers to main.o(i.GPAB_IRQHandler) for GPAB_IRQHandler
    startup_nuc131.o(RESET) refers to main.o(i.TMR0_IRQHandler) for TMR0_IRQHandler
    startup_nuc131.o(RESET) refers to main.o(i.TMR1_IRQHandler) for TMR1_IRQHandler
    startup_nuc131.o(RESET) refers to main.o(i.TMR2_IRQHandler) for TMR2_IRQHandler
    startup_nuc131.o(RESET) refers to main.o(i.TMR3_IRQHandler) for TMR3_IRQHandler
    startup_nuc131.o(RESET) refers to main.o(i.UART02_IRQHandler) for UART02_IRQHandler
    startup_nuc131.o(RESET) refers to main.o(i.UART1_IRQHandler) for UART1_IRQHandler
    startup_nuc131.o(RESET) refers to main.o(i.CAN0_IRQHandler) for CAN0_IRQHandler
    startup_nuc131.o(.text) refers to system_nuc131.o(i.SystemInit) for SystemInit
    startup_nuc131.o(.text) refers to entry.o(.ARM.Collect$$$$00000000) for __main
    system_nuc131.o(i.SystemCoreClockUpdate) refers to uidiv.o(.text) for __aeabi_uidivmod
    system_nuc131.o(i.SystemCoreClockUpdate) refers to system_nuc131.o(.data) for .data
    main.o(i.AVchange) refers to main.o(i.Send_avdaoche) for Send_avdaoche
    main.o(i.AVchange) refers to main.o(i.AVclose) for AVclose
    main.o(i.AVchange) refers to main.o(i.Send_av1) for Send_av1
    main.o(i.AVchange) refers to main.o(.data) for .data
    main.o(i.AVclose) refers to main.o(i.sysPrintf1) for sysPrintf1
    main.o(i.AVclose) refers to main.o(.bss) for .bss
    main.o(i.Adc_Data) refers to main.o(i.Read_ADC) for Read_ADC
    main.o(i.Adc_Data) refers to uidiv.o(.text) for __aeabi_uidivmod
    main.o(i.Adc_Data) refers to main.o(.data) for .data
    main.o(i.AlarmBDRSSend) refers to strstr.o(.text) for strstr
    main.o(i.AlarmBDRSSend) refers to memseta.o(.text) for __aeabi_memclr
    main.o(i.AlarmBDRSSend) refers to main.o(i.GprsSendComm) for GprsSendComm
    main.o(i.AlarmBDRSSend) refers to main.o(i.WaiBuDianYuanPowerOffFun) for WaiBuDianYuanPowerOffFun
    main.o(i.AlarmBDRSSend) refers to main.o(i.BackBatteryPowerOffFun) for BackBatteryPowerOffFun
    main.o(i.AlarmBDRSSend) refers to main.o(i.SIMCardChangeAlarmFun) for SIMCardChangeAlarmFun
    main.o(i.AlarmBDRSSend) refers to main.o(i.Delay_Ms) for Delay_Ms
    main.o(i.AlarmBDRSSend) refers to main.o(.data) for .data
    main.o(i.AlarmBDRSSend) refers to main.o(.bss) for .bss
    main.o(i.BackBatteryPowerOffFun) refers to main.o(.data) for .data
    main.o(i.BatteryChargeMangment) refers to main.o(.data) for .data
    main.o(i.Bound_Tx) refers to can.o(i.CAN_Transmit) for CAN_Transmit
    main.o(i.Bound_Tx) refers to main.o(.bss) for .bss
    main.o(i.Bound_Tx) refers to main.o(.data) for .data
    main.o(i.CAN0_IRQHandler) refers to main.o(i.CAN_MsgInterrupt) for CAN_MsgInterrupt
    main.o(i.CAN0_IRQHandler) refers to can.o(i.CAN_CLR_INT_PENDING_BIT) for CAN_CLR_INT_PENDING_BIT
    main.o(i.CANRx_initial) refers to can.o(i.CAN_EnableInt) for CAN_EnableInt
    main.o(i.CANRx_initial) refers to main.o(i.NVIC_EnableIRQ) for NVIC_EnableIRQ
    main.o(i.CANRx_initial) refers to can.o(i.CAN_SetRxMsg) for CAN_SetRxMsg
    main.o(i.CAN_MsgInterrupt) refers to main.o(i.__ARM_common_switch8) for __ARM_common_switch8
    main.o(i.CAN_MsgInterrupt) refers to can.o(i.CAN_Receive) for CAN_Receive
    main.o(i.CAN_MsgInterrupt) refers to main.o(.data) for .data
    main.o(i.CAN_MsgInterrupt) refers to main.o(.bss) for .bss
    main.o(i.CAN_data) refers to main.o(i.Get_Data) for Get_Data
    main.o(i.CAN_data) refers to uidiv.o(.text) for __aeabi_uidivmod
    main.o(i.CAN_data) refers to main.o(.data) for .data
    main.o(i.CAN_data) refers to main.o(.bss) for .bss
    main.o(i.ConverIntToASC) refers to uidiv.o(.text) for __aeabi_uidivmod
    main.o(i.ConverJMdataToASC) refers to uidiv.o(.text) for __aeabi_uidivmod
    main.o(i.ConverJMsnumToASC) refers to uidiv.o(.text) for __aeabi_uidivmod
    main.o(i.ConvertCanToCarDat) refers to memseta.o(.text) for __aeabi_memset
    main.o(i.ConvertCanToCarDat) refers to main.o(i.NETERROR_SEND) for NETERROR_SEND
    main.o(i.ConvertCanToCarDat) refers to uidiv.o(.text) for __aeabi_uidivmod
    main.o(i.ConvertCanToCarDat) refers to main.o(i.ConverIntToASC) for ConverIntToASC
    main.o(i.ConvertCanToCarDat) refers to main.o(.bss) for .bss
    main.o(i.ConvertCanToCarDat) refers to main.o(.data) for .data
    main.o(i.DF_ReadCCIDNumber) refers to main.o(i.DF_Read) for DF_Read
    main.o(i.DF_ReadHour) refers to main.o(i.DF_Read) for DF_Read
[...]
    main.o(i.main) refers to main.o(i.ConverStateBitToASC) for ConverStateBitToASC
    main.o(i.main) refers to main.o(i.GprsSendControlState) for GprsSendControlState
    main.o(i.main) refers to main.o(i.GprsSendRp) for GprsSendRp
    main.o(i.main) refers to main.o(i.GprsSendJMRp) for GprsSendJMRp
    main.o(i.main) refers to main.o(i.ConvertCanToCarDat) for ConvertCanToCarDat
    main.o(i.main) refers to main.o(i.WaiBuDianYuanPowerOffFun) for WaiBuDianYuanPowerOffFun
    main.o(i.main) refers to main.o(i.BackBatteryPowerOffFun) for BackBatteryPowerOffFun
    main.o(i.main) refers to main.o(i.SIMCardChangeAlarmFun) for SIMCardChangeAlarmFun
    main.o(i.main) refers to main.o(i.GprsSendData) for GprsSendData
    main.o(i.main) refers to main.o(i.AlarmBDRSSend) for AlarmBDRSSend
    main.o(i.main) refers to strlen.o(.text) for strlen
    main.o(i.main) refers to main.o(i.ConverJMsnumToASC) for ConverJMsnumToASC
    main.o(i.main) refers to main.o(i.jwdcap) for jwdcap
    main.o(i.main) refers to main.o(i.VerifyGps) for VerifyGps
    main.o(i.main) refers to main.o(i.Send_longdata) for Send_longdata
    main.o(i.main) refers to main.o(i.Send_data) for Send_data
    main.o(i.main) refers to idiv.o(.text) for __aeabi_idivmod
    main.o(i.main) refers to main.o(i.Adc_Data) for Adc_Data
    main.o(i.main) refers to main.o(i.EEPROMwrite_Hours) for EEPROMwrite_Hours
    main.o(i.mijichg) refers to main.o(.data) for .data
    main.o(i.pageturn) refers to main.o(i.Send_changepage) for Send_changepage
    main.o(i.pageturn) refers to main.o(.data) for .data
    main.o(i.rev_judge) refers to strstr.o(.text) for strstr
    main.o(i.rev_judge) refers to memcpya.o(.text) for __aeabi_memcpy
    main.o(i.rev_judge) refers to memseta.o(.text) for __aeabi_memclr
    main.o(i.rev_judge) refers to main.o(.data) for .data
    main.o(i.rev_judge) refers to main.o(.bss) for .bss
    main.o(i.save) refers to main.o(i.SYS_UnlockReg) for SYS_UnlockReg
    main.o(i.save) refers to main.o(i.DF_WriteSWstate) for DF_WriteSWstate
    main.o(i.save) refers to main.o(.data) for .data
    main.o(i.sns_read) refers to main.o(i.SYS_UnlockReg) for SYS_UnlockReg
    main.o(i.sns_read) refers to main.o(i.DF_ReadSWstate) for DF_ReadSWstate
    main.o(i.sns_read) refers to main.o(.data) for .data
    main.o(i.startingup) refers to uidiv.o(.text) for __aeabi_uidivmod
    main.o(i.startingup) refers to main.o(i.sysPrintf1) for sysPrintf1
    main.o(i.startingup) refers to main.o(.data) for .data
    main.o(i.startingup) refers to main.o(.bss) for .bss
    main.o(i.sysPrintf1) refers to main.o(i._PutChar_f1) for _PutChar_f1
    main.o(i.uart2TOpfnCallback) refers to strstr.o(.text) for strstr
    main.o(i.uart2TOpfnCallback) refers to memcpya.o(.text) for __aeabi_memcpy4
    main.o(i.uart2TOpfnCallback) refers to main.o(.data) for .data
    main.o(i.uart2TOpfnCallback) refers to main.o(.bss) for .bss
    main.o(i.uart2pfnCallback) refers to strstr.o(.text) for strstr
    main.o(i.uart2pfnCallback) refers to memcpya.o(.text) for __aeabi_memcpy4
    main.o(i.uart2pfnCallback) refers to main.o(.data) for .data
    main.o(i.uart2pfnCallback) refers to main.o(.bss) for .bss
    main.o(i.uartTOpfnCallback) refers to memseta.o(.text) for __aeabi_memclr
    main.o(i.uartTOpfnCallback) refers to main.o(.data) for .data
    main.o(i.uartTOpfnCallback) refers to main.o(.bss) for .bss
    main.o(i.uart_manage) refers to main.o(i.__ARM_common_switch8) for __ARM_common_switch8
    main.o(i.uart_manage) refers to main.o(i.jiaozhun) for jiaozhun
    main.o(i.uart_manage) refers to main.o(.data) for .data
    main.o(i.uart_manage) refers to main.o(.bss) for .bss
    main.o(i.uartpfnCallback) refers to memseta.o(.text) for __aeabi_memclr
    main.o(i.uartpfnCallback) refers to main.o(.data) for .data
    main.o(i.uartpfnCallback) refers to main.o(.bss) for .bss
    main.o(i.yclockmachine) refers to main.o(i.EEPROMwrite_boundstate) for EEPROMwrite_boundstate
    main.o(i.yclockmachine) refers to main.o(i.Request_Tx) for Request_Tx
    main.o(i.yclockmachine) refers to main.o(i.Bound_Tx) for Bound_Tx
    main.o(i.yclockmachine) refers to main.o(i.get_rand_str) for get_rand_str
    main.o(i.yclockmachine) refers to main.o(i.MD5Init) for MD5Init
    main.o(i.yclockmachine) refers to main.o(i.MD5Update) for MD5Update
    main.o(i.yclockmachine) refers to main.o(i.MD5Final) for MD5Final
    main.o(i.yclockmachine) refers to main.o(i.key_Tx) for key_Tx
    main.o(i.yclockmachine) refers to main.o(.data) for .data
    main.o(i.yclockmachine) refers to main.o(.bss) for .bss
    main.o(i.yclockmachine) refers to main.o(i.InitiativeLock_Tx) for InitiativeLock_Tx
    main.o(i.yclockmachine) refers to main.o(i.UNBound_Tx) for UNBound_Tx
    main.o(.data) refers to main.o(.bss) for NewCarData
    main.o(.data) refers to main.o(.conststring) for .conststring
    uart.o(i.CLK_GetPLLClockFreq) refers to uidiv.o(.text) for __aeabi_uidivmod
    uart.o(i.UART_EnableInt) refers to uart.o(i.NVIC_EnableIRQ) for NVIC_EnableIRQ
    uart.o(i.UART_Open) refers to uart.o(i.CLK_GetPLLClockFreq) for CLK_GetPLLClockFreq
    uart.o(i.UART_Open) refers to uidiv.o(.text) for __aeabi_uidivmod
    uart.o(i.UART_Open) refers to uart.o(.constdata) for .constdata
    uart.o(i.UART_SelectIrDAMode) refers to uart.o(i.CLK_GetPLLClockFreq) for CLK_GetPLLClockFreq
    uart.o(i.UART_SelectIrDAMode) refers to uidiv.o(.text) for __aeabi_uidivmod
    uart.o(i.UART_SelectIrDAMode) refers to uart.o(.constdata) for .constdata
    uart.o(i.UART_SetLine_Config) refers to uart.o(i.CLK_GetPLLClockFreq) for CLK_GetPLLClockFreq
    uart.o(i.UART_SetLine_Config) refers to uidiv.o(.text) for __aeabi_uidivmod
    uart.o(i.UART_SetLine_Config) refers to uart.o(.constdata) for .constdata
    clk.o(i.CLK_DisableCKO) refers to clk.o(i.CLK_DisableModuleClock) for CLK_DisableModuleClock
    clk.o(i.CLK_DisableModuleClock) refers to clk.o(.constdata) for .constdata
    clk.o(i.CLK_EnableCKO) refers to clk.o(i.CLK_EnableModuleClock) for CLK_EnableModuleClock
    clk.o(i.CLK_EnableCKO) refers to clk.o(i.CLK_SetModuleClock) for CLK_SetModuleClock
    clk.o(i.CLK_EnableModuleClock) refers to clk.o(.constdata) for .constdata
    clk.o(i.CLK_EnablePLL) refers to clk.o(i.CLK_WaitClockReady) for CLK_WaitClockReady
    clk.o(i.CLK_EnablePLL) refers to uidiv.o(.text) for __aeabi_uidivmod
    clk.o(i.CLK_GetCPUFreq) refers to system_nuc131.o(i.SystemCoreClockUpdate) for SystemCoreClockUpdate
    clk.o(i.CLK_GetCPUFreq) refers to system_nuc131.o(.data) for SystemCoreClock
    clk.o(i.CLK_GetHCLKFreq) refers to system_nuc131.o(i.SystemCoreClockUpdate) for SystemCoreClockUpdate
    clk.o(i.CLK_GetHCLKFreq) refers to system_nuc131.o(.data) for SystemCoreClock
    clk.o(i.CLK_GetPCLKFreq) refers to system_nuc131.o(i.SystemCoreClockUpdate) for SystemCoreClockUpdate
    clk.o(i.CLK_GetPCLKFreq) refers to system_nuc131.o(.data) for SystemCoreClock
    clk.o(i.CLK_SetCoreClock) refers to clk.o(i.CLK_WaitClockReady) for CLK_WaitClockReady
    clk.o(i.CLK_SetCoreClock) refers to clk.o(i.CLK_EnablePLL) for CLK_EnablePLL
    clk.o(i.CLK_SetCoreClock) refers to clk.o(i.CLK_SetHCLK) for CLK_SetHCLK
    clk.o(i.CLK_SetHCLK) refers to system_nuc131.o(i.SystemCoreClockUpdate) for SystemCoreClockUpdate
    clk.o(i.CLK_SetModuleClock) refers to clk.o(.constdata) for .constdata
    timer.o(i.TIMER_Delay) refers to timer.o(i.TIMER_GetModuleClock) for TIMER_GetModuleClock
    timer.o(i.TIMER_Delay) refers to uidiv.o(.text) for __aeabi_uidivmod
    timer.o(i.TIMER_Delay) refers to system_nuc131.o(.data) for SystemCoreClock
    timer.o(i.TIMER_GetModuleClock) refers to memcpya.o(.text) for __aeabi_memcpy4
    timer.o(i.TIMER_GetModuleClock) refers to timer.o(.constdata) for .constdata
    timer.o(i.TIMER_GetModuleClock) refers to system_nuc131.o(.data) for SystemCoreClock
    timer.o(i.TIMER_Open) refers to timer.o(i.TIMER_GetModuleClock) for TIMER_GetModuleClock
    timer.o(i.TIMER_Open) refers to uidiv.o(.text) for __aeabi_uidivmod
    can.o(i.CAN_Close) refers to can.o(i.CAN_DisableInt) for CAN_DisableInt
    can.o(i.CAN_DisableInt) refers to can.o(i.CAN_EnterInitMode) for CAN_EnterInitMode
    can.o(i.CAN_DisableInt) refers to can.o(i.CAN_LeaveInitMode) for CAN_LeaveInitMode
    can.o(i.CAN_EnableInt) refers to can.o(i.CAN_EnterInitMode) for CAN_EnterInitMode
    can.o(i.CAN_EnableInt) refers to can.o(i.CAN_LeaveInitMode) for CAN_LeaveInitMode
    can.o(i.CAN_GetCANBitRate) refers to uidiv.o(.text) for __aeabi_uidivmod
    can.o(i.CAN_GetCANBitRate) refers to system_nuc131.o(.data) for SystemCoreClock
    can.o(i.CAN_Open) refers to can.o(i.CAN_SetBaudRate) for CAN_SetBaudRate
    can.o(i.CAN_ReadMsgObj) refers to can.o(i.CAN_IsNewDataReceived) for CAN_IsNewDataReceived
    can.o(i.CAN_Receive) refers to can.o(i.CAN_BasicReceiveMsg) for CAN_BasicReceiveMsg
    can.o(i.CAN_Receive) refers to can.o(i.CAN_ReadMsgObj) for CAN_ReadMsgObj
    can.o(i.CAN_SetBaudRate) refers to can.o(i.CAN_EnterInitMode) for CAN_EnterInitMode
    can.o(i.CAN_SetBaudRate) refers to system_nuc131.o(i.SystemCoreClockUpdate) for SystemCoreClockUpdate
    can.o(i.CAN_SetBaudRate) refers to uidiv.o(.text) for __aeabi_uidivmod
    can.o(i.CAN_SetBaudRate) refers to can.o(i.CAN_LeaveInitMode) for CAN_LeaveInitMode
    can.o(i.CAN_SetBaudRate) refers to can.o(i.CAN_GetCANBitRate) for CAN_GetCANBitRate
    can.o(i.CAN_SetBaudRate) refers to system_nuc131.o(.data) for SystemCoreClock
    can.o(i.CAN_SetMultiRxMsg) refers to can.o(i.CAN_SetRxMsgObj) for CAN_SetRxMsgObj
    can.o(i.CAN_SetRxMsg) refers to can.o(i.CAN_SetRxMsgObj) for CAN_SetRxMsgObj
    can.o(i.CAN_SetRxMsgObj) refers to can.o(i.GetFreeIF) for GetFreeIF
    can.o(i.CAN_SetTxMsg) refers to can.o(i.GetFreeIF) for GetFreeIF
    can.o(i.CAN_Transmit) refers to can.o(i.CAN_BasicSendMsg) for CAN_BasicSendMsg
    can.o(i.CAN_Transmit) refers to can.o(i.CAN_SetTxMsg) for CAN_SetTxMsg
    can.o(i.CAN_Transmit) refers to can.o(i.CAN_TriggerTxMsg) for CAN_TriggerTxMsg
    fmc.o(i.FMC_ReadConfig) refers to fmc.o(i.FMC_Read) for FMC_Read
    fmc.o(i.FMC_WriteConfig) refers to fmc.o(i.FMC_Read) for FMC_Read
    entry.o(.ARM.Collect$$$$00000000) refers (Special) to entry7.o(.ARM.Collect$$$$00000007) for _main_init
    entry.o(.ARM.Collect$$$$00000000) refers (Special) to entry5.o(.ARM.Collect$$$$00000004) for _main_scatterload
    entry.o(.ARM.Collect$$$$00000000) refers (Special) to entry2.o(.ARM.Collect$$$$00000001) for _main_stk
    idiv.o(.text) refers to uidiv.o(.text) for __aeabi_uidivmod
    uldiv.o(.text) refers to llushr.o(.text) for __aeabi_llsr
    uldiv.o(.text) refers to llshl.o(.text) for __aeabi_llsl
    llmul.o(.text) refers to llshl.o(.text) for __aeabi_llsl
    entry2.o(.ARM.Collect$$$$00000001) refers to entry2.o(.ARM.Collect$$$$00002712) for __lit__00000000
    entry2.o(.ARM.Collect$$$$00002712) refers to startup_nuc131.o(STACK) for __initial_sp
    entry2.o(__vectab_stack_and_reset_area) refers to startup_nuc131.o(STACK) for __initial_sp
    entry2.o(__vectab_stack_and_reset_area) refers to entry.o(.ARM.Collect$$$$00000000) for __main
    entry5.o(.ARM.Collect$$$$00000004) refers to init.o(.text) for __scatterload
    entry7.o(.ARM.Collect$$$$00000007) refers to main.o(i.main) for main
    init.o(.text) refers to entry5.o(.ARM.Collect$$$$00000004) for __main_after_scatterload


==============================================================================

Removing Unused input sections from the image.

    Removing startup_nuc131.o(HEAP), (0 bytes).
    Removing system_nuc131.o(.rev16_text), (4 bytes).
    Removing system_nuc131.o(.revsh_text), (4 bytes).
    Removing main.o(.rev16_text), (4 bytes).
    Removing main.o(.revsh_text), (4 bytes).
    Removing main.o(i.AVchange), (236 bytes).
    Removing main.o(i.Bound_Tx), (80 bytes).
    Removing main.o(i.DF_DisableISP), (16 bytes).
    Removing main.o(i.DF_EnableISP), (16 bytes).
    Removing main.o(i.DF_ReadKilo), (56 bytes).
    Removing main.o(i.DF_Readmiji), (56 bytes).
    Removing main.o(i.DF_WriteKilo), (72 bytes).
    Removing main.o(i.DF_WriteSWstate), (72 bytes).
    Removing main.o(i.DF_Writeboundstate), (72 bytes).
    Removing main.o(i.DF_Writemiji), (72 bytes).
    Removing main.o(i.EEPROMread_Kilos), (48 bytes).
    Removing main.o(i.EEPROMread_Meter), (48 bytes).
    Removing main.o(i.EEPROMwrite_Kilos), (32 bytes).
    Removing main.o(i.EEPROMwrite_Meter), (32 bytes).
    Removing main.o(i.EEPROMwrite_boundstate), (28 bytes).
    Removing main.o(i.Encode), (44 bytes).
    Removing main.o(i.GPSCaiChuBaoJingFun), (4 bytes).
    Removing main.o(i.GprsDataSum), (58 bytes).
    Removing main.o(i.InitiativeLock_Tx), (132 bytes).
    Removing main.o(i.MD5Final), (80 bytes).
    Removing main.o(i.MD5Init), (36 bytes).
    Removing main.o(i.MD5Transform), (1900 bytes).
    Removing main.o(i.MD5Update), (106 bytes).
    Removing main.o(i.MD5_memcpy), (18 bytes).
    Removing main.o(i.MD5_memset), (16 bytes).
    Removing main.o(i.Request_Tx), (64 bytes).
    Removing main.o(i.Send_av1), (52 bytes).
    Removing main.o(i.Send_avdaoche), (48 bytes).
    Removing main.o(i.Send_charData), (8 bytes).
    Removing main.o(i.Send_chaxu), (60 bytes).
    Removing main.o(i.Send_chaxupag), (40 bytes).
    Removing main.o(i.Send_chaxutim), (40 bytes).
    Removing main.o(i.Send_rest), (40 bytes).
    Removing main.o(i.TIMER1_Init), (68 bytes).
    Removing main.o(i.UNBound_Tx), (72 bytes).
    Removing main.o(i.alert_bj), (84 bytes).
    Removing main.o(i.alert_jc), (596 bytes).
    Removing main.o(i.backled), (76 bytes).
    Removing main.o(i.fd_bj), (196 bytes).
    Removing main.o(i.get_rand_str), (64 bytes).
    Removing main.o(i.jiaozhun), (40 bytes).
    Removing main.o(i.jsshisu), (104 bytes).
    Removing main.o(i.key_Tx), (84 bytes).
    Removing main.o(i.keyscan), (352 bytes).
    Removing main.o(i.mijichg), (64 bytes).
    Removing main.o(i.pageturn), (44 bytes).
    Removing main.o(i.rev_judge), (412 bytes).
    Removing main.o(i.save), (116 bytes).
    Removing main.o(i.uart_manage), (220 bytes).
    Removing main.o(i.yclockmachine), (1348 bytes).
    Removing main.o(.bss), (80 bytes).
    Removing main.o(.bss), (32 bytes).
    Removing main.o(.bss), (32 bytes).
    Removing main.o(.bss), (32 bytes).
    Removing main.o(.bss), (32 bytes).
    Removing main.o(.bss), (20 bytes).
    Removing main.o(.constdata), (36 bytes).
    Removing main.o(.data), (1 bytes).
    Removing main.o(.data), (1 bytes).
    Removing main.o(.data), (1 bytes).
    Removing main.o(.data), (1 bytes).
    Removing main.o(.data), (1 bytes).
    Removing main.o(.data), (1 bytes).
    Removing main.o(.data), (1 bytes).
    Removing main.o(.data), (4 bytes).
    Removing main.o(.data), (1 bytes).
    Removing main.o(.data), (1 bytes).
    Removing main.o(.data), (1 bytes).
    Removing main.o(.data), (1 bytes).
    Removing main.o(.data), (1 bytes).
    Removing main.o(.data), (1 bytes).
    Removing main.o(.data), (4 bytes).
    Removing main.o(.data), (4 bytes).
    Removing main.o(.data), (1 bytes).
    Removing main.o(.data), (4 bytes).
    Removing main.o(.data), (4 bytes).
    Removing main.o(.data), (1 bytes).
    Removing main.o(.data), (1 bytes).
    Removing main.o(.data), (1 bytes).
    Removing main.o(.data), (4 bytes).
    Removing main.o(.data), (4 bytes).
    Removing main.o(.data), (4 bytes).
    Removing main.o(.data), (4 bytes).
    Removing main.o(.data), (4 bytes).
    Removing main.o(.data), (4 bytes).
    Removing main.o(.data), (4 bytes).
    Removing main.o(.data), (4 bytes).
    Removing main.o(.data), (4 bytes).
    Removing main.o(.data), (1 bytes).
    Removing main.o(.data), (1 bytes).
    Removing main.o(.data), (1 bytes).
    Removing main.o(.data), (1 bytes).
    Removing main.o(.data), (1 bytes).
    Removing main.o(.data), (1 bytes).
    Removing uart.o(.rev16_text), (4 bytes).
    Removing uart.o(.revsh_text), (4 bytes).
    Removing uart.o(i.UART_ClearIntFlag), (76 bytes).
    Removing uart.o(i.UART_Close), (6 bytes).
    Removing uart.o(i.UART_DisableFlowCtrl), (12 bytes).
    Removing uart.o(i.UART_EnableFlowCtrl), (30 bytes).
    Removing uart.o(i.UART_Read), (44 bytes).
    Removing uart.o(i.UART_SelectIrDAMode), (136 bytes).
    Removing uart.o(i.UART_SelectLINMode), (24 bytes).
    Removing uart.o(i.UART_SelectRS485Mode), (32 bytes).
    Removing uart.o(i.UART_SetLine_Config), (132 bytes).
    Removing uart.o(i.UART_Write), (44 bytes).
    Removing sys.o(.rev16_text), (4 bytes).
    Removing sys.o(.revsh_text), (4 bytes).
    Removing sys.o(i.SYS_ClearResetSrc), (12 bytes).
    Removing sys.o(i.SYS_DisableBOD), (14 bytes).
    Removing sys.o(i.SYS_EnableBOD), (36 bytes).
    Removing sys.o(i.SYS_GetBODStatus), (12 bytes).
    Removing sys.o(i.SYS_GetResetSrc), (8 bytes).
    Removing sys.o(i.SYS_IsRegLocked), (16 bytes).
    Removing sys.o(i.SYS_ReadPDID), (8 bytes).
    Removing sys.o(i.SYS_ResetCPU), (14 bytes).
    Removing clk.o(.rev16_text), (4 bytes).
    Removing clk.o(.revsh_text), (4 bytes).
    Removing clk.o(i.CLK_DisableCKO), (16 bytes).
    Removing clk.o(i.CLK_DisableModuleClock), (52 bytes).
    Removing clk.o(i.CLK_DisablePLL), (16 bytes).
    Removing clk.o(i.CLK_DisableXtalRC), (16 bytes).
    Removing clk.o(i.CLK_EnableCKO), (44 bytes).
    Removing clk.o(i.CLK_GetCPUFreq), (16 bytes).
    Removing clk.o(i.CLK_GetHCLKFreq), (16 bytes).
    Removing clk.o(i.CLK_GetHXTFreq), (20 bytes).
    Removing clk.o(i.CLK_GetPCLKFreq), (16 bytes).
    Removing clk.o(i.CLK_Idle), (32 bytes).
    Removing clk.o(i.CLK_PowerDown), (36 bytes).
    Removing clk.o(i.CLK_SetSysTickClockSrc), (20 bytes).
    Removing gpio.o(.rev16_text), (4 bytes).
    Removing gpio.o(.revsh_text), (4 bytes).
    Removing gpio.o(i.GPIO_DisableInt), (28 bytes).
    Removing timer.o(.rev16_text), (4 bytes).
    Removing timer.o(.revsh_text), (4 bytes).
    Removing timer.o(i.TIMER_Close), (8 bytes).
    Removing timer.o(i.TIMER_Delay), (196 bytes).
    Removing timer.o(i.TIMER_DisableCapture), (10 bytes).
    Removing timer.o(i.TIMER_DisableEventCounter), (12 bytes).
    Removing timer.o(i.TIMER_EnableCapture), (20 bytes).
    Removing timer.o(i.TIMER_EnableEventCounter), (22 bytes).
    Removing can.o(.rev16_text), (4 bytes).
    Removing can.o(.revsh_text), (4 bytes).
    Removing can.o(i.CAN_BasicSendMsg), (176 bytes).
    Removing can.o(i.CAN_Close), (10 bytes).
    Removing can.o(i.CAN_DisableInt), (40 bytes).
    Removing can.o(i.CAN_EnterTestMode), (12 bytes).
    Removing can.o(i.CAN_LeaveTestMode), (24 bytes).
    Removing can.o(i.CAN_SetMultiRxMsg), (78 bytes).
    Removing can.o(i.CAN_SetTxMsg), (180 bytes).
    Removing can.o(i.CAN_Transmit), (52 bytes).
    Removing can.o(i.CAN_TriggerTxMsg), (36 bytes).
    Removing can.o(i.CAN_WaitMsg), (22 bytes).
    Removing adc.o(.rev16_text), (4 bytes).
    Removing adc.o(.revsh_text), (4 bytes).
    Removing adc.o(i.ADC_Close), (16 bytes).
    Removing adc.o(i.ADC_DisableHWTrigger), (20 bytes).
    Removing adc.o(i.ADC_DisableInt), (44 bytes).
    Removing adc.o(i.ADC_EnableHWTrigger), (32 bytes).
    Removing adc.o(i.ADC_EnableInt), (44 bytes).
    Removing fmc.o(.rev16_text), (4 bytes).
    Removing fmc.o(.revsh_text), (4 bytes).
    Removing fmc.o(i.FMC_Close), (16 bytes).
    Removing fmc.o(i.FMC_DisableAPUpdate), (16 bytes).
    Removing fmc.o(i.FMC_DisableConfigUpdate), (16 bytes).
    Removing fmc.o(i.FMC_DisableLDUpdate), (16 bytes).
    Removing fmc.o(i.FMC_EnableAPUpdate), (16 bytes).
    Removing fmc.o(i.FMC_EnableConfigUpdate), (16 bytes).
    Removing fmc.o(i.FMC_EnableLDUpdate), (16 bytes).
    Removing fmc.o(i.FMC_GetBootSource), (20 bytes).
    Removing fmc.o(i.FMC_Open), (16 bytes).
    Removing fmc.o(i.FMC_Read), (32 bytes).
    Removing fmc.o(i.FMC_ReadConfig), (34 bytes).
    Removing fmc.o(i.FMC_ReadDataFlashBaseAddr), (12 bytes).
    Removing fmc.o(i.FMC_SetBootSource), (24 bytes).
    Removing fmc.o(i.FMC_WriteConfig), (76 bytes).
    Removing wdt.o(.rev16_text), (4 bytes).
    Removing wdt.o(.revsh_text), (4 bytes).

183 unused section(s) (total 10417 bytes) removed from the image.

==============================================================================

Image Symbol Table

    Local Symbols

    Symbol Name                              Value     Ov Type        Size  Object(Section)

    RESET                                    0x00000000   Section      192  startup_nuc131.o(RESET)
    ../../microlib/division.c                0x00000000   Number         0  uldiv.o ABSOLUTE
    ../../microlib/division.c                0x00000000   Number         0  idiv.o ABSOLUTE
    ../../microlib/division.c                0x00000000   Number         0  uidiv.o ABSOLUTE
    ../../microlib/init/entry.s              0x00000000   Number         0  entry5.o ABSOLUTE
    ../../microlib/init/entry.s              0x00000000   Number         0  entry7.o ABSOLUTE
    ../../microlib/init/entry.s              0x00000000   Number         0  entry.o ABSOLUTE
    ../../microlib/init/entry.s              0x00000000   Number         0  entry2.o ABSOLUTE
    ../../microlib/longlong.c                0x00000000   Number         0  llshl.o ABSOLUTE
    ../../microlib/longlong.c                0x00000000   Number         0  llushr.o ABSOLUTE
    ../../microlib/longlong.c                0x00000000   Number         0  llmul.o ABSOLUTE
    ../../microlib/string/memcmp.c           0x00000000   Number         0  memcmp.o ABSOLUTE
    ../../microlib/string/memcpy.c           0x00000000   Number         0  memcpyb.o ABSOLUTE
    ../../microlib/string/memcpy.c           0x00000000   Number         0  memcpya.o ABSOLUTE
    ../../microlib/string/memset.c           0x00000000   Number         0  memseta.o ABSOLUTE
    ../../microlib/string/strlen.c           0x00000000   Number         0  strlen.o ABSOLUTE
    ../../microlib/string/strstr.c           0x00000000   Number         0  strstr.o ABSOLUTE
    ../../microlib/unhosted.c                0x00000000   Number         0  uread4.o ABSOLUTE
    ..\Library\Device\Nuvoton\NUC131\Source\ARM\startup_NUC131.s 0x00000000   Number         0  startup_nuc131.o ABSOLUTE
    ..\Library\Device\Nuvoton\NUC131\Source\system_NUC131.c 0x00000000   Number         0  system_nuc131.o ABSOLUTE
    ..\Library\StdDriver\src\adc.c           0x00000000   Number         0  adc.o ABSOLUTE
    ..\Library\StdDriver\src\can.c           0x00000000   Number         0  can.o ABSOLUTE
    ..\Library\StdDriver\src\clk.c           0x00000000   Number         0  clk.o ABSOLUTE
    ..\Library\StdDriver\src\fmc.c           0x00000000   Number         0  fmc.o ABSOLUTE
    ..\Library\StdDriver\src\gpio.c          0x00000000   Number         0  gpio.o ABSOLUTE
    ..\Library\StdDriver\src\sys.c           0x00000000   Number         0  sys.o ABSOLUTE
    ..\Library\StdDriver\src\timer.c         0x00000000   Number         0  timer.o ABSOLUTE
    ..\Library\StdDriver\src\uart.c          0x00000000   Number         0  uart.o ABSOLUTE
    ..\Library\StdDriver\src\wdt.c           0x00000000   Number         0  wdt.o ABSOLUTE
    ..\\Library\\Device\\Nuvoton\\NUC131\\Source\\system_NUC131.c 0x00000000   Number         0  system_nuc131.o ABSOLUTE
    ..\\Library\\StdDriver\\src\\adc.c       0x00000000   Number         0  adc.o ABSOLUTE
    ..\\Library\\StdDriver\\src\\can.c       0x00000000   Number         0  can.o ABSOLUTE
    ..\\Library\\StdDriver\\src\\clk.c       0x00000000   Number         0  clk.o ABSOLUTE
    ..\\Library\\StdDriver\\src\\fmc.c       0x00000000   Number         0  fmc.o ABSOLUTE
    ..\\Library\\StdDriver\\src\\gpio.c      0x00000000   Number         0  gpio.o ABSOLUTE
    ..\\Library\\StdDriver\\src\\sys.c       0x00000000   Number         0  sys.o ABSOLUTE
    ..\\Library\\StdDriver\\src\\timer.c     0x00000000   Number         0  timer.o ABSOLUTE
    ..\\Library\\StdDriver\\src\\uart.c      0x00000000   Number         0  uart.o ABSOLUTE
    ..\\Library\\StdDriver\\src\\wdt.c       0x00000000   Number         0  wdt.o ABSOLUTE
    ..\\user\\main.c                         0x00000000   Number         0  main.o ABSOLUTE
    ..\user\main.c                           0x00000000   Number         0  main.o ABSOLUTE
    handlers.s                               0x00000000   Number         0  handlers.o ABSOLUTE
    init.s                                   0x00000000   Number         0  init.o ABSOLUTE
    .ARM.Collect$$$$00000000                 0x000000c0   Section        0  entry.o(.ARM.Collect$$$$00000000)
    .ARM.Collect$$$$00000001                 0x000000c0   Section        4  entry2.o(.ARM.Collect$$$$00000001)
    .ARM.Collect$$$$00000004                 0x000000c4   Section        4  entry5.o(.ARM.Collect$$$$00000004)
    .ARM.Collect$$$$00000007                 0x000000c8   Section        8  entry7.o(.ARM.Collect$$$$00000007)
    .ARM.Collect$$$$00002712                 0x000000d0   Section        4  entry2.o(.ARM.Collect$$$$00002712)
    __lit__00000000                          0x000000d0   Data           4  entry2.o(.ARM.Collect$$$$00002712)
    .text                                    0x000000d4   Section       76  startup_nuc131.o(.text)
    Default_Handler                          0x000000ff   Thumb Code     2  startup_nuc131.o(.text)
    .text                                    0x00000120   Section        0  uidiv.o(.text)
    .text                                    0x0000014c   Section        0  idiv.o(.text)
    .text                                    0x00000174   Section        0  uldiv.o(.text)
    .text                                    0x000001d4   Section        0  llmul.o(.text)
    .text                                    0x0000024e   Section        0  memcpya.o(.text)
    .text                                    0x00000272   Section        0  memseta.o(.text)
    .text                                    0x00000298   Section        0  strstr.o(.text)
    .text                                    0x000002c4   Section        0  strlen.o(.text)
    .text                                    0x000002d4   Section        0  memcmp.o(.text)
    .text                                    0x000002ee   Section        0  llshl.o(.text)
    .text                                    0x0000030e   Section        0  llushr.o(.text)
    .text                                    0x00000330   Section       36  init.o(.text)
    i.ADC_INIT                               0x00000354   Section        0  main.o(i.ADC_INIT)
    i.ADC_Open                               0x0000038c   Section        0  adc.o(i.ADC_Open)
    i.AVclose                                0x000003b0   Section        0  main.o(i.AVclose)
    i.Adc_Data                               0x000003d0   Section        0  main.o(i.Adc_Data)
    i.AlarmBDRSSend                          0x00000428   Section        0  main.o(i.AlarmBDRSSend)
    i.AscToHex                               0x00000574   Section        0  main.o(i.AscToHex)
    i.BackBatteryPowerOffFun                 0x00000594   Section        0  main.o(i.BackBatteryPowerOffFun)
    i.BatteryChargeMangment                  0x000005a8   Section        0  main.o(i.BatteryChargeMangment)
    i.CAN0_IRQHandler                        0x000005e8   Section        0  main.o(i.CAN0_IRQHandler)
    i.CANRx_initial                          0x00000644   Section        0  main.o(i.CANRx_initial)
    i.CAN_BasicReceiveMsg                    0x00000718   Section        0  can.o(i.CAN_BasicReceiveMsg)
    i.CAN_CLR_INT_PENDING_BIT                0x00000796   Section        0  can.o(i.CAN_CLR_INT_PENDING_BIT)
    i.CAN_EnableInt                          0x000007ce   Section        0  can.o(i.CAN_EnableInt)
    i.CAN_EnterInitMode                      0x00000800   Section        0  can.o(i.CAN_EnterInitMode)
    i.CAN_GetCANBitRate                      0x00000814   Section        0  can.o(i.CAN_GetCANBitRate)
    i.CAN_IsNewDataReceived                  0x00000848   Section        0  can.o(i.CAN_IsNewDataReceived)
    i.CAN_LeaveInitMode                      0x00000860   Section        0  can.o(i.CAN_LeaveInitMode)
    i.CAN_MsgInterrupt                       0x00000870   Section        0  main.o(i.CAN_MsgInterrupt)
    i.CAN_Open                               0x00000970   Section        0  can.o(i.CAN_Open)
    i.CAN_ReadMsgObj                         0x0000098c   Section        0  can.o(i.CAN_ReadMsgObj)
    i.CAN_Receive                            0x00000a18   Section        0  can.o(i.CAN_Receive)
    i.CAN_SetBaudRate                        0x00000a40   Section        0  can.o(i.CAN_SetBaudRate)
    i.CAN_SetRxMsg                           0x00000acc   Section        0  can.o(i.CAN_SetRxMsg)
    i.CAN_SetRxMsgObj                        0x00000b00   Section        0  can.o(i.CAN_SetRxMsgObj)
    i.CAN_data                               0x00000b70   Section        0  main.o(i.CAN_data)
    i.CLK_EnableModuleClock                  0x00000c74   Section        0  clk.o(i.CLK_EnableModuleClock)
    i.CLK_EnablePLL                          0x00000ca8   Section        0  clk.o(i.CLK_EnablePLL)
    i.CLK_EnableXtalRC                       0x00000e40   Section        0  clk.o(i.CLK_EnableXtalRC)
    i.CLK_GetPLLClockFreq                    0x00000e50   Section        0  uart.o(i.CLK_GetPLLClockFreq)
    CLK_GetPLLClockFreq                      0x00000e51   Thumb Code    70  uart.o(i.CLK_GetPLLClockFreq)
    i.CLK_SetCoreClock                       0x00000ea8   Section        0  clk.o(i.CLK_SetCoreClock)
    i.CLK_SetHCLK                            0x00000f24   Section        0  clk.o(i.CLK_SetHCLK)
    i.CLK_SetModuleClock                     0x00000f6c   Section        0  clk.o(i.CLK_SetModuleClock)
    i.CLK_WaitClockReady                     0x00000fcc   Section        0  clk.o(i.CLK_WaitClockReady)
    i.ConverIntToASC                         0x00000ff8   Section        0  main.o(i.ConverIntToASC)
    i.ConverJMdataToASC                      0x00001068   Section        0  main.o(i.ConverJMdataToASC)
    i.ConverJMsnumToASC                      0x000010c4   Section        0  main.o(i.ConverJMsnumToASC)
    i.ConverStateBitToASC                    0x00001104   Section        0  main.o(i.ConverStateBitToASC)
    i.ConvertCanToCarDat                     0x00001128   Section        0  main.o(i.ConvertCanToCarDat)
    i.DF_Erase                               0x00001254   Section        0  main.o(i.DF_Erase)
    i.DF_Read                                0x00001274   Section        0  main.o(i.DF_Read)
    i.DF_ReadCCIDNumber                      0x00001294   Section        0  main.o(i.DF_ReadCCIDNumber)
    i.DF_ReadHour                            0x000012cc   Section        0  main.o(i.DF_ReadHour)
    i.DF_ReadSWstate                         0x00001304   Section        0  main.o(i.DF_ReadSWstate)
    i.DF_Readboundstate                      0x0000133c   Section        0  main.o(i.DF_Readboundstate)
    i.DF_ReadccidFlag                        0x00001374   Section        0  main.o(i.DF_ReadccidFlag)
    i.DF_Write                               0x000013ac   Section        0  main.o(i.DF_Write)
    i.DF_WriteCCIDNumber                     0x000013cc   Section        0  main.o(i.DF_WriteCCIDNumber)
    i.DF_WriteHour                           0x00001404   Section        0  main.o(i.DF_WriteHour)
    i.DF_WriteccidFlag                       0x0000144c   Section        0  main.o(i.DF_WriteccidFlag)
    i.Delay_1ms                              0x00001494   Section        0  main.o(i.Delay_1ms)
    i.Delay_Ms                               0x000014a4   Section        0  main.o(i.Delay_Ms)
    i.EEPROMread_CCIDNumber                  0x000014b8   Section        0  main.o(i.EEPROMread_CCIDNumber)
    i.EEPROMread_Hous                        0x000014d4   Section        0  main.o(i.EEPROMread_Hous)
    i.EEPROMread_boundstate                  0x00001504   Section        0  main.o(i.EEPROMread_boundstate)
    i.EEPROMread_ccidFlag                    0x0000151c   Section        0  main.o(i.EEPROMread_ccidFlag)
    i.EEPROMwrite_CCIDNumber                 0x00001534   Section        0  main.o(i.EEPROMwrite_CCIDNumber)
    i.EEPROMwrite_Hours                      0x00001550   Section        0  main.o(i.EEPROMwrite_Hours)
    i.EEPROMwrite_ccidFlag                   0x00001570   Section        0  main.o(i.EEPROMwrite_ccidFlag)
    i.EINT0_IRQHandler                       0x0000158c   Section        0  main.o(i.EINT0_IRQHandler)
    i.FrameLengthToASC                       0x000015b0   Section        0  main.o(i.FrameLengthToASC)
    i.GPAB_IRQHandler                        0x00001664   Section        0  main.o(i.GPAB_IRQHandler)
    i.GPIO_EnableInt                         0x000016e4   Section        0  gpio.o(i.GPIO_EnableInt)
    i.GPIO_INIT                              0x00001700   Section        0  main.o(i.GPIO_INIT)
    i.GPIO_SetMode                           0x000019b0   Section        0  gpio.o(i.GPIO_SetMode)
    i.GetFreeIF                              0x000019d8   Section        0  can.o(i.GetFreeIF)
    GetFreeIF                                0x000019d9   Thumb Code    26  can.o(i.GetFreeIF)
    i.Get_Data                               0x000019f2   Section        0  main.o(i.Get_Data)
    i.GprsConnectTcp                         0x00001a30   Section        0  main.o(i.GprsConnectTcp)
    i.GprsSendComm                           0x00001bf4   Section        0  main.o(i.GprsSendComm)
    i.GprsSendControlState                   0x00001c08   Section        0  main.o(i.GprsSendControlState)
    i.GprsSendData                           0x00001ce8   Section        0  main.o(i.GprsSendData)
    i.GprsSendJMRp                           0x00001e30   Section        0  main.o(i.GprsSendJMRp)
    i.GprsSendRp                             0x00001f14   Section        0  main.o(i.GprsSendRp)
    i.GprsSendhex                            0x00001ff8   Section        0  main.o(i.GprsSendhex)
    i.NETERROR_SEND                          0x00002010   Section        0  main.o(i.NETERROR_SEND)
    i.NVIC_EnableIRQ                         0x000020a0   Section        0  main.o(i.NVIC_EnableIRQ)
    NVIC_EnableIRQ                           0x000020a1   Thumb Code    14  main.o(i.NVIC_EnableIRQ)
    i.NVIC_EnableIRQ                         0x000020b4   Section        0  uart.o(i.NVIC_EnableIRQ)
    NVIC_EnableIRQ                           0x000020b5   Thumb Code    14  uart.o(i.NVIC_EnableIRQ)
    i.Read_ADC                               0x000020c8   Section        0  main.o(i.Read_ADC)
    i.SIMCardChangeAlarmFun                  0x000020fc   Section        0  main.o(i.SIMCardChangeAlarmFun)
    i.SPN_Display                            0x0000210c   Section        0  main.o(i.SPN_Display)
    i.SYS_Init                               0x000021bc   Section        0  main.o(i.SYS_Init)
    i.SYS_ResetChip                          0x0000225c   Section        0  sys.o(i.SYS_ResetChip)
    i.SYS_ResetModule                        0x0000226a   Section        0  sys.o(i.SYS_ResetModule)
    i.SYS_UnlockReg                          0x00002284   Section        0  main.o(i.SYS_UnlockReg)
    SYS_UnlockReg                            0x00002285   Thumb Code    26  main.o(i.SYS_UnlockReg)
    i.Send_changepage                        0x000022a4   Section        0  main.o(i.Send_changepage)
    i.Send_data                              0x000022d0   Section        0  main.o(i.Send_data)
    i.Send_longdata                          0x00002300   Section        0  main.o(i.Send_longdata)
    i.SystemCoreClockUpdate                  0x00002338   Section        0  system_nuc131.o(i.SystemCoreClockUpdate)
    i.SystemInit                             0x000023c8   Section        0  system_nuc131.o(i.SystemInit)
    i.TIMER0_Init                            0x000023cc   Section        0  main.o(i.TIMER0_Init)
    i.TIMER2_Init                            0x0000240c   Section        0  main.o(i.TIMER2_Init)
    i.TIMER3_Init                            0x0000244c   Section        0  main.o(i.TIMER3_Init)
    i.TIMER_GetModuleClock                   0x00002490   Section        0  timer.o(i.TIMER_GetModuleClock)
    i.TIMER_Open                             0x000024fc   Section        0  timer.o(i.TIMER_Open)
    i.TMR0_IRQHandler                        0x00002560   Section        0  main.o(i.TMR0_IRQHandler)
    i.TMR1_IRQHandler                        0x00002610   Section        0  main.o(i.TMR1_IRQHandler)
    i.TMR2_IRQHandler                        0x0000261c   Section        0  main.o(i.TMR2_IRQHandler)
    i.TMR3_IRQHandler                        0x000027a4   Section        0  main.o(i.TMR3_IRQHandler)
    i.UART02_IRQHandler                      0x000027c8   Section        0  main.o(i.UART02_IRQHandler)
    i.UART0_Init                             0x00002950   Section        0  main.o(i.UART0_Init)
    i.UART1_IRQHandler                       0x000029b0   Section        0  main.o(i.UART1_IRQHandler)
    i.UART1_Init                             0x00002ac4   Section        0  main.o(i.UART1_Init)
    i.UART2_Init                             0x00002b10   Section        0  main.o(i.UART2_Init)
    i.UART_DisableInt                        0x00002b38   Section        0  uart.o(i.UART_DisableInt)
    i.UART_EnableInt                         0x00002b40   Section        0  uart.o(i.UART_EnableInt)
    i.UART_Open                              0x00002b94   Section        0  uart.o(i.UART_Open)
    i.UART_SetTimeoutCnt                     0x00002c1c   Section        0  uart.o(i.UART_SetTimeoutCnt)
    i.VerifyGps                              0x00002c32   Section        0  main.o(i.VerifyGps)
    i.WDT_Open                               0x00002c70   Section        0  wdt.o(i.WDT_Open)
    i.WaiBuDianYuanPowerOffFun               0x00002c8c   Section        0  main.o(i.WaiBuDianYuanPowerOffFun)
    i._PutChar_f                             0x00002ca0   Section        0  main.o(i._PutChar_f)
    _PutChar_f                               0x00002ca1   Thumb Code    50  main.o(i._PutChar_f)
    i._PutChar_f1                            0x00002ce0   Section        0  main.o(i._PutChar_f1)
    i.__ARM_common_switch8                   0x00002d10   Section        0  main.o(i.__ARM_common_switch8)
    i.__scatterload_copy                     0x00002d2a   Section       14  handlers.o(i.__scatterload_copy)
    i.__scatterload_null                     0x00002d38   Section        2  handlers.o(i.__scatterload_null)
    i.__scatterload_zeroinit                 0x00002d3a   Section       14  handlers.o(i.__scatterload_zeroinit)
    i.jwdcap                                 0x00002d48   Section        0  main.o(i.jwdcap)
    i.main                                   0x000031a4   Section        0  main.o(i.main)
    i.sns_read                               0x00003d74   Section        0  main.o(i.sns_read)
    i.startingup                             0x00003db0   Section        0  main.o(i.startingup)
    i.sysPrintf1                             0x00003df8   Section        0  main.o(i.sysPrintf1)
    i.uart2TOpfnCallback                     0x00003e14   Section        0  main.o(i.uart2TOpfnCallback)
    i.uart2pfnCallback                       0x00003ee0   Section        0  main.o(i.uart2pfnCallback)
    i.uartTOpfnCallback                      0x00003fac   Section        0  main.o(i.uartTOpfnCallback)
    i.uartpfnCallback                        0x00003ff0   Section        0  main.o(i.uartpfnCallback)
    .constdata                               0x00004034   Section      428  main.o(.constdata)
    .constdata                               0x000041e0   Section       48  uart.o(.constdata)
    .constdata                               0x00004210   Section       48  clk.o(.constdata)
    .constdata                               0x00004240   Section       32  timer.o(.constdata)
    .conststring                             0x00004260   Section      191  main.o(.conststring)
    .data                                    0x20000000   Section       44  system_nuc131.o(.data)
    .data                                    0x20000030   Section      516  main.o(.data)
    CommSended                               0x20000066   Data           1  main.o(.data)
    DataSended                               0x20000067   Data           1  main.o(.data)
    CommSended                               0x20000068   Data           1  main.o(.data)
    DataSended                               0x20000069   Data           1  main.o(.data)
    CommSended                               0x2000006a   Data           1  main.o(.data)
    DataSended                               0x2000006b   Data           1  main.o(.data)
    CommSended                               0x2000006c   Data           1  main.o(.data)
    DataSended                               0x2000006d   Data           1  main.o(.data)
    CommSended                               0x2000006e   Data           1  main.o(.data)
    DataSended                               0x2000006f   Data           1  main.o(.data)
    PADDING                                  0x200001a0   Data          64  main.o(.data)
    .bss                                     0x20000238   Section     2680  main.o(.bss)
    STACK                                    0x20000cb0   Section     1024  startup_nuc131.o(STACK)

    Global Symbols

    Symbol Name                              Value     Ov Type        Size  Object(Section)

    BuildAttributes$$THM_ISAv3M$S$PE$A:L22$X:L11$S22$IEEE1$IW$USESV6$~STKCKD$USESV7$~SHL$OSPACE$EBA8$MICROLIB$REQ8$PRES8$EABIv2 0x00000000   Number         0  anon$$obj.o ABSOLUTE
    __ARM_use_no_argv                        0x00000000   Number         0  main.o ABSOLUTE
    __Vectors                                0x00000000   Data           4  startup_nuc131.o(RESET)
    __decompress                              - Undefined Weak Reference
    __main                                   0x000000c1   Thumb Code     0  entry.o(.ARM.Collect$$$$00000000)
    _main_stk                                0x000000c1   Thumb Code     0  entry2.o(.ARM.Collect$$$$00000001)
    _main_scatterload                        0x000000c5   Thumb Code     0  entry5.o(.ARM.Collect$$$$00000004)
    __main_after_scatterload                 0x000000c9   Thumb Code     0  entry5.o(.ARM.Collect$$$$00000004)
    _main_init                               0x000000c9   Thumb Code     0  entry7.o(.ARM.Collect$$$$00000007)
    Reset_Handler                            0x000000d5   Thumb Code    32  startup_nuc131.o(.text)
    NMI_Handler                              0x000000f5   Thumb Code     2  startup_nuc131.o(.text)
    HardFault_Handler                        0x000000f7   Thumb Code     2  startup_nuc131.o(.text)
    SVC_Handler                              0x000000f9   Thumb Code     2  startup_nuc131.o(.text)
    PendSV_Handler                           0x000000fb   Thumb Code     2  startup_nuc131.o(.text)
    SysTick_Handler                          0x000000fd   Thumb Code     2  startup_nuc131.o(.text)
    ADC_IRQHandler                           0x000000ff   Thumb Code     0  startup_nuc131.o(.text)
    BOD_IRQHandler                           0x000000ff   Thumb Code     0  startup_nuc131.o(.text)
    BPWM0_IRQHandler                         0x000000ff   Thumb Code     0  startup_nuc131.o(.text)
    BPWM1_IRQHandler                         0x000000ff   Thumb Code     0  startup_nuc131.o(.text)
    BRAKE0_IRQHandler                        0x000000ff   Thumb Code     0  startup_nuc131.o(.text)
    BRAKE1_IRQHandler                        0x000000ff   Thumb Code     0  startup_nuc131.o(.text)
    CAN1_IRQHandler                          0x000000ff   Thumb Code     0  startup_nuc131.o(.text)
    CKD_IRQHandler                           0x000000ff   Thumb Code     0  startup_nuc131.o(.text)
    EINT1_IRQHandler                         0x000000ff   Thumb Code     0  startup_nuc131.o(.text)
    GPCDEF_IRQHandler                        0x000000ff   Thumb Code     0  startup_nuc131.o(.text)
    I2C0_IRQHandler                          0x000000ff   Thumb Code     0  startup_nuc131.o(.text)
    I2C1_IRQHandler                          0x000000ff   Thumb Code     0  startup_nuc131.o(.text)
    PWM0_IRQHandler                          0x000000ff   Thumb Code     0  startup_nuc131.o(.text)
    PWM1_IRQHandler                          0x000000ff   Thumb Code     0  startup_nuc131.o(.text)
    PWRWU_IRQHandler                         0x000000ff   Thumb Code     0  startup_nuc131.o(.text)
    RTC_IRQHandler                           0x000000ff   Thumb Code     0  startup_nuc131.o(.text)
    SPI0_IRQHandler                          0x000000ff   Thumb Code     0  startup_nuc131.o(.text)
    UART3_IRQHandler                         0x000000ff   Thumb Code     0  startup_nuc131.o(.text)
    UART4_IRQHandler                         0x000000ff   Thumb Code     0  startup_nuc131.o(.text)
    UART5_IRQHandler                         0x000000ff   Thumb Code     0  startup_nuc131.o(.text)
    WDT_IRQHandler                           0x000000ff   Thumb Code     0  startup_nuc131.o(.text)
    __aeabi_uidiv                            0x00000121   Thumb Code     0  uidiv.o(.text)
    __aeabi_uidivmod                         0x00000121   Thumb Code    44  uidiv.o(.text)
    __aeabi_idiv                             0x0000014d   Thumb Code     0  idiv.o(.text)
    __aeabi_idivmod                          0x0000014d   Thumb Code    40  idiv.o(.text)
    __aeabi_uldivmod                         0x00000175   Thumb Code    96  uldiv.o(.text)
    __aeabi_lmul                             0x000001d5   Thumb Code   122  llmul.o(.text)
    _ll_mul                                  0x000001d5   Thumb Code     0  llmul.o(.text)
    __aeabi_memcpy                           0x0000024f   Thumb Code    36  memcpya.o(.text)
    __aeabi_memcpy4                          0x0000024f   Thumb Code     0  memcpya.o(.text)
    __aeabi_memcpy8                          0x0000024f   Thumb Code     0  memcpya.o(.text)
    __aeabi_memset                           0x00000273   Thumb Code    14  memseta.o(.text)
    __aeabi_memset4                          0x00000273   Thumb Code     0  memseta.o(.text)
    __aeabi_memset8                          0x00000273   Thumb Code     0  memseta.o(.text)
    __aeabi_memclr                           0x00000281   Thumb Code     4  memseta.o(.text)
    __aeabi_memclr4                          0x00000281   Thumb Code     0  memseta.o(.text)
    __aeabi_memclr8                          0x00000281   Thumb Code     0  memseta.o(.text)
    _memset$wrapper                          0x00000285   Thumb Code    20  memseta.o(.text)
    strstr                                   0x00000299   Thumb Code    44  strstr.o(.text)
    strlen                                   0x000002c5   Thumb Code    16  strlen.o(.text)
    memcmp                                   0x000002d5   Thumb Code    26  memcmp.o(.text)
    __aeabi_llsl                             0x000002ef   Thumb Code    32  llshl.o(.text)
    _ll_shift_l                              0x000002ef   Thumb Code     0  llshl.o(.text)
    __aeabi_llsr                             0x0000030f   Thumb Code    34  llushr.o(.text)
    _ll_ushift_r                             0x0000030f   Thumb Code     0  llushr.o(.text)
    __scatterload                            0x00000331   Thumb Code    28  init.o(.text)
    __scatterload_rt2                        0x00000331   Thumb Code     0  init.o(.text)
    ADC_INIT                                 0x00000355   Thumb Code    48  main.o(i.ADC_INIT)
    ADC_Open                                 0x0000038d   Thumb Code    28  adc.o(i.ADC_Open)
    AVclose                                  0x000003b1   Thumb Code    26  main.o(i.AVclose)
    Adc_Data                                 0x000003d1   Thumb Code    78  main.o(i.Adc_Data)
    AlarmBDRSSend                            0x00000429   Thumb Code   286  main.o(i.AlarmBDRSSend)
    AscToHex                                 0x00000575   Thumb Code    30  main.o(i.AscToHex)
    BackBatteryPowerOffFun                   0x00000595   Thumb Code    16  main.o(i.BackBatteryPowerOffFun)
    BatteryChargeMangment                    0x000005a9   Thumb Code    56  main.o(i.BatteryChargeMangment)
    CAN0_IRQHandler                          0x000005e9   Thumb Code    82  main.o(i.CAN0_IRQHandler)
    CANRx_initial                            0x00000645   Thumb Code   172  main.o(i.CANRx_initial)
    CAN_BasicReceiveMsg                      0x00000719   Thumb Code   126  can.o(i.CAN_BasicReceiveMsg)
    CAN_CLR_INT_PENDING_BIT                  0x00000797   Thumb Code    56  can.o(i.CAN_CLR_INT_PENDING_BIT)
    CAN_EnableInt                            0x000007cf   Thumb Code    50  can.o(i.CAN_EnableInt)
    CAN_EnterInitMode                        0x00000801   Thumb Code    18  can.o(i.CAN_EnterInitMode)
    CAN_GetCANBitRate                        0x00000815   Thumb Code    46  can.o(i.CAN_GetCANBitRate)
    CAN_IsNewDataReceived                    0x00000849   Thumb Code    24  can.o(i.CAN_IsNewDataReceived)
    CAN_LeaveInitMode                        0x00000861   Thumb Code    16  can.o(i.CAN_LeaveInitMode)
    CAN_MsgInterrupt                         0x00000871   Thumb Code   242  main.o(i.CAN_MsgInterrupt)
    CAN_Open                                 0x00000971   Thumb Code    28  can.o(i.CAN_Open)
    CAN_ReadMsgObj                           0x0000098d   Thumb Code   140  can.o(i.CAN_ReadMsgObj)
    CAN_Receive                              0x00000a19   Thumb Code    38  can.o(i.CAN_Receive)
    CAN_SetBaudRate                          0x00000a41   Thumb Code   134  can.o(i.CAN_SetBaudRate)
    CAN_SetRxMsg                             0x00000acd   Thumb Code    52  can.o(i.CAN_SetRxMsg)
    CAN_SetRxMsgObj                          0x00000b01   Thumb Code   112  can.o(i.CAN_SetRxMsgObj)
    CAN_data                                 0x00000b71   Thumb Code   242  main.o(i.CAN_data)
    CLK_EnableModuleClock                    0x00000c75   Thumb Code    42  clk.o(i.CLK_EnableModuleClock)
    CLK_EnablePLL                            0x00000ca9   Thumb Code   348  clk.o(i.CLK_EnablePLL)
    CLK_EnableXtalRC                         0x00000e41   Thumb Code    10  clk.o(i.CLK_EnableXtalRC)
    CLK_SetCoreClock                         0x00000ea9   Thumb Code   114  clk.o(i.CLK_SetCoreClock)
    CLK_SetHCLK                              0x00000f25   Thumb Code    66  clk.o(i.CLK_SetHCLK)
    CLK_SetModuleClock                       0x00000f6d   Thumb Code    88  clk.o(i.CLK_SetModuleClock)
    CLK_WaitClockReady                       0x00000fcd   Thumb Code    34  clk.o(i.CLK_WaitClockReady)
    ConverIntToASC                           0x00000ff9   Thumb Code   112  main.o(i.ConverIntToASC)
    ConverJMdataToASC                        0x00001069   Thumb Code    86  main.o(i.ConverJMdataToASC)
    ConverJMsnumToASC                        0x000010c5   Thumb Code    64  main.o(i.ConverJMsnumToASC)
    ConverStateBitToASC                      0x00001105   Thumb Code    34  main.o(i.ConverStateBitToASC)
    ConvertCanToCarDat                       0x00001129   Thumb Code   282  main.o(i.ConvertCanToCarDat)
    DF_Erase                                 0x00001255   Thumb Code    26  main.o(i.DF_Erase)
    DF_Read                                  0x00001275   Thumb Code    26  main.o(i.DF_Read)
    DF_ReadCCIDNumber                        0x00001295   Thumb Code    52  main.o(i.DF_ReadCCIDNumber)
    DF_ReadHour                              0x000012cd   Thumb Code    52  main.o(i.DF_ReadHour)
    DF_ReadSWstate                           0x00001305   Thumb Code    52  main.o(i.DF_ReadSWstate)
    DF_Readboundstate                        0x0000133d   Thumb Code    52  main.o(i.DF_Readboundstate)
    DF_ReadccidFlag                          0x00001375   Thumb Code    52  main.o(i.DF_ReadccidFlag)
    DF_Write                                 0x000013ad   Thumb Code    26  main.o(i.DF_Write)
    DF_WriteCCIDNumber                       0x000013cd   Thumb Code    52  main.o(i.DF_WriteCCIDNumber)
    DF_WriteHour                             0x00001405   Thumb Code    68  main.o(i.DF_WriteHour)
    DF_WriteccidFlag                         0x0000144d   Thumb Code    68  main.o(i.DF_WriteccidFlag)
    Delay_1ms                                0x00001495   Thumb Code    12  main.o(i.Delay_1ms)
    Delay_Ms                                 0x000014a5   Thumb Code    20  main.o(i.Delay_Ms)
    EEPROMread_CCIDNumber                    0x000014b9   Thumb Code    24  main.o(i.EEPROMread_CCIDNumber)
    EEPROMread_Hous                          0x000014d5   Thumb Code    36  main.o(i.EEPROMread_Hous)
    EEPROMread_boundstate                    0x00001505   Thumb Code    18  main.o(i.EEPROMread_boundstate)
    EEPROMread_ccidFlag                      0x0000151d   Thumb Code    18  main.o(i.EEPROMread_ccidFlag)
    EEPROMwrite_CCIDNumber                   0x00001535   Thumb Code    22  main.o(i.EEPROMwrite_CCIDNumber)
    EEPROMwrite_Hours                        0x00001551   Thumb Code    22  main.o(i.EEPROMwrite_Hours)
    EEPROMwrite_ccidFlag                     0x00001571   Thumb Code    22  main.o(i.EEPROMwrite_ccidFlag)
    EINT0_IRQHandler                         0x0000158d   Thumb Code    22  main.o(i.EINT0_IRQHandler)
    FrameLengthToASC                         0x000015b1   Thumb Code   174  main.o(i.FrameLengthToASC)
    GPAB_IRQHandler                          0x00001665   Thumb Code    98  main.o(i.GPAB_IRQHandler)
    GPIO_EnableInt                           0x000016e5   Thumb Code    26  gpio.o(i.GPIO_EnableInt)
    GPIO_INIT                                0x00001701   Thumb Code   668  main.o(i.GPIO_INIT)
    GPIO_SetMode                             0x000019b1   Thumb Code    40  gpio.o(i.GPIO_SetMode)
    Get_Data                                 0x000019f3   Thumb Code    60  main.o(i.Get_Data)
    GprsConnectTcp                           0x00001a31   Thumb Code   408  main.o(i.GprsConnectTcp)
    GprsSendComm                             0x00001bf5   Thumb Code    20  main.o(i.GprsSendComm)
    GprsSendControlState                     0x00001c09   Thumb Code   202  main.o(i.GprsSendControlState)
    GprsSendData                             0x00001ce9   Thumb Code   300  main.o(i.GprsSendData)
    GprsSendJMRp                             0x00001e31   Thumb Code   210  main.o(i.GprsSendJMRp)
    GprsSendRp                               0x00001f15   Thumb Code   210  main.o(i.GprsSendRp)
    GprsSendhex                              0x00001ff9   Thumb Code    24  main.o(i.GprsSendhex)
    NETERROR_SEND                            0x00002011   Thumb Code   134  main.o(i.NETERROR_SEND)
    Read_ADC                                 0x000020c9   Thumb Code    48  main.o(i.Read_ADC)
    SIMCardChangeAlarmFun                    0x000020fd   Thumb Code    12  main.o(i.SIMCardChangeAlarmFun)
    SPN_Display                              0x0000210d   Thumb Code   160  main.o(i.SPN_Display)
    SYS_Init                                 0x000021bd   Thumb Code   142  main.o(i.SYS_Init)
    SYS_ResetChip                            0x0000225d   Thumb Code    14  sys.o(i.SYS_ResetChip)
    SYS_ResetModule                          0x0000226b   Thumb Code    26  sys.o(i.SYS_ResetModule)
    Send_changepage                          0x000022a5   Thumb Code    40  main.o(i.Send_changepage)
    Send_data                                0x000022d1   Thumb Code    42  main.o(i.Send_data)
    Send_longdata                            0x00002301   Thumb Code    50  main.o(i.Send_longdata)
    SystemCoreClockUpdate                    0x00002339   Thumb Code   118  system_nuc131.o(i.SystemCoreClockUpdate)
    SystemInit                               0x000023c9   Thumb Code     2  system_nuc131.o(i.SystemInit)
    TIMER0_Init                              0x000023cd   Thumb Code    56  main.o(i.TIMER0_Init)
    TIMER2_Init                              0x0000240d   Thumb Code    56  main.o(i.TIMER2_Init)
    TIMER3_Init                              0x0000244d   Thumb Code    58  main.o(i.TIMER3_Init)
    TIMER_GetModuleClock                     0x00002491   Thumb Code    86  timer.o(i.TIMER_GetModuleClock)
    TIMER_Open                               0x000024fd   Thumb Code    88  timer.o(i.TIMER_Open)
    TMR0_IRQHandler                          0x00002561   Thumb Code   150  main.o(i.TMR0_IRQHandler)
    TMR1_IRQHandler                          0x00002611   Thumb Code     8  main.o(i.TMR1_IRQHandler)
    TMR2_IRQHandler                          0x0000261d   Thumb Code   372  main.o(i.TMR2_IRQHandler)
    TMR3_IRQHandler                          0x000027a5   Thumb Code    24  main.o(i.TMR3_IRQHandler)
    UART02_IRQHandler                        0x000027c9   Thumb Code   340  main.o(i.UART02_IRQHandler)
    UART0_Init                               0x00002951   Thumb Code    80  main.o(i.UART0_Init)
    UART1_IRQHandler                         0x000029b1   Thumb Code   258  main.o(i.UART1_IRQHandler)
    UART1_Init                               0x00002ac5   Thumb Code    64  main.o(i.UART1_Init)
    UART2_Init                               0x00002b11   Thumb Code    30  main.o(i.UART2_Init)
    UART_DisableInt                          0x00002b39   Thumb Code     8  uart.o(i.UART_DisableInt)
    UART_EnableInt                           0x00002b41   Thumb Code    62  uart.o(i.UART_EnableInt)
    UART_Open                                0x00002b95   Thumb Code   120  uart.o(i.UART_Open)
    UART_SetTimeoutCnt                       0x00002c1d   Thumb Code    22  uart.o(i.UART_SetTimeoutCnt)
    VerifyGps                                0x00002c33   Thumb Code    60  main.o(i.VerifyGps)
    WDT_Open                                 0x00002c71   Thumb Code    22  wdt.o(i.WDT_Open)
    WaiBuDianYuanPowerOffFun                 0x00002c8d   Thumb Code    16  main.o(i.WaiBuDianYuanPowerOffFun)
    _PutChar_f1                              0x00002ce1   Thumb Code    36  main.o(i._PutChar_f1)
    __ARM_common_switch8                     0x00002d11   Thumb Code    26  main.o(i.__ARM_common_switch8)
    __scatterload_copy                       0x00002d2b   Thumb Code    14  handlers.o(i.__scatterload_copy)
    __scatterload_null                       0x00002d39   Thumb Code     2  handlers.o(i.__scatterload_null)
    __scatterload_zeroinit                   0x00002d3b   Thumb Code    14  handlers.o(i.__scatterload_zeroinit)
    jwdcap                                   0x00002d49   Thumb Code  1110  main.o(i.jwdcap)
    main                                     0x000031a5   Thumb Code  2998  main.o(i.main)
    sns_read                                 0x00003d75   Thumb Code    48  main.o(i.sns_read)
    startingup                               0x00003db1   Thumb Code    64  main.o(i.startingup)
    sysPrintf1                               0x00003df9   Thumb Code    28  main.o(i.sysPrintf1)
    uart2TOpfnCallback                       0x00003e15   Thumb Code   180  main.o(i.uart2TOpfnCallback)
    uart2pfnCallback                         0x00003ee1   Thumb Code   180  main.o(i.uart2pfnCallback)
    uartTOpfnCallback                        0x00003fad   Thumb Code    58  main.o(i.uartTOpfnCallback)
    uartpfnCallback                          0x00003ff1   Thumb Code    58  main.o(i.uartpfnCallback)
    ctable                                   0x00004034   Data         364  main.o(.constdata)
    Region$$Table$$Base                      0x00004320   Number         0  anon$$obj.o(Region$$Table)
    Region$$Table$$Limit                     0x00004340   Number         0  anon$$obj.o(Region$$Table)
    SystemCoreClock                          0x20000000   Data           4  system_nuc131.o(.data)
    CyclesPerUs                              0x20000004   Data           4  system_nuc131.o(.data)
    PllClock                                 0x20000008   Data           4  system_nuc131.o(.data)
    gau32ClkSrcTbl                           0x2000000c   Data          32  system_nuc131.o(.data)
    page                                     0x20000030   Data           1  main.o(.data)
    opok                                     0x20000031   Data           1  main.o(.data)
    watmp                                    0x20000032   Data           1  main.o(.data)
    errtime                                  0x20000033   Data           1  main.o(.data)
    err2time                                 0x20000034   Data           1  main.o(.data)
    tongxintime                              0x20000035   Data           1  main.o(.data)
    mmhoursopen                              0x20000036   Data           1  main.o(.data)
    mmhours                                  0x20000037   Data           1  main.o(.data)
    ECU_flag                                 0x20000038   Data           1  main.o(.data)
    metertime                                0x20000039   Data           1  main.o(.data)
    metertime1                               0x2000003a   Data           1  main.o(.data)
    kilometretemp                            0x2000003b   Data           1  main.o(.data)
    shisu_flag                               0x2000003c   Data           1  main.o(.data)
    meter_temp                               0x2000003d   Data           1  main.o(.data)
    shisu_jishu                              0x2000003e   Data           1  main.o(.data)
    save_flag                                0x2000003f   Data           1  main.o(.data)
    kgflag2                                  0x20000040   Data           1  main.o(.data)
    bj_flag2                                 0x20000041   Data           1  main.o(.data)
    IsSOS                                    0x20000042   Data           1  main.o(.data)
    IsBoundComm                              0x20000043   Data           1  main.o(.data)
    IsUnBoundComm                            0x20000044   Data           1  main.o(.data)
    IsHaltComm                               0x20000045   Data           1  main.o(.data)
    IsUnLimitComm                            0x20000046   Data           1  main.o(.data)
    IsInquireComm                            0x20000047   Data           1  main.o(.data)
    DM1OK                                    0x20000048   Data           1  main.o(.data)
    SPNch                                    0x20000049   Data           1  main.o(.data)
    NETSPNch                                 0x2000004a   Data           1  main.o(.data)
    SPN_Displaytime                          0x2000004b   Data           1  main.o(.data)
    engniuju                                 0x2000004c   Data           1  main.o(.data)
    receivecm                                0x2000004d   Data           1  main.o(.data)
    step                                     0x2000004e   Data           1  main.o(.data)
    initsend                                 0x2000004f   Data           1  main.o(.data)
    stepbuff                                 0x20000050   Data           1  main.o(.data)
    timeout                                  0x20000051   Data           1  main.o(.data)
    opentimeout                              0x20000052   Data           1  main.o(.data)
    receivestate                             0x20000053   Data           1  main.o(.data)
    GprsdataReady                            0x20000054   Data           1  main.o(.data)
    GpsdataReady                             0x20000055   Data           1  main.o(.data)
    sendstate                                0x20000056   Data           1  main.o(.data)
    at_command_order                         0x20000057   Data           1  main.o(.data)
    AtCommSendingState                       0x20000058   Data           1  main.o(.data)
    GpsRecievedNew                           0x20000059   Data           1  main.o(.data)
    FlagBaoJing                              0x2000005a   Data           1  main.o(.data)
    SIMCARDBACHUFLAG                         0x2000005b   Data           1  main.o(.data)
    firstone                                 0x2000005c   Data           1  main.o(.data)
    polar                                    0x2000005d   Data           1  main.o(.data)
    jmopen                                   0x2000005e   Data           1  main.o(.data)
    jmtime                                   0x2000005f   Data           1  main.o(.data)
    closeround                               0x20000060   Data           1  main.o(.data)
    jscloseround                             0x20000061   Data           1  main.o(.data)
    exejscloseround                          0x20000062   Data           1  main.o(.data)
    exejscloseroundtiem                      0x20000063   Data           1  main.o(.data)
    opdelay                                  0x20000064   Data           1  main.o(.data)
    seedcosejm                               0x20000065   Data           1  main.o(.data)
    optime10s                                0x20000070   Data           1  main.o(.data)
    oil_m                                    0x20000071   Data           1  main.o(.data)
    oil_p                                    0x20000072   Data           1  main.o(.data)
    watmp1                                   0x20000073   Data           1  main.o(.data)
    bj_delay600MS                            0x20000074   Data           1  main.o(.data)
    bj_delay12s                              0x20000075   Data           1  main.o(.data)
    fd_time                                  0x20000076   Data           1  main.o(.data)
    bj_ch                                    0x20000077   Data           1  main.o(.data)
    kgflag1                                  0x20000078   Data           1  main.o(.data)
    kgflag3                                  0x20000079   Data           1  main.o(.data)
    IsLimitParameterComm                     0x2000007a   Data           1  main.o(.data)
    IsJMStateRpOpen                          0x2000007b   Data           1  main.o(.data)
    IsJMStateRpClose                         0x2000007c   Data           1  main.o(.data)
    CanReceiveEndFlag                        0x2000007d   Data           1  main.o(.data)
    limitstate                               0x2000007e   Data           1  main.o(.data)
    jieshoujishu                             0x2000007f   Data           1  main.o(.data)
    TransferTimeArrived                      0x20000080   Data           1  main.o(.data)
    GprsConnectTcpState                      0x20000081   Data           1  main.o(.data)
    SOS_Interval                             0x20000082   Data           2  main.o(.data)
    delay_ns                                 0x20000084   Data           2  main.o(.data)
    bufloc                                   0x20000086   Data           2  main.o(.data)
    bufloc_pre                               0x20000088   Data           2  main.o(.data)
    gpsbufloc                                0x2000008a   Data           2  main.o(.data)
    lockpassword                             0x2000008c   Data           2  main.o(.data)
    unboundpassword                          0x2000008e   Data           2  main.o(.data)
    _sys_uUartTxHead1                        0x20000090   Data           2  main.o(.data)
    _sys_uUartTxTail1                        0x20000092   Data           2  main.o(.data)
    _sys_uUartTxHead                         0x20000094   Data           2  main.o(.data)
    _sys_uUartTxTail                         0x20000096   Data           2  main.o(.data)
    fdj_rev                                  0x20000098   Data           4  main.o(.data)
    Engine_hours                             0x2000009c   Data           4  main.o(.data)
    hours                                    0x200000a0   Data           4  main.o(.data)
    kilo_pluse                               0x200000a4   Data           4  main.o(.data)
    sum_kilometre                            0x200000a8   Data           4  main.o(.data)
    cur_meter                                0x200000ac   Data           4  main.o(.data)
    shisu_temp                               0x200000b0   Data           4  main.o(.data)
    bj_flag                                  0x200000b4   Data           4  main.o(.data)
    Timer0Count                              0x200000b8   Data           4  main.o(.data)
    seeddatatime                             0x200000bc   Data           4  main.o(.data)
    seeddatatimecount                        0x200000c0   Data           4  main.o(.data)
    gprsNoConnect                            0x200000c4   Data           4  main.o(.data)
    CarDataP                                 0x200000c8   Data           4  main.o(.data)
    MASKCODE                                 0x200000cc   Data           4  main.o(.data)
    wdnum                                    0x200000d0   Data           4  main.o(.data)
    spnnum                                   0x200000d4   Data           4  main.o(.data)
    pointdm1                                 0x200000d8   Data           4  main.o(.data)
    constantcode                             0x200000dc   Data           4  main.o(.data)
    GPSID                                    0x200000e0   Data           4  main.o(.data)
    engzs                                    0x200000e4   Data           4  main.o(.data)
    boundstate                               0x200000e8   Data           4  main.o(.data)
    sendcm                                   0x200000ec   Data           4  main.o(.data)
    rx_cnt                                   0x200000f0   Data           4  main.o(.data)
    rx_cnt2                                  0x200000f4   Data           4  main.o(.data)
    havegetccid                              0x200000f8   Data           4  main.o(.data)
    snum                                     0x200000fc   Data           4  main.o(.data)
    lsnum                                    0x20000100   Data           4  main.o(.data)
    avtime                                   0x20000104   Data           4  main.o(.data)
    avtimetemp                               0x20000108   Data           4  main.o(.data)
    voltage                                  0x2000010c   Data           4  main.o(.data)
    err                                      0x20000110   Data           4  main.o(.data)
    time6min                                 0x20000114   Data           4  main.o(.data)
    flag                                     0x20000118   Data           4  main.o(.data)
    tbflag1                                  0x2000011c   Data           4  main.o(.data)
    tbflag2                                  0x20000120   Data           4  main.o(.data)
    tbflag3                                  0x20000124   Data           4  main.o(.data)
    tbflag4                                  0x20000128   Data           4  main.o(.data)
    volt_bat                                 0x2000012c   Data           4  main.o(.data)
    spn0                                     0x20000130   Data           4  main.o(.data)
    pointdm2                                 0x20000134   Data           4  main.o(.data)
    pointdm3                                 0x20000138   Data           4  main.o(.data)
    checkkey                                 0x2000013c   Data           4  main.o(.data)
    Gprs_Timeout_Count                       0x20000140   Data           4  main.o(.data)
    LengthAsc                                0x20000144   Data           5  main.o(.data)
    BaoJingValueObj                          0x20000149   Data           5  main.o(.data)
    S                                        0x20000150   Data           8  main.o(.data)
    S1                                       0x20000158   Data           8  main.o(.data)
    seedmask                                 0x20000160   Data           8  main.o(.data)
    maparray                                 0x20000168   Data           8  main.o(.data)
    YCcode                                   0x20000170   Data           8  main.o(.data)
    X0Y1                                     0x20000178   Data           8  main.o(.data)
    X1Y0                                     0x20000180   Data           8  main.o(.data)
    X1X2                                     0x20000188   Data           8  main.o(.data)
    Y1Y2                                     0x20000190   Data           8  main.o(.data)
    L                                        0x20000198   Data           8  main.o(.data)
    at_command                               0x200001e0   Data          40  main.o(.data)
    at_command_reply                         0x20000208   Data          44  main.o(.data)
    uart_rx                                  0x20000238   Data         100  main.o(.bss)
    uart_rx2                                 0x2000029c   Data         100  main.o(.bss)
    gpsdatsbuf                               0x20000300   Data         200  main.o(.bss)
    gpsdats                                  0x200003c8   Data         200  main.o(.bss)
    fdj_temp                                 0x20000490   Data          40  main.o(.bss)
    Wtemp                                    0x200004b8   Data          40  main.o(.bss)
    oil_ptemp                                0x200004e0   Data          40  main.o(.bss)
    Shisu                                    0x20000508   Data          16  main.o(.bss)
    NewMachineFrame                          0x20000518   Data          36  main.o(.bss)
    NewCarData                               0x2000053c   Data         163  main.o(.bss)
    NewPowerOffComm                          0x200005df   Data          32  main.o(.bss)
    NewSOS                                   0x200005ff   Data          32  main.o(.bss)
    NewBoundComm                             0x2000061f   Data          32  main.o(.bss)
    NewUnBoundComm                           0x2000063f   Data          32  main.o(.bss)
    NewHaltComm                              0x2000065f   Data          32  main.o(.bss)
    NewUnLimitComm                           0x2000067f   Data          32  main.o(.bss)
    NewInquireComm                           0x2000069f   Data          32  main.o(.bss)
    NewLimitParameterComm                    0x200006bf   Data          39  main.o(.bss)
    NewControlStateRp                        0x200006e6   Data          48  main.o(.bss)
    JMStateRpOpen                            0x20000716   Data          38  main.o(.bss)
    JMStateRpClose                           0x2000073c   Data          38  main.o(.bss)
    Md5context                               0x20000764   Data          88  main.o(.bss)
    MD5128code                               0x200007bc   Data          16  main.o(.bss)
    CAN_Rxbuf                                0x200007cc   Data          80  main.o(.bss)
    DM1_PACK                                 0x2000081c   Data         140  main.o(.bss)
    spn                                      0x200008a8   Data          40  main.o(.bss)
    FMI                                      0x200008d0   Data          10  main.o(.bss)
    rrMsg                                    0x200008dc   Data          24  main.o(.bss)
    tMsg                                     0x200008f4   Data          24  main.o(.bss)
    _sys_ucUartTxBuf1                        0x2000090c   Data         256  main.o(.bss)
    ComData                                  0x20000a0c   Data          12  main.o(.bss)
    rbuf                                     0x20000a18   Data          15  main.o(.bss)
    _sys_ucUartTxBuf                         0x20000a27   Data         256  main.o(.bss)
    CCID                                     0x20000b27   Data          20  main.o(.bss)
    strbuf                                   0x20000b3b   Data         300  main.o(.bss)
    FlashSaveCCIDAddress                     0x20000c68   Data          20  main.o(.bss)
    X                                        0x20000c80   Data          24  main.o(.bss)
    Y                                        0x20000c98   Data          24  main.o(.bss)
    __initial_sp                             0x200010b0   Data           0  startup_nuc131.o(STACK)



==============================================================================

Memory Map of the image

  Image Entry point : 0x000000d5

  Load Region LR_1 (Base: 0x00000000, Size: 0x00004574, Max: 0xffffffff, ABSOLUTE)

    Execution Region ER_RO (Base: 0x00000000, Size: 0x00004340, Max: 0xffffffff, ABSOLUTE)

    Base Addr    Size         Type   Attr      Idx    E Section Name        Object

    0x00000000   0x000000c0   Data   RO            3    RESET               startup_nuc131.o
    0x000000c0   0x00000000   Code   RO         1746  * .ARM.Collect$$$$00000000  mc_p.l(entry.o)(mc_p.l)
    0x000000c0   0x00000004   Code   RO         1769    .ARM.Collect$$$$00000001  mc_p.l(entry2.o)(mc_p.l)
    0x000000c4   0x00000004   Code   RO         1772    .ARM.Collect$$$$00000004  mc_p.l(entry5.o)(mc_p.l)
    0x000000c8   0x00000008   Code   RO         1773    .ARM.Collect$$$$00000007  mc_p.l(entry7.o)(mc_p.l)
    0x000000d0   0x00000004   Code   RO         1770    .ARM.Collect$$$$00002712  mc_p.l(entry2.o)(mc_p.l)
    0x000000d4   0x0000004c   Code   RO            4  * .text               startup_nuc131.o
    0x00000120   0x0000002c   Code   RO         1747    .text               mc_p.l(uidiv.o)(mc_p.l)
    0x0000014c   0x00000028   Code   RO         1749    .text               mc_p.l(idiv.o)(mc_p.l)
    0x00000174   0x00000060   Code   RO         1751    .text               mc_p.l(uldiv.o)(mc_p.l)
    0x000001d4   0x0000007a   Code   RO         1753    .text               mc_p.l(llmul.o)(mc_p.l)
    0x0000024e   0x00000024   Code   RO         1755    .text               mc_p.l(memcpya.o)(mc_p.l)
    0x00000272   0x00000026   Code   RO         1757    .text               mc_p.l(memseta.o)(mc_p.l)
    0x00000298   0x0000002c   Code   RO         1759    .text               mc_p.l(strstr.o)(mc_p.l)
    0x000002c4   0x00000010   Code   RO         1761    .text               mc_p.l(strlen.o)(mc_p.l)
    0x000002d4   0x0000001a   Code   RO         1763    .text               mc_p.l(memcmp.o)(mc_p.l)
    0x000002ee   0x00000020   Code   RO         1774    .text               mc_p.l(llshl.o)(mc_p.l)
    0x0000030e   0x00000022   Code   RO         1776    .text               mc_p.l(llushr.o)(mc_p.l)
    0x00000330   0x00000024   Code   RO         1778    .text               mc_p.l(init.o)(mc_p.l)
    0x00000354   0x00000038   Code   RO          102    i.ADC_INIT          main.o
    0x0000038c   0x00000024   Code   RO         1580    i.ADC_Open          adc.o
    0x000003b0   0x00000020   Code   RO          104    i.AVclose           main.o
    0x000003d0   0x00000058   Code   RO          105    i.Adc_Data          main.o
    0x00000428   0x0000014c   Code   RO          106    i.AlarmBDRSSend     main.o
    0x00000574   0x0000001e   Code   RO          107    i.AscToHex          main.o
    0x00000592   0x00000002   PAD
    0x00000594   0x00000014   Code   RO          108    i.BackBatteryPowerOffFun  main.o
    0x000005a8   0x00000040   Code   RO          109    i.BatteryChargeMangment  main.o
    0x000005e8   0x0000005c   Code   RO          111    i.CAN0_IRQHandler   main.o
    0x00000644   0x000000d4   Code   RO          112    i.CANRx_initial     main.o
    0x00000718   0x0000007e   Code   RO         1422    i.CAN_BasicReceiveMsg  can.o
    0x00000796   0x00000038   Code   RO         1424    i.CAN_CLR_INT_PENDING_BIT  can.o
    0x000007ce   0x00000032   Code   RO         1427    i.CAN_EnableInt     can.o
    0x00000800   0x00000012   Code   RO         1428    i.CAN_EnterInitMode  can.o
    0x00000812   0x00000002   PAD
    0x00000814   0x00000034   Code   RO         1430    i.CAN_GetCANBitRate  can.o
    0x00000848   0x00000018   Code   RO         1431    i.CAN_IsNewDataReceived  can.o
    0x00000860   0x00000010   Code   RO         1432    i.CAN_LeaveInitMode  can.o
    0x00000870   0x00000100   Code   RO          113    i.CAN_MsgInterrupt  main.o
    0x00000970   0x0000001c   Code   RO         1434    i.CAN_Open          can.o
    0x0000098c   0x0000008c   Code   RO         1435    i.CAN_ReadMsgObj    can.o
    0x00000a18   0x00000026   Code   RO         1436    i.CAN_Receive       can.o
    0x00000a3e   0x00000002   PAD
    0x00000a40   0x0000008c   Code   RO         1437    i.CAN_SetBaudRate   can.o
    0x00000acc   0x00000034   Code   RO         1439    i.CAN_SetRxMsg      can.o
    0x00000b00   0x00000070   Code   RO         1440    i.CAN_SetRxMsgObj   can.o
    0x00000b70   0x00000104   Code   RO          114    i.CAN_data          main.o
    0x00000c74   0x00000034   Code   RO         1203    i.CLK_EnableModuleClock  clk.o
    0x00000ca8   0x00000198   Code   RO         1204    i.CLK_EnablePLL     clk.o
    0x00000e40   0x00000010   Code   RO         1205    i.CLK_EnableXtalRC  clk.o
    0x00000e50   0x00000058   Code   RO         1006    i.CLK_GetPLLClockFreq  uart.o
    0x00000ea8   0x0000007c   Code   RO         1212    i.CLK_SetCoreClock  clk.o
    0x00000f24   0x00000048   Code   RO         1213    i.CLK_SetHCLK       clk.o
    0x00000f6c   0x00000060   Code   RO         1214    i.CLK_SetModuleClock  clk.o
    0x00000fcc   0x0000002c   Code   RO         1216    i.CLK_WaitClockReady  clk.o
    0x00000ff8   0x00000070   Code   RO          115    i.ConverIntToASC    main.o
    0x00001068   0x0000005c   Code   RO          116    i.ConverJMdataToASC  main.o
    0x000010c4   0x00000040   Code   RO          117    i.ConverJMsnumToASC  main.o
    0x00001104   0x00000022   Code   RO          118    i.ConverStateBitToASC  main.o
    0x00001126   0x00000002   PAD
    0x00001128   0x0000012c   Code   RO          119    i.ConvertCanToCarDat  main.o
    0x00001254   0x00000020   Code   RO          122    i.DF_Erase          main.o
    0x00001274   0x00000020   Code   RO          123    i.DF_Read           main.o
    0x00001294   0x00000038   Code   RO          124    i.DF_ReadCCIDNumber  main.o
    0x000012cc   0x00000038   Code   RO          125    i.DF_ReadHour       main.o
    0x00001304   0x00000038   Code   RO          127    i.DF_ReadSWstate    main.o
    0x0000133c   0x00000038   Code   RO          128    i.DF_Readboundstate  main.o
    0x00001374   0x00000038   Code   RO          129    i.DF_ReadccidFlag   main.o
    0x000013ac   0x00000020   Code   RO          131    i.DF_Write          main.o
    0x000013cc   0x00000038   Code   RO          132    i.DF_WriteCCIDNumber  main.o
    0x00001404   0x00000048   Code   RO          133    i.DF_WriteHour      main.o
    0x0000144c   0x00000048   Code   RO          137    i.DF_WriteccidFlag  main.o
    0x00001494   0x00000010   Code   RO          139    i.Delay_1ms         main.o
    0x000014a4   0x00000014   Code   RO          140    i.Delay_Ms          main.o
    0x000014b8   0x0000001c   Code   RO          141    i.EEPROMread_CCIDNumber  main.o
    0x000014d4   0x00000030   Code   RO          142    i.EEPROMread_Hous   main.o
    0x00001504   0x00000018   Code   RO          145    i.EEPROMread_boundstate  main.o
    0x0000151c   0x00000018   Code   RO          146    i.EEPROMread_ccidFlag  main.o
    0x00001534   0x0000001c   Code   RO          147    i.EEPROMwrite_CCIDNumber  main.o
    0x00001550   0x00000020   Code   RO          148    i.EEPROMwrite_Hours  main.o
    0x00001570   0x0000001c   Code   RO          152    i.EEPROMwrite_ccidFlag  main.o
    0x0000158c   0x00000024   Code   RO          153    i.EINT0_IRQHandler  main.o
    0x000015b0   0x000000b4   Code   RO          155    i.FrameLengthToASC  main.o
    0x00001664   0x00000080   Code   RO          156    i.GPAB_IRQHandler   main.o
    0x000016e4   0x0000001a   Code   RO         1328    i.GPIO_EnableInt    gpio.o
    0x000016fe   0x00000002   PAD
    0x00001700   0x000002b0   Code   RO          157    i.GPIO_INIT         main.o
    0x000019b0   0x00000028   Code   RO         1329    i.GPIO_SetMode      gpio.o
    0x000019d8   0x0000001a   Code   RO         1445    i.GetFreeIF         can.o
    0x000019f2   0x0000003c   Code   RO          159    i.Get_Data          main.o
    0x00001a2e   0x00000002   PAD
    0x00001a30   0x000001c4   Code   RO          160    i.GprsConnectTcp    main.o
    0x00001bf4   0x00000014   Code   RO          162    i.GprsSendComm      main.o
    0x00001c08   0x000000e0   Code   RO          163    i.GprsSendControlState  main.o
    0x00001ce8   0x00000148   Code   RO          164    i.GprsSendData      main.o
    0x00001e30   0x000000e4   Code   RO          165    i.GprsSendJMRp      main.o
    0x00001f14   0x000000e4   Code   RO          166    i.GprsSendRp        main.o
    0x00001ff8   0x00000018   Code   RO          167    i.GprsSendhex       main.o
    0x00002010   0x00000090   Code   RO          175    i.NETERROR_SEND     main.o
    0x000020a0   0x00000014   Code   RO          176    i.NVIC_EnableIRQ    main.o
    0x000020b4   0x00000014   Code   RO         1007    i.NVIC_EnableIRQ    uart.o
    0x000020c8   0x00000034   Code   RO          177    i.Read_ADC          main.o
    0x000020fc   0x00000010   Code   RO          179    i.SIMCardChangeAlarmFun  main.o
    0x0000210c   0x000000b0   Code   RO          180    i.SPN_Display       main.o
    0x000021bc   0x000000a0   Code   RO          181    i.SYS_Init          main.o
    0x0000225c   0x0000000e   Code   RO         1132    i.SYS_ResetChip     sys.o
    0x0000226a   0x0000001a   Code   RO         1133    i.SYS_ResetModule   sys.o
    0x00002284   0x00000020   Code   RO          182    i.SYS_UnlockReg     main.o
    0x000022a4   0x0000002c   Code   RO          185    i.Send_changepage   main.o
    0x000022d0   0x00000030   Code   RO          190    i.Send_data         main.o
    0x00002300   0x00000038   Code   RO          191    i.Send_longdata     main.o
    0x00002338   0x00000090   Code   RO           12    i.SystemCoreClockUpdate  system_nuc131.o
    0x000023c8   0x00000002   Code   RO           13    i.SystemInit        system_nuc131.o
    0x000023ca   0x00000002   PAD
    0x000023cc   0x00000040   Code   RO          193    i.TIMER0_Init       main.o
    0x0000240c   0x00000040   Code   RO          195    i.TIMER2_Init       main.o
    0x0000244c   0x00000044   Code   RO          196    i.TIMER3_Init       main.o
    0x00002490   0x0000006c   Code   RO         1365    i.TIMER_GetModuleClock  timer.o
    0x000024fc   0x00000064   Code   RO         1366    i.TIMER_Open        timer.o
    0x00002560   0x000000b0   Code   RO          197    i.TMR0_IRQHandler   main.o
    0x00002610   0x0000000c   Code   RO          198    i.TMR1_IRQHandler   main.o
    0x0000261c   0x00000188   Code   RO          199    i.TMR2_IRQHandler   main.o
    0x000027a4   0x00000024   Code   RO          200    i.TMR3_IRQHandler   main.o
    0x000027c8   0x00000188   Code   RO          201    i.UART02_IRQHandler  main.o
    0x00002950   0x00000060   Code   RO          202    i.UART0_Init        main.o
    0x000029b0   0x00000114   Code   RO          203    i.UART1_IRQHandler  main.o
    0x00002ac4   0x0000004c   Code   RO          204    i.UART1_Init        main.o
    0x00002b10   0x00000028   Code   RO          205    i.UART2_Init        main.o
    0x00002b38   0x00000008   Code   RO         1011    i.UART_DisableInt   uart.o
    0x00002b40   0x00000054   Code   RO         1013    i.UART_EnableInt    uart.o
    0x00002b94   0x00000088   Code   RO         1014    i.UART_Open         uart.o
    0x00002c1c   0x00000016   Code   RO         1020    i.UART_SetTimeoutCnt  uart.o
    0x00002c32   0x0000003c   Code   RO          207    i.VerifyGps         main.o
    0x00002c6e   0x00000002   PAD
    0x00002c70   0x0000001c   Code   RO         1728    i.WDT_Open          wdt.o
    0x00002c8c   0x00000014   Code   RO          208    i.WaiBuDianYuanPowerOffFun  main.o
    0x00002ca0   0x00000040   Code   RO          209    i._PutChar_f        main.o
    0x00002ce0   0x00000030   Code   RO          210    i._PutChar_f1       main.o
    0x00002d10   0x0000001a   Code   RO          927    i.__ARM_common_switch8  main.o
    0x00002d2a   0x0000000e   Code   RO         1782    i.__scatterload_copy  mc_p.l(handlers.o)(mc_p.l)
    0x00002d38   0x00000002   Code   RO         1783    i.__scatterload_null  mc_p.l(handlers.o)(mc_p.l)
    0x00002d3a   0x0000000e   Code   RO         1784    i.__scatterload_zeroinit  mc_p.l(handlers.o)(mc_p.l)
    0x00002d48   0x0000045c   Code   RO          218    i.jwdcap            main.o
    0x000031a4   0x00000bd0   Code   RO          221    i.main              main.o
    0x00003d74   0x0000003c   Code   RO          226    i.sns_read          main.o
    0x00003db0   0x00000048   Code   RO          227    i.startingup        main.o
    0x00003df8   0x0000001c   Code   RO          228    i.sysPrintf1        main.o
    0x00003e14   0x000000cc   Code   RO          229    i.uart2TOpfnCallback  main.o
    0x00003ee0   0x000000cc   Code   RO          230    i.uart2pfnCallback  main.o
    0x00003fac   0x00000044   Code   RO          231    i.uartTOpfnCallback  main.o
    0x00003ff0   0x00000044   Code   RO          233    i.uartpfnCallback   main.o
    0x00004034   0x000001ac   Data   RO          243    .constdata          main.o
    0x000041e0   0x00000030   Data   RO         1022    .constdata          uart.o
    0x00004210   0x00000030   Data   RO         1217    .constdata          clk.o
    0x00004240   0x00000020   Data   RO         1367    .constdata          timer.o
    0x00004260   0x000000bf   Data   RO          244    .conststring        main.o
    0x0000431f   0x00000001   PAD
    0x00004320   0x00000020   Data   RO         1780    Region$$Table       anon$$obj.o


    Execution Region ER_RW (Base: 0x20000000, Size: 0x00000234, Max: 0xffffffff, ABSOLUTE)

    Base Addr    Size         Type   Attr      Idx    E Section Name        Object

    0x20000000   0x0000002c   Data   RW           14    .data               system_nuc131.o
    0x2000002c   0x00000004   PAD
    0x20000030   0x00000204   Data   RW          245    .data               main.o


    Execution Region ER_ZI (Base: 0x20000234, Size: 0x00000e7c, Max: 0xffffffff, ABSOLUTE)

    Base Addr    Size         Type   Attr      Idx    E Section Name        Object

    0x20000234   0x00000004   PAD
    0x20000238   0x00000a78   Zero   RW          235    .bss                main.o
    0x20000cb0   0x00000400   Zero   RW            1    STACK               startup_nuc131.o


==============================================================================

Image component sizes


      Code (inc. data)   RO Data    RW Data    ZI Data      Debug   Object Name

        36          8          0          0          0          0   adc.o
       878         12          0          0          0          0   can.o
       812        110         48          0          0          0   clk.o
        66          0          0          0          0          0   gpio.o
     12966       1292        619        516       2680          0   main.o
        76         32        192          0       1024          0   startup_nuc131.o
        40          0          0          0          0          0   sys.o
       146         26          0         44          0          0   system_nuc131.o
       208         34         32          0          0          0   timer.o
       358         62         48          0          0          0   uart.o
        28          6          0          0          0          0   wdt.o

    ----------------------------------------------------------------------
     15630       1582        972        564       3708          0   Object Totals
         0          0         32          0          0          0   (incl. Generated)
        16          0          1          4          4          3   (incl. Padding)

    ----------------------------------------------------------------------

      Code (inc. data)   RO Data    RW Data    ZI Data      Debug   Library Member Name

         0          0          0          0          0          0   entry.o
         8          4          0          0          0          0   entry2.o
         4          0          0          0          0          0   entry5.o
         8          4          0          0          0          0   entry7.o
        30          0          0          0          0          0   handlers.o
        40          0          0          0          0          0   idiv.o
        36          8          0          0          0          0   init.o
       122          0          0          0          0          0   llmul.o
        32          0          0          0          0          0   llshl.o
        34          0          0          0          0          0   llushr.o
        26          0          0          0          0          0   memcmp.o
        36          0          0          0          0          0   memcpya.o
        38          0          0          0          0          0   memseta.o
        16          0          0          0          0          0   strlen.o
        44          0          0          0          0          0   strstr.o
        44          0          0          0          0          0   uidiv.o
        96          0          0          0          0          0   uldiv.o

    ----------------------------------------------------------------------
       614         16          0          0          0          0   Library Totals
         0          0          0          0          0          0   (incl. Padding)

    ----------------------------------------------------------------------

      Code (inc. data)   RO Data    RW Data    ZI Data      Debug   Library Name

       614         16          0          0          0        880   mc_p.l

    ----------------------------------------------------------------------
       614         16          0          0          0          0   Library Totals

    ----------------------------------------------------------------------

==============================================================================


      Code (inc. data)   RO Data    RW Data    ZI Data      Debug   

     16244       1598        972        564       3708     399540   Grand Totals
     16244       1598        972        564       3708     399540   ELF Image Totals
     16244       1598        972        564          0          0   ROM Totals

==============================================================================

    Total RO  Size (Code + RO Data)                17216 (  16.81kB)
    Total RW  Size (RW Data + ZI Data)              4272 (   4.17kB)
    Total ROM Size (Code + RO Data + RW Data)      17780 (  17.36kB)

==============================================================================

